[doi] mey2020_bestpractices            HIT    CONFIRMED   10.33011/livecoms.2.1.18378
[doi] hahn2022_benchmarks              HIT    CONFIRMED   10.33011/livecoms.4.1.1497
[doi] coveney2016_pccp                 HIT    CONFIRMED   10.1039/C6CP02349E
[doi] bhati2017_ties                   HIT    CONFIRMED   10.1021/acs.jctc.6b00979
[doi] bhati2022_largescale             HIT    WRONG-PAPER 10.1021/acs.jctc.1c00669
[doi] loeffler2018_repro               HIT    CONFIRMED   10.1021/acs.jctc.8b00544
[doi] wang2015_fepplus                 HIT    CONFIRMED   10.1021/ja512751q
[doi] schindler2020_merck              HIT    CONFIRMED   10.1021/acs.jcim.0c00900
[doi] gapsys2020_chemsci               HIT    CONFIRMED   10.1039/C9SC03754C
[doi] ross2023_maximal                 HIT    CONFIRMED   10.1038/s42004-023-01019-9
[doi] kuhn2020_bi                      HIT    CONFIRMED   10.1021/acs.jcim.0c00165
[doi] cournia2017_rbfe                 HIT    CONFIRMED   10.1021/acs.jcim.7b00564
[doi] cournia2020_rigorous             HIT    CONFIRMED   10.1021/acs.jcim.0c00116
[doi] liu2013_lomap                    HIT    CONFIRMED   10.1007/s10822-013-9678-y
[doi] xu2019_diffnet                   HIT    CONFIRMED   10.1021/acs.jcim.9b00528
[doi] wang2013_fep_rest                HIT    CONFIRMED   10.1021/ct300911a
[doi] gowers2023_openfe                MISS   N/A         10.1021/acs.jcim.3c01438
[doi] hahn2024_openfe                  MISS   N/A         10.26434/chemrxiv-2024-6h4vd
[doi] bhati2022_largescale_real        HIT    CONFIRMED   10.1021/acs.jctc.1c01288
[doi] bhati2021_largescale_preprint    HIT    CONFIRMED   10.26434/chemrxiv-2021-zdzng
[doi] uq_alchemical                    HIT    CONFIRMED   10.1021/acs.jctc.7b01143
[doi] ties20                           HIT    CONFIRMED   10.1021/acs.jcim.2c01596
[doi] hysteresis1993                   HIT    CONFIRMED   10.1080/08927029308022167
[doi] baumann2023_cycleclosure         HIT    UNCHECKED   10.1021/acs.jctc.3c00282
[search] Best Practices for Alchemical Free Energy Calculations       -> Alchemical Binding Free Energy Calculations in AMBER20: Advances and B
[search] Best practices for constructing preparing and evaluating pro -> Best Practices for Constructing, Preparing, and Evaluating Protein-Lig
[search] Accurate and Reliable Prediction of Relative Ligand Binding  -> Faculty Opinions recommendation of Accurate and reliable prediction of
[search] Large-Scale Assessment of Binding Free Energy Calculations i -> Large-Scale Assessment of Binding Free Energy Calculations in Active D
[search] Large scale relative protein ligand binding affinities using -> Large scale relative protein ligand binding affinities using non-equil
[search] maximal and current accuracy of rigorous protein-ligand bind -> The maximal and current accuracy of rigorous protein-ligand binding fr
[search] Rapid Accurate Precise Reliable Relative Free Energy Predict -> Rapid, Accurate, Precise, and Reliable Relative Free Energy Prediction
[search] Large Scale Study of Ligand-Protein Relative Binding Free En -> Large Scale Study of Ligand-Protein Relative Binding Free Energy Calcu
[search] Reproducibility of Free Energy Calculations across Different -> Reproducibility of Free Energy Calculations across Different Molecular
[search] Lead optimization mapper automating free energy calculations -> Lead optimization mapper: automating free energy calculations for lead
[search] Optimal Measurement Network of Pairwise Differences          -> Precise Binding Free Energy Calculations for Multiple Molecules Using 
[search] Relative Binding Free Energy Calculations in Drug Discovery  -> Faculty Opinions recommendation of Relative binding free energy calcul
[search] open free energy consortium industry benchmark relative bind -> TIES 2.0: A Dual-Topology Open Source Relative Binding Free Energy Bui
[search] cycle closure correction free energy perturbation map hyster -> Free Energy Perturbation
[search] how many repeats independent replicas alchemical binding fre -> Uncertainty Quantification in Alchemical Free Energy Methods
[fetch] openfe_doc_rhtp                    HTTP  200    14129 chars
[fetch] openfe_doc_rhtp_latest             HTTP  200    14439 chars
[fetch] openfe_doc_defining_protocols      HTTP  200     5047 chars
[fetch] openfe_doc_choose_protocol         HTTP  200    15633 chars
[fetch] openfe_doc_api_openmm_rfe          HTTP  200    10656 chars
[fetch] openfe_doc_rbfe_tutorial           HTTP  200    14860 chars
[fetch] openfe_doc_septop                  HTTP  200    12685 chars
[fetch] openfe_doc_absolutesolvation       HTTP  200     8136 chars
[fetch] openfe_src_equil_rfe_settings      HTTP  404        0 chars
[fetch] openfe_src_omm_settings            HTTP  404        0 chars
[fetch] openfe_src_equil_rfe_method        HTTP  404        0 chars
[fetch] gufe_src_settings                  HTTP  404        0 chars
[fetch] cinnabar_readme                    HTTP  200     1944 chars
[fetch] cinnabar_stats                     HTTP  200    11648 chars
[fetch] cinnabar_femap                     HTTP  200    43358 chars
[fetch] openfe_benchmarks_readme           HTTP  200     1778 chars
[fetch] openfe_gh_api_rfe_dir              HTTP  404        0 chars
[fetch] mey2020_arxiv_abs                  HTTP  200     6181 chars
[fetch] mey2020_livecoms                   HTTP   -1        0 chars
[fetch] hahn2022_livecoms_search           HTTP   -1        0 chars
[fetch] gapsys2020_rsc                     HTTP  403        0 chars
[fetch] ross2023_nature                    HTTP  200      357 chars
[fetch] coveney2016_rsc                    HTTP  403        0 chars

[summary] DOIs resolved 22/24; CITABLE (resolved AND identity confirmed) 20: ['bhati2017_ties', 'bhati2021_largescale_preprint', 'bhati2022_largescale_real', 'cournia2017_rbfe', 'cournia2020_rigorous', 'coveney2016_pccp', 'gapsys2020_chemsci', 'hahn2022_benchmarks', 'hysteresis1993', 'kuhn2020_bi', 'liu2013_lomap', 'loeffler2018_repro', 'mey2020_bestpractices', 'ross2023_maximal', 'schindler2020_merck', 'ties20', 'uq_alchemical', 'wang2013_fep_rest', 'wang2015_fepplus', 'xu2019_diffnet']
[summary] unresolved (DO NOT CITE): ['gowers2023_openfe', 'hahn2024_openfe']
[summary] resolved but WRONG PAPER (DO NOT CITE): ['bhati2022_largescale']
[summary] resolved, identity UNCHECKED (confirm before citing): ['baumann2023_cycleclosure']
[summary] full-text/doc fetches OK 14/23
