Output: research\autonomy\ipd-published-baselines-2026-09-06\development\n40-hazard-b-0.32-sparse-result.json 
$IPDfromKM
$IPDfromKM$status
[1] "success"

$IPDfromKM$logrank_p
[1] 0.06902922

$IPDfromKM$<NA>
NULL

$IPDfromKM$warnings
character(0)

$IPDfromKM$elapsed_seconds
[1] 0.11


$CIFresolve
$CIFresolve$status
[1] "failure"

$CIFresolve$<NA>
NULL

$CIFresolve$error
[1] "invalid 'times' argument"

$CIFresolve$warnings
[1] "longer object length is not a multiple of shorter object length"

$CIFresolve$elapsed_seconds
[1] 0.02


During startup - Warning messages:
1: Setting LC_COLLATE=C.UTF-8 failed 
2: Setting LC_CTYPE=C.UTF-8 failed 
3: Setting LC_MONETARY=C.UTF-8 failed 
4: Setting LC_TIME=C.UTF-8 failed 
