{
  "sheets": [
    {
      "sheet": "EMC_Gene-expression_Log2CPM",
      "state": "visible",
      "dimension": "A1:M9501",
      "rows_including_header": 9501,
      "columns": 13,
      "header": [
        {
          "cell": "A1",
          "value": "symbol"
        },
        {
          "cell": "B1",
          "value": "Si01"
        },
        {
          "cell": "C1",
          "value": "Si02"
        },
        {
          "cell": "D1",
          "value": "Si05"
        },
        {
          "cell": "E1",
          "value": "Si09"
        },
        {
          "cell": "F1",
          "value": "Si10"
        },
        {
          "cell": "G1",
          "value": "Si14"
        },
        {
          "cell": "H1",
          "value": "Si15"
        },
        {
          "cell": "I1",
          "value": "Si16"
        },
        {
          "cell": "J1",
          "value": "Si17"
        },
        {
          "cell": "K1",
          "value": "Si19"
        },
        {
          "cell": "L1",
          "value": "Si20"
        },
        {
          "cell": "M1",
          "value": "Si22"
        }
      ],
      "gene_rows": 9500,
      "unique_symbols": 9500,
      "duplicate_symbols": {},
      "empty_symbol_rows": 0,
      "cell_types": {
        "s": 9507,
        "n": 114006
      },
      "formulas": [],
      "errors": [],
      "comments": [],
      "merged_ranges": [],
      "numeric_values": 114000,
      "missing_values": 0,
      "nonfinite_values": 0,
      "noninteger_values": 114000,
      "negative_values": 2894
    }
  ],
  "panel": [
    [
      "CHRNA6",
      1
    ],
    [
      "CD276",
      1
    ],
    [
      "SSTR2",
      1
    ],
    [
      "PRAME",
      0
    ],
    [
      "FAP",
      1
    ],
    [
      "CD248",
      1
    ],
    [
      "CSPG4",
      1
    ],
    [
      "MSLN",
      1
    ],
    [
      "L1CAM",
      0
    ],
    [
      "GPC3",
      0
    ],
    [
      "ALPP",
      0
    ],
    [
      "CDH17",
      0
    ]
  ],
  "validation": {
    "all_nonempty_cells_compared": 123513,
    "result": "passed"
  }
}
