{
  "independent_no_oracle_import": true,
  "labelled_enumerations": {
    "wide": {
      "slots": [
        "1/5",
        "2/5",
        "3/5",
        "4/5",
        "1",
        "6/5",
        "7/5",
        "8/5",
        "9/5",
        "2",
        "11/5",
        "12/5",
        "13/5",
        "14/5",
        "3"
      ],
      "unfiltered_labelled_assignments": 50625,
      "feasible_labelled_assignments": 9025,
      "distinct_uv": 5,
      "full_uv_set_equal": true
    },
    "exact_boundary": {
      "slots": [
        "3/10",
        "3/5",
        "9/10",
        "6/5",
        "3/2",
        "9/5",
        "21/10",
        "12/5",
        "27/10",
        "3"
      ],
      "unfiltered_labelled_assignments": 10000,
      "feasible_labelled_assignments": 25,
      "distinct_uv": 1,
      "full_uv_set_equal": true
    }
  },
  "original_checks": [
    {
      "case": "wide",
      "label": "original",
      "u": "1/6",
      "variance": "17/36",
      "q": "1/17",
      "p_display": 0.8083651559145102,
      "contained": true
    },
    {
      "case": "wide",
      "label": "censor_before_other_event",
      "u": "1/2",
      "variance": "1/4",
      "q": "1",
      "p_display": 0.31731050786291404,
      "contained": true
    },
    {
      "case": "wide",
      "label": "event_tie",
      "u": "0",
      "variance": "1/3",
      "q": "0",
      "p_display": 1.0,
      "contained": true
    },
    {
      "case": "wide",
      "label": "event_censor_tie",
      "u": "1/6",
      "variance": "17/36",
      "q": "1/17",
      "p_display": 0.8083651559145102,
      "contained": true
    },
    {
      "case": "exact_boundary",
      "label": "at_boundary",
      "u": "0",
      "variance": "1/3",
      "q": "0",
      "p_display": 1.0,
      "contained": true
    },
    {
      "case": "unknown_events",
      "label": "original",
      "u": "1/6",
      "variance": "17/36",
      "q": "1/17",
      "p_display": 0.8083651559145102,
      "contained": true
    },
    {
      "case": "n3_boundary",
      "label": "original",
      "u": "0",
      "variance": "2/5",
      "q": "0",
      "p_display": 1.0,
      "contained": true
    }
  ],
  "all_returned_witnesses_checked": 22,
  "ordered_individually_feasible_but_jointly_impossible": true,
  "forced_limits": [
    {
      "node_limit": 1,
      "universal_bounds": true,
      "nonempty_proven": false
    },
    {
      "node_limit": 100,
      "universal_bounds": true,
      "nonempty_proven": false
    }
  ],
  "malformed_box_rejected": true,
  "elapsed_seconds": 0.6361820000020089
}
