preflight: Windows shell detected; skipping Linux dev-setup. Provision gate dependencies separately.
-- interpreter --
   pytest: python3 -m pytest (sees the repository's dependencies)
   OK   every probed package imports
== lint_consistency ==
lint_consistency: 0 ERROR across 29 target file(s)
   OK
== systems model (invariants, pointers, view drift) ==
   OK
== EMC systems map (disputed identities, claim artifacts, view drift) ==
   OK
== claim strength (R1-R5: selectivity, efficacy, safety, window, readiness) ==
   OK
== changed prose (a qualifier dropped by an edit) ==
lint_changed_prose: 0 changed passage(s) over the working tree
   OK
== citation provenance and publication type (every prose identifier traces to a fetch or to the ledger; every claim of TYPE agrees with PubMed) ==
lint_citations: 1230 prose identifier(s), 100 unanchored, 237 in ledger (known_absent_upstream=1, unverified_at_baseline=143, verified=93)
lint_citation_types: ADVISORY (exit code unaffected) research/modalities/nr4a3-druggability-reconciliation.md:69 cites a paper PubMed types as a Retracted Publication — [PubMed: 40646688 Orphan nuclear receptor transcription factors as drug target (Transcription 2025) types=['Journal Article', 'Review', 'Research Support, N.I.H., Extramural', 'Retracted Publication'] doi=https://doi.org/10.1080/21541264.2025.2521766]
lint_citation_types: 26 type claim(s) checked against 13 cached record(s), 0 error(s), 1 retraction advisory(ies)
lint_citation_types: RETRACTION (advisory, exit code unaffected) DOI 10.1080/21541264.2025.2521766 is cited in research/autonomy/sprint-2026-09-01/S27-RETRACTIONS.md, research/manuscripts/degrader/nr4a3-degrader-paper.md, research/modalities/nr4a3-druggability-reconciliation.md and PubMed types it ['Journal Article', 'Review', 'Research Support, N.I.H., Extramural', 'Retracted Publication']; ACKNOWLEDGED — see the `acknowledged` row for this file in research\manuscripts\citation-retraction-sweep.json — [PubMed: 40646688 Orphan nuclear receptor transcription factors as drug target (Transcription 2025) doi=https://doi.org/10.1080/21541264.2025.2521766]
lint_citation_types: RETRACTION (advisory, exit code unaffected) DOI 10.1155/2022/2896049 is cited in research/autonomy/sprint-2026-09-01/S27-RETRACTIONS.md, research/manuscripts/no-wet-lab-publication-archetypes.md and PubMed types it ['Journal Article', 'Retracted Publication']; ACKNOWLEDGED — see the `acknowledged` row for this file in research\manuscripts\citation-retraction-sweep.json — [PubMed: 36062197 Network Pharmacology, Molecular Docking, and Experimental Va (Oxid Med Cell Longev 2022) doi=https://doi.org/10.1155/2022/2896049]
lint_citation_types: RETRACTION (advisory, exit code unaffected) PMCID PMC12263127 is cited in research/autonomy/sprint-2026-09-01/S27-RETRACTIONS.md, research/manuscripts/degrader/nr4a3-degrader-paper.md, research/modalities/nr4a3-druggability-reconciliation.md and PubMed types it ['Journal Article', 'Review', 'Research Support, N.I.H., Extramural', 'Retracted Publication']; ACKNOWLEDGED — see the `acknowledged` row for this file in research\manuscripts\citation-retraction-sweep.json — [PubMed: 40646688 Orphan nuclear receptor transcription factors as drug target (Transcription 2025) doi=https://doi.org/10.1080/21541264.2025.2521766]
lint_citation_types: RETRACTION (advisory, exit code unaffected) PMCID PMC9428684 is cited in research/autonomy/sprint-2026-09-01/S27-RETRACTIONS.md, research/manuscripts/no-wet-lab-publication-archetypes.md and PubMed types it ['Journal Article', 'Retracted Publication']; ACKNOWLEDGED — see the `acknowledged` row for this file in research\manuscripts\citation-retraction-sweep.json — [PubMed: 36062197 Network Pharmacology, Molecular Docking, and Experimental Va (Oxid Med Cell Longev 2022) doi=https://doi.org/10.1155/2022/2896049]
lint_citation_types: RETRACTION (advisory, exit code unaffected) PMID 36062197 is cited in research/manuscripts/no-wet-lab-publication-archetypes.md and PubMed types it ['Journal Article', 'Retracted Publication']; ACKNOWLEDGED — see the `acknowledged` row for this file in research\manuscripts\citation-retraction-sweep.json — [PubMed: 36062197 Network Pharmacology, Molecular Docking, and Experimental Va (Oxid Med Cell Longev 2022) doi=https://doi.org/10.1155/2022/2896049]
lint_citation_types: RETRACTION (advisory, exit code unaffected) PMID 40646688 is cited in research/manuscripts/degrader/nr4a3-degrader-paper.md, research/modalities/nr4a3-druggability-reconciliation.md and PubMed types it ['Journal Article', 'Review', 'Research Support, N.I.H., Extramural', 'Retracted Publication']; ACKNOWLEDGED — see the `acknowledged` row for this file in research\manuscripts\citation-retraction-sweep.json — [PubMed: 40646688 Orphan nuclear receptor transcription factors as drug target (Transcription 2025) doi=https://doi.org/10.1080/21541264.2025.2521766]
lint_citation_types: NOT SWEPT (advisory) ARXIV 2405.01686 in research/autonomy/response-recoverability-2026-09-05/pilot.md has no row in research\manuscripts\citation-retraction-sweep.json — its retraction status is UNKNOWN, which is not the same as clean.
lint_citation_types: NOT SWEPT (advisory) ARXIV 2509.15371 in research/autonomy/ipd-decision-feasibility-2026-09-05/feasibility.md has no row in research\manuscripts\citation-retraction-sweep.json — its retraction status is UNKNOWN, which is not the same as clean.
lint_citation_types: NOT SWEPT (advisory) ARXIV 2511.01785 in research/autonomy/ipd-decision-feasibility-2026-09-05/feasibility.md has no row in research\manuscripts\citation-retraction-sweep.json — its retraction status is UNKNOWN, which is not the same as clean.
lint_citation_types: NOT SWEPT (advisory) ARXIV 2609.00077 in research/method-watch-preprint-pipeline.md has no row in research\manuscripts\citation-retraction-sweep.json — its retraction status is UNKNOWN, which is not the same as clean.
lint_citation_types: NOT SWEPT (advisory) ARXIV 2609.00365 in research/method-watch-preprint-pipeline.md, research/method-watch-trigger-scan.md has no row in research\manuscripts\citation-retraction-sweep.json — its retraction status is UNKNOWN, which is not the same as clean.
lint_citation_types: NOT SWEPT (advisory) ARXIV 2609.01202 in research/autonomy/trial-discoverability-2026-09-05/pilot.md has no row in research\manuscripts\citation-retraction-sweep.json — its retraction status is UNKNOWN, which is not the same as clean.
lint_citation_types: NOT SWEPT (advisory) ARXIV 2609.01357 in research/IDEAS.md, research/method-watch-preprint-pipeline.md, research/method-watch-trigger-scan.md has no row in research\manuscripts\citation-retraction-sweep.json — its retraction status is UNKNOWN, which is not the same as clean.
lint_citation_types: NOT SWEPT (advisory) ARXIV 2609.04170 in research/IDEAS.md, research/method-watch-preprint-pipeline.md, research/method-watch-trigger-scan.md has no row in research\manuscripts\citation-retraction-sweep.json — its retraction status is UNKNOWN, which is not the same as clean.
lint_citation_types: NOT SWEPT (advisory) DOI 10.1002/cncr.20468 in research/autonomy/fusion-benchmark-2026-09-05/feasibility.md, research/autonomy/fusion-source-recovery-2026-09-05/decision.md has no row in research\manuscripts\citation-retraction-sweep.json — its retraction status is UNKNOWN, which is not the same as clean.
lint_citation_types: NOT SWEPT (advisory) DOI 10.1002/cncr.32084 in research/manuscripts/surface-targets/emc-surface-target-landscape-review-response-2026-08-10.md has no row in research\manuscripts\citation-retraction-sweep.json — its retraction status is UNKNOWN, which is not the same as clean.
lint_citation_types: NOT SWEPT (advisory) DOI 10.1002/gcc.20478 in research/modalities/fus-ddit3-prefix-comparison.md has no row in research\manuscripts\citation-retraction-sweep.json — its retraction status is UNKNOWN, which is not the same as clean.
lint_citation_types: NOT SWEPT (advisory) DOI 10.1002/sim.70474 in research/autonomy/ipd-decision-feasibility-2026-09-05/feasibility.md, research/autonomy/ipd-published-baselines-2026-09-06/report.md has no row in research\manuscripts\citation-retraction-sweep.json — its retraction status is UNKNOWN, which is not the same as clean.
lint_citation_types: NOT SWEPT (advisory) DOI 10.1007/s00018-026-06254-6 in research/autonomy/fusion-benchmark-2026-09-05/feasibility.md, research/autonomy/fusion-source-recovery-2026-09-05/decision.md has no row in research\manuscripts\citation-retraction-sweep.json — its retraction status is UNKNOWN, which is not the same as clean.
lint_citation_types: NOT SWEPT (advisory) DOI 10.1007/s00184-021-00807-4 in research/autonomy/ipd-partial-order-prior-art-2026-09-06/memo.md has no row in research\manuscripts\citation-retraction-sweep.json — its retraction status is UNKNOWN, which is not the same as clean.
lint_citation_types: NOT SWEPT (advisory) DOI 10.1007/s10549-014-3019-2 in research/autonomy/fusion-benchmark-2026-09-05/feasibility.md, research/autonomy/fusion-source-recovery-2026-09-05/decision.md has no row in research\manuscripts\citation-retraction-sweep.json — its retraction status is UNKNOWN, which is not the same as clean.
lint_citation_types: NOT SWEPT (advisory) DOI 10.1016/j.jbc.2022.102434 in research/manuscripts/mtap-prmt5/emc-mtap-prmt5-hypothesis-review-response-2026-08-10.md has no row in research\manuscripts\citation-retraction-sweep.json — its retraction status is UNKNOWN, which is not the same as clean.
lint_citation_types: NOT SWEPT (advisory) DOI 10.1016/j.modpat.2024.100464 in research/autonomy/atlas-sample-organ-2026-09-06/report.md has no row in research\manuscripts\citation-retraction-sweep.json — its retraction status is UNKNOWN, which is not the same as clean.
lint_citation_types: NOT SWEPT (advisory) DOI 10.1038/bjc.2016.214 in research/manuscripts/surface-targets/emc-surface-target-landscape-review-response-2026-08-10.md has no row in research\manuscripts\citation-retraction-sweep.json — its retraction status is UNKNOWN, which is not the same as clean.
lint_citation_types: NOT SWEPT (advisory) DOI 10.1038/ng0894-502 in research/autonomy/trial-discoverability-2026-09-05/pilot.md has no row in research\manuscripts\citation-retraction-sweep.json — its retraction status is UNKNOWN, which is not the same as clean.
lint_citation_types: NOT SWEPT (advisory) DOI 10.1038/s41467-024-53081-z in research/autonomy/trial-discoverability-2026-09-05/pilot.md has no row in research\manuscripts\citation-retraction-sweep.json — its retraction status is UNKNOWN, which is not the same as clean.
lint_citation_types: NOT SWEPT (advisory) DOI 10.1038/s41588-025-02268-1 in research/autonomy/escape-emc-source-2026-09-06/decision.md, research/autonomy/portfolio-2026-09-05/escape-source-allocation-2026-09-06.md has no row in research\manuscripts\citation-retraction-sweep.json — its retraction status is UNKNOWN, which is not the same as clean.
lint_citation_types: NOT SWEPT (advisory) DOI 10.1038/s41698-022-00312-5 in research/autonomy/trial-discoverability-2026-09-05/pilot.md has no row in research\manuscripts\citation-retraction-sweep.json — its retraction status is UNKNOWN, which is not the same as clean.
lint_citation_types: NOT SWEPT (advisory) DOI 10.1080/03610926.2021.1952270 in research/autonomy/ipd-partial-order-prior-art-2026-09-06/memo.md has no row in research\manuscripts\citation-retraction-sweep.json — its retraction status is UNKNOWN, which is not the same as clean.
lint_citation_types: NOT SWEPT (advisory) DOI 10.1093/embo-reports/kvd003 in research/autonomy/fusion-benchmark-2026-09-05/feasibility.md has no row in research\manuscripts\citation-retraction-sweep.json — its retraction status is UNKNOWN, which is not the same as clean.
lint_citation_types: NOT SWEPT (advisory) DOI 10.1152/ajpcell.00188.2024 in research/autonomy/fusion-benchmark-2026-09-05/feasibility.md has no row in research\manuscripts\citation-retraction-sweep.json — its retraction status is UNKNOWN, which is not the same as clean.
lint_citation_types: NOT SWEPT (advisory) DOI 10.1158/1078-0432.CCR-11-0145 in research/autonomy/atlas-primary-provenance-2026-09-06/memo.md has no row in research\manuscripts\citation-retraction-sweep.json — its retraction status is UNKNOWN, which is not the same as clean.
lint_citation_types: NOT SWEPT (advisory) DOI 10.1158/1078-0432.CCR-17-1856 in research/autonomy/atlas-primary-provenance-2026-09-06/memo.md has no row in research\manuscripts\citation-retraction-sweep.json — its retraction status is UNKNOWN, which is not the same as clean.
lint_citation_types: NOT SWEPT (advisory) DOI 10.1158/1078-0432.ccr-21-3656 in research/manuscripts/surface-targets/emc-surface-target-landscape-review-response-2026-08-10.md has no row in research\manuscripts\citation-retraction-sweep.json — its retraction status is UNKNOWN, which is not the same as clean.
lint_citation_types: NOT SWEPT (advisory) DOI 10.1159/000204219 in research/autonomy/fusion-benchmark-2026-09-05/feasibility.md has no row in research\manuscripts\citation-retraction-sweep.json — its retraction status is UNKNOWN, which is not the same as clean.
lint_citation_types: NOT SWEPT (advisory) DOI 10.1182/blood-2002-06-1685 in research/autonomy/fusion-benchmark-2026-09-05/feasibility.md has no row in research\manuscripts\citation-retraction-sweep.json — its retraction status is UNKNOWN, which is not the same as clean.
lint_citation_types: NOT SWEPT (advisory) DOI 10.1182/blood-2005-03-1283 in research/autonomy/fusion-benchmark-2026-09-05/feasibility.md has no row in research\manuscripts\citation-retraction-sweep.json — its retraction status is UNKNOWN, which is not the same as clean.
lint_citation_types: NOT SWEPT (advisory) DOI 10.1186/s12874-020-01092-x in research/autonomy/ipd-decision-feasibility-2026-09-05/feasibility.md has no row in research\manuscripts\citation-retraction-sweep.json — its retraction status is UNKNOWN, which is not the same as clean.
lint_citation_types: NOT SWEPT (advisory) DOI 10.1186/s12874-021-01308-8 in research/autonomy/ipd-decision-feasibility-2026-09-05/feasibility.md has no row in research\manuscripts\citation-retraction-sweep.json — its retraction status is UNKNOWN, which is not the same as clean.
lint_citation_types: NOT SWEPT (advisory) DOI 10.1196/annals.1281.017 in research/autonomy/fusion-benchmark-2026-09-05/feasibility.md has no row in research\manuscripts\citation-retraction-sweep.json — its retraction status is UNKNOWN, which is not the same as clean.
lint_citation_types: NOT SWEPT (advisory) DOI 10.32388/VL3LJR.2 in research/manuscripts/aso/fusion-junction-aso-cover-letter.md, research/release-candidates/PUB-ASO/2026-09-04/submission/cover-letter.md has no row in research\manuscripts\citation-retraction-sweep.json — its retraction status is UNKNOWN, which is not the same as clean.
lint_citation_types: NOT SWEPT (advisory) DOI 10.5287/ora-avzqyvz9q in research/autonomy/fusion-benchmark-2026-09-05/feasibility.md, research/autonomy/fusion-source-recovery-2026-09-05/decision.md has no row in research\manuscripts\citation-retraction-sweep.json — its retraction status is UNKNOWN, which is not the same as clean.
lint_citation_types: NOT SWEPT (advisory) DOI 10.7759/cureus.109744 in research/autonomy/trial-discoverability-2026-09-05/pilot.md has no row in research\manuscripts\citation-retraction-sweep.json — its retraction status is UNKNOWN, which is not the same as clean.
lint_citation_types: NOT SWEPT (advisory) GEO GSM600935 in research/modalities/surface-address-sensitivity.md has no row in research\manuscripts\citation-retraction-sweep.json — its retraction status is UNKNOWN, which is not the same as clean.
lint_citation_types: NOT SWEPT (advisory) GEO GSM600937 in research/modalities/surface-address-sensitivity.md has no row in research\manuscripts\citation-retraction-sweep.json — its retraction status is UNKNOWN, which is not the same as clean.
lint_citation_types: NOT SWEPT (advisory) GEO GSM600938 in research/modalities/surface-address-sensitivity.md has no row in research\manuscripts\citation-retraction-sweep.json — its retraction status is UNKNOWN, which is not the same as clean.
lint_citation_types: NOT SWEPT (advisory) GEO GSM715467 in research/modalities/atlas-independent-normal-feasibility.md has no row in research\manuscripts\citation-retraction-sweep.json — its retraction status is UNKNOWN, which is not the same as clean.
lint_citation_types: NOT SWEPT (advisory) GEO GSM715470 in research/modalities/atlas-independent-normal-feasibility.md has no row in research\manuscripts\citation-retraction-sweep.json — its retraction status is UNKNOWN, which is not the same as clean.
lint_citation_types: NOT SWEPT (advisory) GEO GSM715472 in research/modalities/atlas-independent-normal-feasibility.md has no row in research\manuscripts\citation-retraction-sweep.json — its retraction status is UNKNOWN, which is not the same as clean.
lint_citation_types: NOT SWEPT (advisory) GEO GSM89883 in research/manuscripts/mtap-prmt5/emc-mtap-prmt5-decline-review-statistics-2026-08-10.md has no row in research\manuscripts\citation-retraction-sweep.json — its retraction status is UNKNOWN, which is not the same as clean.
lint_citation_types: NOT SWEPT (advisory) GEO GSM89924 in research/manuscripts/mtap-prmt5/emc-mtap-prmt5-decline-review-statistics-2026-08-10.md has no row in research\manuscripts\citation-retraction-sweep.json — its retraction status is UNKNOWN, which is not the same as clean.
lint_citation_types: NOT SWEPT (advisory) GEO GSM91381 in research/manuscripts/mtap-prmt5/emc-mtap-prmt5-decline-review-statistics-2026-08-10.md has no row in research\manuscripts\citation-retraction-sweep.json — its retraction status is UNKNOWN, which is not the same as clean.
lint_citation_types: NOT SWEPT (advisory) GEO GSM91397 in research/modalities/surface-address-sensitivity.md has no row in research\manuscripts\citation-retraction-sweep.json — its retraction status is UNKNOWN, which is not the same as clean.
lint_citation_types: NOT SWEPT (advisory) GEO GSM91405 in research/manuscripts/mtap-prmt5/emc-mtap-prmt5-decline-review-statistics-2026-08-10.md, research/modalities/surface-address-sensitivity.md has no row in research\manuscripts\citation-retraction-sweep.json — its retraction status is UNKNOWN, which is not the same as clean.
lint_citation_types: NOT SWEPT (advisory) GEO GSM98495 in research/manuscripts/mtap-prmt5/emc-mtap-prmt5-decline-review-statistics-2026-08-10.md has no row in research\manuscripts\citation-retraction-sweep.json — its retraction status is UNKNOWN, which is not the same as clean.
lint_citation_types: NOT SWEPT (advisory) GEO GSM98499 in research/manuscripts/mtap-prmt5/emc-mtap-prmt5-decline-review-response-2026-08-10.md has no row in research\manuscripts\citation-retraction-sweep.json — its retraction status is UNKNOWN, which is not the same as clean.
lint_citation_types: NOT SWEPT (advisory) GEO GSM98510 in research/modalities/surface-address-sensitivity.md has no row in research\manuscripts\citation-retraction-sweep.json — its retraction status is UNKNOWN, which is not the same as clean.
lint_citation_types: NOT SWEPT (advisory) GEO GSM98513 in research/manuscripts/mtap-prmt5/emc-mtap-prmt5-decline-review-statistics-2026-08-10.md has no row in research\manuscripts\citation-retraction-sweep.json — its retraction status is UNKNOWN, which is not the same as clean.
lint_citation_types: NOT SWEPT (advisory) NCT NCT00066222 in research/autonomy/response-recoverability-2026-09-05/pilot.md has no row in research\manuscripts\citation-retraction-sweep.json — its retraction status is UNKNOWN, which is not the same as clean.
lint_citation_types: NOT SWEPT (advisory) NCT NCT00183820 in research/autonomy/response-recoverability-2026-09-05/pilot.md has no row in research\manuscripts\citation-retraction-sweep.json — its retraction status is UNKNOWN, which is not the same as clean.
lint_citation_types: NOT SWEPT (advisory) NCT NCT00298896 in research/autonomy/response-recoverability-2026-09-05/pilot.md has no row in research\manuscripts\citation-retraction-sweep.json — its retraction status is UNKNOWN, which is not the same as clean.
lint_citation_types: NOT SWEPT (advisory) NCT NCT00301067 in research/autonomy/response-recoverability-2026-09-05/pilot.md has no row in research\manuscripts\citation-retraction-sweep.json — its retraction status is UNKNOWN, which is not the same as clean.
lint_citation_types: NOT SWEPT (advisory) NCT NCT00389805 in research/autonomy/response-recoverability-2026-09-05/pilot.md has no row in research\manuscripts\citation-retraction-sweep.json — its retraction status is UNKNOWN, which is not the same as clean.
lint_citation_types: NOT SWEPT (advisory) NCT NCT00600340 in research/autonomy/response-recoverability-2026-09-05/pilot.md has no row in research\manuscripts\citation-retraction-sweep.json — its retraction status is UNKNOWN, which is not the same as clean.
lint_citation_types: NOT SWEPT (advisory) NCT NCT00601003 in research/autonomy/portfolio-2026-09-05/response-protocol-allocation-2026-09-06.md, research/autonomy/response-protocol-decision-2026-09-06/decision.md, research/autonomy/response-protocol-decision-2026-09-06/frozen-source-rules.md, research/autonomy/response-recoverability-2026-09-05/pilot.md has no row in research\manuscripts\citation-retraction-sweep.json — its retraction status is UNKNOWN, which is not the same as clean.
lint_citation_types: NOT SWEPT (advisory) NCT NCT00756509 in research/autonomy/response-recoverability-2026-09-05/pilot.md has no row in research\manuscripts\citation-retraction-sweep.json — its retraction status is UNKNOWN, which is not the same as clean.
lint_citation_types: NOT SWEPT (advisory) NCT NCT00858117 in research/autonomy/response-recoverability-2026-09-05/pilot.md has no row in research\manuscripts\citation-retraction-sweep.json — its retraction status is UNKNOWN, which is not the same as clean.
lint_citation_types: NOT SWEPT (advisory) NCT NCT02275286 in research/autonomy/trial-reference-expansion-comparators-2026-09-05/README.md has no row in research\manuscripts\citation-retraction-sweep.json — its retraction status is UNKNOWN, which is not the same as clean.
lint_citation_types: NOT SWEPT (advisory) NCT NCT02440464 in research/autonomy/response-recoverability-2026-09-05/pilot.md has no row in research\manuscripts\citation-retraction-sweep.json — its retraction status is UNKNOWN, which is not the same as clean.
lint_citation_types: NOT SWEPT (advisory) NCT NCT03016819 in research/autonomy/trial-reference-expansion-comparators-2026-09-05/README.md has no row in research\manuscripts\citation-retraction-sweep.json — its retraction status is UNKNOWN, which is not the same as clean.
lint_citation_types: NOT SWEPT (advisory) NCT NCT04009681 in research/autonomy/portfolio-2026-09-05/recommendation.md has no row in research\manuscripts\citation-retraction-sweep.json — its retraction status is UNKNOWN, which is not the same as clean.
lint_citation_types: NOT SWEPT (advisory) NCT NCT04072042 in research/autonomy/recruiting-treatment-result-2026-09-06/result.md has no row in research\manuscripts\citation-retraction-sweep.json — its retraction status is UNKNOWN, which is not the same as clean.
lint_citation_types: NOT SWEPT (advisory) NCT NCT04577014 in research/autonomy/recruiting-treatment-result-2026-09-06/result.md has no row in research\manuscripts\citation-retraction-sweep.json — its retraction status is UNKNOWN, which is not the same as clean.
lint_citation_types: NOT SWEPT (advisory) NCT NCT04776525 in research/autonomy/recruiting-treatment-result-2026-09-06/result.md has no row in research\manuscripts\citation-retraction-sweep.json — its retraction status is UNKNOWN, which is not the same as clean.
lint_citation_types: NOT SWEPT (advisory) NCT NCT04901702 in research/autonomy/recruiting-treatment-result-2026-09-06/result.md, research/autonomy/trial-discoverability-2026-09-05/pilot.md, research/autonomy/trial-reference-expansion-emc-2026-09-05/decision.md has no row in research\manuscripts\citation-retraction-sweep.json — its retraction status is UNKNOWN, which is not the same as clean.
lint_citation_types: NOT SWEPT (advisory) NCT NCT05071209 in research/autonomy/trial-discoverability-2026-09-05/pilot.md, research/autonomy/trial-reference-repair-2026-09-05/repair.md has no row in research\manuscripts\citation-retraction-sweep.json — its retraction status is UNKNOWN, which is not the same as clean.
lint_citation_types: NOT SWEPT (advisory) NCT NCT05135975 in research/autonomy/trial-discoverability-2026-09-05/pilot.md, research/autonomy/trial-reference-repair-2026-09-05/repair.md has no row in research\manuscripts\citation-retraction-sweep.json — its retraction status is UNKNOWN, which is not the same as clean.
lint_citation_types: NOT SWEPT (advisory) NCT NCT05597917 in research/autonomy/trial-reference-expansion-emc-2026-09-05/decision.md has no row in research\manuscripts\citation-retraction-sweep.json — its retraction status is UNKNOWN, which is not the same as clean.
lint_citation_types: NOT SWEPT (advisory) NCT NCT05687136 in research/autonomy/trial-discoverability-2026-09-05/pilot.md, research/autonomy/trial-reference-repair-2026-09-05/repair.md has no row in research\manuscripts\citation-retraction-sweep.json — its retraction status is UNKNOWN, which is not the same as clean.
lint_citation_types: NOT SWEPT (advisory) NCT NCT06087861 in research/autonomy/recruiting-treatment-result-2026-09-06/result.md has no row in research\manuscripts\citation-retraction-sweep.json — its retraction status is UNKNOWN, which is not the same as clean.
lint_citation_types: NOT SWEPT (advisory) NCT NCT06456359 in research/autonomy/recruiting-treatment-result-2026-09-06/result.md has no row in research\manuscripts\citation-retraction-sweep.json — its retraction status is UNKNOWN, which is not the same as clean.
lint_citation_types: NOT SWEPT (advisory) NCT NCT06526897 in research/autonomy/trial-reference-repair-2026-09-05/repair.md has no row in research\manuscripts\citation-retraction-sweep.json — its retraction status is UNKNOWN, which is not the same as clean.
lint_citation_types: NOT SWEPT (advisory) NCT NCT06548672 in research/autonomy/trial-reference-expansion-emc-2026-09-05/decision.md has no row in research\manuscripts\citation-retraction-sweep.json — its retraction status is UNKNOWN, which is not the same as clean.
lint_citation_types: NOT SWEPT (advisory) NCT NCT06709495 in research/autonomy/recruiting-treatment-result-2026-09-06/result.md, research/autonomy/trial-discoverability-2026-09-05/pilot.md has no row in research\manuscripts\citation-retraction-sweep.json — its retraction status is UNKNOWN, which is not the same as clean.
lint_citation_types: NOT SWEPT (advisory) NCT NCT07030959 in research/autonomy/trial-reference-repair-2026-09-05/repair.md has no row in research\manuscripts\citation-retraction-sweep.json — its retraction status is UNKNOWN, which is not the same as clean.
lint_citation_types: NOT SWEPT (advisory) NCT NCT07066982 in research/autonomy/trial-reference-expansion-comparators-2026-09-05/README.md has no row in research\manuscripts\citation-retraction-sweep.json — its retraction status is UNKNOWN, which is not the same as clean.
lint_citation_types: NOT SWEPT (advisory) NCT NCT07092306 in research/autonomy/trial-discoverability-2026-09-05/pilot.md has no row in research\manuscripts\citation-retraction-sweep.json — its retraction status is UNKNOWN, which is not the same as clean.
lint_citation_types: NOT SWEPT (advisory) NCT NCT07469774 in research/autonomy/trial-reference-expansion-emc-2026-09-05/decision.md has no row in research\manuscripts\citation-retraction-sweep.json — its retraction status is UNKNOWN, which is not the same as clean.
lint_citation_types: NOT SWEPT (advisory) NCT NCT07620431 in research/autonomy/trial-discoverability-2026-09-05/pilot.md has no row in research\manuscripts\citation-retraction-sweep.json — its retraction status is UNKNOWN, which is not the same as clean.
lint_citation_types: NOT SWEPT (advisory) NCT NCT07686367 in research/autonomy/trial-reference-repair-2026-09-05/repair.md has no row in research\manuscripts\citation-retraction-sweep.json — its retraction status is UNKNOWN, which is not the same as clean.
lint_citation_types: NOT SWEPT (advisory) NCT NCT07698899 in research/autonomy/trial-reference-repair-2026-09-05/repair.md has no row in research\manuscripts\citation-retraction-sweep.json — its retraction status is UNKNOWN, which is not the same as clean.
lint_citation_types: NOT SWEPT (advisory) PMCID PMC12339365 in research/autonomy/escape-emc-source-2026-09-06/decision.md, research/autonomy/portfolio-2026-09-05/escape-source-allocation-2026-09-06.md has no row in research\manuscripts\citation-retraction-sweep.json — its retraction status is UNKNOWN, which is not the same as clean.
lint_citation_types: NOT SWEPT (advisory) PMCID PMC12493213 in research/autonomy/portfolio-2026-09-05/recommendation.md has no row in research\manuscripts\citation-retraction-sweep.json — its retraction status is UNKNOWN, which is not the same as clean.
lint_citation_types: NOT SWEPT (advisory) PMCID PMC13361612 in research/method-watch-trigger-scan.md has no row in research\manuscripts\citation-retraction-sweep.json — its retraction status is UNKNOWN, which is not the same as clean.
lint_citation_types: NOT SWEPT (advisory) PMCID PMC13367449 in research/method-watch-trigger-scan.md has no row in research\manuscripts\citation-retraction-sweep.json — its retraction status is UNKNOWN, which is not the same as clean.
lint_citation_types: NOT SWEPT (advisory) PMCID PMC13371081 in research/method-watch-trigger-scan.md has no row in research\manuscripts\citation-retraction-sweep.json — its retraction status is UNKNOWN, which is not the same as clean.
lint_citation_types: NOT SWEPT (advisory) PMCID PMC13371367 in research/method-watch-trigger-scan.md has no row in research\manuscripts\citation-retraction-sweep.json — its retraction status is UNKNOWN, which is not the same as clean.
lint_citation_types: NOT SWEPT (advisory) PMCID PMC13374579 in research/autonomy/peerj21497-source-2026-09-06/decision.md, research/autonomy/portfolio-2026-09-05/peerj21497-source-allocation-2026-09-06.md has no row in research\manuscripts\citation-retraction-sweep.json — its retraction status is UNKNOWN, which is not the same as clean.
lint_citation_types: NOT SWEPT (advisory) PMCID PMC13375461 in research/method-watch-trigger-scan.md has no row in research\manuscripts\citation-retraction-sweep.json — its retraction status is UNKNOWN, which is not the same as clean.
lint_citation_types: NOT SWEPT (advisory) PMCID PMC13397437 in research/method-watch-trigger-scan.md has no row in research\manuscripts\citation-retraction-sweep.json — its retraction status is UNKNOWN, which is not the same as clean.
lint_citation_types: NOT SWEPT (advisory) PMCID PMC13406283 in research/method-watch-trigger-scan.md has no row in research\manuscripts\citation-retraction-sweep.json — its retraction status is UNKNOWN, which is not the same as clean.
lint_citation_types: NOT SWEPT (advisory) PMCID PMC13408113 in research/method-watch-trigger-scan.md has no row in research\manuscripts\citation-retraction-sweep.json — its retraction status is UNKNOWN, which is not the same as clean.
lint_citation_types: NOT SWEPT (advisory) PMCID PMC13417341 in research/method-watch-trigger-scan.md has no row in research\manuscripts\citation-retraction-sweep.json — its retraction status is UNKNOWN, which is not the same as clean.
lint_citation_types: NOT SWEPT (advisory) PMCID PMC13417551 in research/method-watch-trigger-scan.md has no row in research\manuscripts\citation-retraction-sweep.json — its retraction status is UNKNOWN, which is not the same as clean.
lint_citation_types: NOT SWEPT (advisory) PMCID PMC1892373 in research/autonomy/atlas-primary-provenance-2026-09-06/memo.md has no row in research\manuscripts\citation-retraction-sweep.json — its retraction status is UNKNOWN, which is not the same as clean.
lint_citation_types: NOT SWEPT (advisory) PMCID PMC3198983 in research/autonomy/ipd-decision-feasibility-2026-09-05/feasibility.md has no row in research\manuscripts\citation-retraction-sweep.json — its retraction status is UNKNOWN, which is not the same as clean.
lint_citation_types: NOT SWEPT (advisory) PMCID PMC3313891 in research/autonomy/ipd-decision-feasibility-2026-09-05/feasibility.md has no row in research\manuscripts\citation-retraction-sweep.json — its retraction status is UNKNOWN, which is not the same as clean.
lint_citation_types: NOT SWEPT (advisory) PMCID PMC3458527 in research/autonomy/portfolio-2026-09-05/recommendation.md has no row in research\manuscripts\citation-retraction-sweep.json — its retraction status is UNKNOWN, which is not the same as clean.
lint_citation_types: NOT SWEPT (advisory) PMCID PMC3656611 in research/autonomy/cspg4-primary-tissue-evidence-2026-09-06/memo.md has no row in research\manuscripts\citation-retraction-sweep.json — its retraction status is UNKNOWN, which is not the same as clean.
lint_citation_types: NOT SWEPT (advisory) PMCID PMC3944408 in research/autonomy/cspg4-primary-tissue-evidence-2026-09-06/memo.md has no row in research\manuscripts\citation-retraction-sweep.json — its retraction status is UNKNOWN, which is not the same as clean.
lint_citation_types: NOT SWEPT (advisory) PMCID PMC4985356 in research/manuscripts/surface-targets/emc-surface-target-landscape-review-response-2026-08-10.md has no row in research\manuscripts\citation-retraction-sweep.json — its retraction status is UNKNOWN, which is not the same as clean.
lint_citation_types: NOT SWEPT (advisory) PMCID PMC5796634 in research/autonomy/ipd-decision-feasibility-2026-09-05/feasibility.md has no row in research\manuscripts\citation-retraction-sweep.json — its retraction status is UNKNOWN, which is not the same as clean.
lint_citation_types: NOT SWEPT (advisory) PMCID PMC6618088 in research/manuscripts/surface-targets/emc-surface-target-landscape-review-response-2026-08-10.md has no row in research\manuscripts\citation-retraction-sweep.json — its retraction status is UNKNOWN, which is not the same as clean.
lint_citation_types: NOT SWEPT (advisory) PMCID PMC7710537 in research/autonomy/cspg4-primary-tissue-evidence-2026-09-06/memo.md has no row in research\manuscripts\citation-retraction-sweep.json — its retraction status is UNKNOWN, which is not the same as clean.
lint_citation_types: NOT SWEPT (advisory) PMCID PMC7822268 in research/autonomy/portfolio-2026-09-05/recommendation.md has no row in research\manuscripts\citation-retraction-sweep.json — its retraction status is UNKNOWN, which is not the same as clean.
lint_citation_types: NOT SWEPT (advisory) PMCID PMC9365353 in research/manuscripts/surface-targets/emc-surface-target-landscape-review-response-2026-08-10.md has no row in research\manuscripts\citation-retraction-sweep.json — its retraction status is UNKNOWN, which is not the same as clean.
lint_citation_types: NOT SWEPT (advisory) PMID 16199517 in research/manuscripts/fusion-output/nr4a3-fusion-transcriptional-output-review-response-2026-08-10.md has no row in research\manuscripts\citation-retraction-sweep.json — its retraction status is UNKNOWN, which is not the same as clean.
lint_citation_types: NOT SWEPT (advisory) PMID 17182697 in research/manuscripts/fusion-output/nr4a3-fusion-transcriptional-output-review-response-2026-08-10.md has no row in research\manuscripts\citation-retraction-sweep.json — its retraction status is UNKNOWN, which is not the same as clean.
lint_citation_types: NOT SWEPT (advisory) PMID 17303618 in research/manuscripts/fusion-output/nr4a3-fusion-transcriptional-output-review-response-2026-08-10.md has no row in research\manuscripts\citation-retraction-sweep.json — its retraction status is UNKNOWN, which is not the same as clean.
lint_citation_types: NOT SWEPT (advisory) PMID 17647282 in research/autonomy/evidence-fus-ddit3-2026-09-05/README.md, research/modalities/fus-ddit3-prefix-comparison.md has no row in research\manuscripts\citation-retraction-sweep.json — its retraction status is UNKNOWN, which is not the same as clean.
lint_citation_types: NOT SWEPT (advisory) PMID 18634019 in research/autonomy/cspg4-primary-tissue-evidence-2026-09-06/memo.md has no row in research\manuscripts\citation-retraction-sweep.json — its retraction status is UNKNOWN, which is not the same as clean.
lint_citation_types: NOT SWEPT (advisory) PMID 18676850 in research/autonomy/sprint-2026-09-01/S55-TWO-BLIND-ROUTES.md has no row in research\manuscripts\citation-retraction-sweep.json — its retraction status is UNKNOWN, which is not the same as clean.
lint_citation_types: NOT SWEPT (advisory) PMID 19847166 in research/manuscripts/fusion-output/nr4a3-fusion-transcriptional-output-review-response-2026-08-10.md has no row in research\manuscripts\citation-retraction-sweep.json — its retraction status is UNKNOWN, which is not the same as clean.
lint_citation_types: NOT SWEPT (advisory) PMID 20048385 in research/manuscripts/fusion-output/nr4a3-fusion-transcriptional-output-review-response-2026-08-10.md has no row in research\manuscripts\citation-retraction-sweep.json — its retraction status is UNKNOWN, which is not the same as clean.
lint_citation_types: NOT SWEPT (advisory) PMID 20287819 in research/manuscripts/fusion-output/nr4a3-fusion-transcriptional-output-review-response-2026-08-10.md has no row in research\manuscripts\citation-retraction-sweep.json — its retraction status is UNKNOWN, which is not the same as clean.
lint_citation_types: NOT SWEPT (advisory) PMID 20610611 in research/manuscripts/fusion-output/nr4a3-fusion-transcriptional-output-review-response-2026-08-10.md has no row in research\manuscripts\citation-retraction-sweep.json — its retraction status is UNKNOWN, which is not the same as clean.
lint_citation_types: NOT SWEPT (advisory) PMID 20818875 in research/manuscripts/emc-mortality-mechanisms-paper.md, research/manuscripts/emc-mortality-mechanisms.md, systems/views/L5-evidence-base.md has no row in research\manuscripts\citation-retraction-sweep.json — its retraction status is UNKNOWN, which is not the same as clean.
lint_citation_types: NOT SWEPT (advisory) PMID 21044043 in research/manuscripts/fusion-output/nr4a3-fusion-transcriptional-output-review-response-2026-08-10.md has no row in research\manuscripts\citation-retraction-sweep.json — its retraction status is UNKNOWN, which is not the same as clean.
lint_citation_types: NOT SWEPT (advisory) PMID 22638577 in research/manuscripts/fusion-output/nr4a3-fusion-transcriptional-output-review-response-2026-08-10.md has no row in research\manuscripts\citation-retraction-sweep.json — its retraction status is UNKNOWN, which is not the same as clean.
lint_citation_types: NOT SWEPT (advisory) PMID 23115670 in systems/views/L2-rt-treatment-harm.md has no row in research\manuscripts\citation-retraction-sweep.json — its retraction status is UNKNOWN, which is not the same as clean.
lint_citation_types: NOT SWEPT (advisory) PMID 23323831 in research/manuscripts/fusion-output/nr4a3-fusion-transcriptional-output-review-response-2026-08-10.md has no row in research\manuscripts\citation-retraction-sweep.json — its retraction status is UNKNOWN, which is not the same as clean.
lint_citation_types: NOT SWEPT (advisory) PMID 27124452 in research/manuscripts/fusion-output/nr4a3-fusion-transcriptional-output-review-response-2026-08-10.md has no row in research\manuscripts\citation-retraction-sweep.json — its retraction status is UNKNOWN, which is not the same as clean.
lint_citation_types: NOT SWEPT (advisory) PMID 27501767 in research/autonomy/response-recoverability-2026-09-05/pilot.md has no row in research\manuscripts\citation-retraction-sweep.json — its retraction status is UNKNOWN, which is not the same as clean.
lint_citation_types: NOT SWEPT (advisory) PMID 28011448 in research/autonomy/response-recoverability-2026-09-05/pilot.md has no row in research\manuscripts\citation-retraction-sweep.json — its retraction status is UNKNOWN, which is not the same as clean.
lint_citation_types: NOT SWEPT (advisory) PMID 30257185 in research/autonomy/response-recoverability-2026-09-05/pilot.md has no row in research\manuscripts\citation-retraction-sweep.json — its retraction status is UNKNOWN, which is not the same as clean.
lint_citation_types: NOT SWEPT (advisory) PMID 30400809 in research/manuscripts/fusion-output/nr4a3-fusion-transcriptional-output-review-response-2026-08-10.md has no row in research\manuscripts\citation-retraction-sweep.json — its retraction status is UNKNOWN, which is not the same as clean.
lint_citation_types: NOT SWEPT (advisory) PMID 30511879 in systems/views/L5-evidence-base.md has no row in research\manuscripts\citation-retraction-sweep.json — its retraction status is UNKNOWN, which is not the same as clean.
lint_citation_types: NOT SWEPT (advisory) PMID 30786186 in systems/views/L5-evidence-base.md has no row in research\manuscripts\citation-retraction-sweep.json — its retraction status is UNKNOWN, which is not the same as clean.
lint_citation_types: NOT SWEPT (advisory) PMID 31417269 in systems/views/L5-evidence-base.md has no row in research\manuscripts\citation-retraction-sweep.json — its retraction status is UNKNOWN, which is not the same as clean.
lint_citation_types: NOT SWEPT (advisory) PMID 32026945 in research/manuscripts/fusion-output/nr4a3-fusion-transcriptional-output-review-response-2026-08-10.md has no row in research\manuscripts\citation-retraction-sweep.json — its retraction status is UNKNOWN, which is not the same as clean.
lint_citation_types: NOT SWEPT (advisory) PMID 32953543 in research/manuscripts/emc-mortality-mechanisms-paper.md, research/manuscripts/emc-mortality-mechanisms.md, systems/views/L5-evidence-base.md has no row in research\manuscripts\citation-retraction-sweep.json — its retraction status is UNKNOWN, which is not the same as clean.
lint_citation_types: NOT SWEPT (advisory) PMID 34950839 in research/autonomy/response-recoverability-2026-09-05/pilot.md has no row in research\manuscripts\citation-retraction-sweep.json — its retraction status is UNKNOWN, which is not the same as clean.
lint_citation_types: NOT SWEPT (advisory) PMID 35128059 in research/autonomy/ipd-decision-feasibility-2026-09-05/feasibility.md has no row in research\manuscripts\citation-retraction-sweep.json — its retraction status is UNKNOWN, which is not the same as clean.
lint_citation_types: NOT SWEPT (advisory) PMID 35779942 in research/autonomy/ipd-decision-feasibility-2026-09-05/feasibility.md has no row in research\manuscripts\citation-retraction-sweep.json — its retraction status is UNKNOWN, which is not the same as clean.
lint_citation_types: NOT SWEPT (advisory) PMID 35840087 in research/autonomy/response-recoverability-2026-09-05/pilot.md has no row in research\manuscripts\citation-retraction-sweep.json — its retraction status is UNKNOWN, which is not the same as clean.
lint_citation_types: NOT SWEPT (advisory) PMID 37781179 in research/manuscripts/emc-mortality-mechanisms-paper.md, research/manuscripts/emc-mortality-mechanisms.md, systems/views/L5-evidence-base.md has no row in research\manuscripts\citation-retraction-sweep.json — its retraction status is UNKNOWN, which is not the same as clean.
lint_citation_types: NOT SWEPT (advisory) PMID 38447752 in research/autonomy/atlas-sample-organ-2026-09-06/report.md, research/autonomy/portfolio-2026-09-05/recommendation.md has no row in research\manuscripts\citation-retraction-sweep.json — its retraction status is UNKNOWN, which is not the same as clean.
lint_citation_types: NOT SWEPT (advisory) PMID 38558247 in research/manuscripts/emc-mortality-mechanisms-paper.md, research/manuscripts/emc-mortality-mechanisms.md, systems/views/L5-evidence-base.md has no row in research\manuscripts\citation-retraction-sweep.json — its retraction status is UNKNOWN, which is not the same as clean.
lint_citation_types: NOT SWEPT (advisory) PMID 40721532 in research/autonomy/escape-emc-source-2026-09-06/decision.md, research/autonomy/portfolio-2026-09-05/escape-source-allocation-2026-09-06.md has no row in research\manuscripts\citation-retraction-sweep.json — its retraction status is UNKNOWN, which is not the same as clean.
lint_citation_types: NOT SWEPT (advisory) PMID 40919413 in research/autonomy/ipd-decision-feasibility-2026-09-05/feasibility.md has no row in research\manuscripts\citation-retraction-sweep.json — its retraction status is UNKNOWN, which is not the same as clean.
lint_citation_types: NOT SWEPT (advisory) PMID 41799218 in systems/views/L2-rt-vte-prophylaxis.md has no row in research\manuscripts\citation-retraction-sweep.json — its retraction status is UNKNOWN, which is not the same as clean.
lint_citation_types: NOT SWEPT (advisory) PMID 7579358 in research/autonomy/fusion-benchmark-2026-09-05/feasibility.md has no row in research\manuscripts\citation-retraction-sweep.json — its retraction status is UNKNOWN, which is not the same as clean.
lint_citation_types: NOT SWEPT (advisory) PMID 7808004 in research/autonomy/fusion-benchmark-2026-09-05/feasibility.md has no row in research\manuscripts\citation-retraction-sweep.json — its retraction status is UNKNOWN, which is not the same as clean.
lint_citation_types: NOT SWEPT (advisory) PMID 8187063 in research/autonomy/trial-discoverability-2026-09-05/pilot.md has no row in research\manuscripts\citation-retraction-sweep.json — its retraction status is UNKNOWN, which is not the same as clean.
lint_citation_types: retraction sweep (2026-09-01) — 1230 prose identifier(s): 844 checked against PubMed, 6 retracted, 238 outside PubMed's reach (arXiv/NCT/GEO/preprint, meeting-abstract, dataset and PDB DOIs — UNKNOWN, not clean), 148 NOT SWEPT.
   OK
== manuscript prose style (journal register, not repository register) ==
   OK
== readability screen (ADVISORY: where to look, not whether the prose is good) ==
   document                                             sent  mean  p90  max  >60w  FKGL  caution/1kw
   response-endpoint-indolent-tumours.md                 320  18.8   35   53     0  11.4         12.3
   emc-mtap-prmt5-hypothesis.md                          273  21.7   38   58     0  12.5         12.7
   emc-mtap-prmt5-hypothesis-SI.md                        88  22.8   38  134     1  11.9         10.0
   emc-atr-collaborator-package.md                       216  19.5   38   66     1  11.7          8.3
   repurposing-hypotheses.md                             265  20.7   37   64     1  14.7          8.2
   emc-surface-target-landscape.md                       304  20.9   38   59     0  13.3          8.2
   emc-surface-target-landscape-si.md                    160  18.3   35   49     0  12.2         12.3
   fusion-junction-aso-supplementary-information.md       98  22.6   45  103     3  12.0          7.7
   fusion-junction-aso-journal-article.md                181  24.4   44   54     0  13.1          9.7
   fusion-junction-aso-journal-tables.md                  12  24.5   38   75     1  13.5         10.2
   fusion-junction-aso-journal-references.md              79  14.9   25   54     0  10.9          0.9
   emc-vaccine-development-path.md                       742  23.8   43   87     3  12.9         11.6
   emc-trial-reachability.md                             116  22.2   40   51     0  12.2         12.8
   
   ⚠ This is a SCREEN. It says where to look. Whether the prose is good is decided by reading it — see the `scientific-writing` skill.
== parser guard (every registered parser can still find its input) ==
   OK
== validate (EMC clinical registry evidence contract) ==
   OK
== generated deposit artifacts reproduce from their generators ==
   OK   submission tables
   OK   claim coverage census
   OK   submission references
   OK   submission metrics
   OK   canonical sequence file
   OK   journal article tables
   OK   offtarget duplex energy
   OK   submission packet
   OK   vaccine-path manuscript tables
   OK   archive manifest
   OK   declared deposit drift
   OK   condensate CALVADOS findings
   OK   ATR HRD sarcoma series
   OK   single-slot artifact identity
   OK   instrument census
   OK   reopening-trigger registry join
   OK   literature citation debt
   OK   news-match queue
== cycle receipts record the fan-out width the cap is checked against ==
      pre-schema (< CYC-0023), width not readable by the cap check, grandfathered: CYC-0000-BOOTSTRAP ((no width recorded)), CYC-0001 ((no width recorded)), CYC-0002 ((no width recorded)), CYC-0003 ((no width recorded)), CYC-0005 ((no width recorded)), CYC-0007 ((no width recorded)), CYC-0009 ((no width recorded)), CYC-0011 (concurrent_max/dispatched), CYC-0012 (concurrent_max/dispatched), CYC-0013 (concurrent_max/dispatched), CYC-0014 (concurrent_max/dispatched), CYC-0015 ((no width recorded)), CYC-0016 (concurrent_max/dispatched), CYC-0018 (dispatched), CYC-0019 (concurrent_max/dispatched), CYC-0020 (launched), CYC-0021 (launched), CYC-0022 (launched)
      107 governed receipt(s), 0 failure(s), 0 unreadable
   OK
== pytest (pure-logic suites) == SKIPPED -- PREFLIGHT_TESTS=1 runs them; tests.yml runs all
   four directories in full on every push and is the authority (trimcrae, 2026-09-02).
== unverified-output residue in the documents that go out (model meta-comments, placeholders) ==
   lint_submission_residue: 34 outgoing document(s), 5 finding(s), 5 baselined, 0 new, 0 stale baseline row(s)
   lint_submission_residue: hallucinated references are gate 6's trigger and remain PARTIAL — 5 named gaps in UNCOVERED_BY_LINT_CITATIONS.
   OK
== the cycle contract names every receipt field the receipt-schema gate requires ==
      required by the gate, and named by the contract: `route_advanced`, `subagents`, `subagents.max_concurrent`, `ccr_session_id`, `ended_utc`
      5 required field path(s), 6 key constant(s), 7743 chars of contract read, 0 disagreement(s)
   OK
== what each test tier costs, against the budget somebody set for it ==
<unknown>:101: SyntaxWarning: invalid escape sequence '\d'
   ok    commit-loop             1466/1500  test function(s) in 102 file(s)
   ok    modalities              7247/7500  test function(s) in 436 file(s)
   ok    paper-guards             966/1000  test function(s) in 111 file(s)
== every route's derived ledger id is frozen, not counted ==
   83 route→id bindings, frozen and agreeing with the ledger
   OK
PINNED_SHA=51c849d36ea6f77c7cfb46b2ae97ecca86708fca+dirty

PREFLIGHT OK (fast gates only (doc + artifact linters))
             ⛔ NO TEST SUITE THIS RUN DID NOT NAME ABOVE HAS PASSED. tests.yml runs all
             four directories in full on every push, with the real dependencies, and is
             the authority for anything not listed.
             PREFLIGHT_TESTS=1 adds the manuscripts suite and the pure-logic ones,
             PREFLIGHT_MODALITIES=1 the modalities suite,
             PREFLIGHT_FULL=1 everything — the only tier publish_bar clause 2 accepts.
