{
  "confirmed_proteasome_preparations": 4,
  "confirmed_active_moieties": 3,
  "confirmed_chemical_families": 2,
  "stop_rule_checks": {
    "all_confirmed_moiety_worst_ranks_in_lowest_quartile": true,
    "at_least_two_confirmed_chemical_families": true,
    "no_unresolved_candidate_identity_affecting_complete_membership": false,
    "leave_each_family_out_retains_lowest_quartile_observation": true
  },
  "sensitivity": {
    "assign_ambiguous_entry_to_ixazomib_all_lowest_quartile": true,
    "keep_ambiguous_entry_separate_all_lowest_quartile": true,
    "confirmed_mean_plus_sd_all_lowest_quartile": true,
    "all_named_candidates_mean_plus_sd_lowest_quartile": true
  },
  "rows_outside_zero_to_100": 51
}
179324-69-7 Bortezomib (PS-341): mean rank 15.0, stress rank 19.0, IC50 135.0
868540-17-4 Carfilzomib (PR-171): mean rank 24.0, stress rank 17.0, IC50 None
1072833-77-2 Ixazomib (MLN2238): mean rank 14.0, stress rank 10.0, IC50 None
1239908-20-3 Ixazomib citrate: mean rank 17.0, stress rank 12.0, IC50 3511.0
1201902-80-8 Ixazomib Citrate (MLN9708): mean rank 22.0, stress rank 20.0, IC50 1982.0
