
research/manuscripts/endpoint/response-endpoint-indolent-tumours.md  (6227 words, bold 4.3/1000, em-dash 0.2/1000)
  clean

research/manuscripts/mtap-prmt5/emc-mtap-prmt5-hypothesis.md  (6640 words, bold 1.7/1000, em-dash 0.3/1000)
  clean

research/manuscripts/mtap-prmt5/emc-mtap-prmt5-hypothesis-SI.md  (2435 words, bold 0.0/1000, em-dash 0.0/1000)
  clean

research/manuscripts/dependency/emc-atr-collaborator-package.md  (4337 words, bold 5.1/1000, em-dash 0.0/1000)
  clean

research/manuscripts/repurposing/repurposing-hypotheses.md  (6619 words, bold 0.2/1000, em-dash 2.4/1000)
  clean

research/manuscripts/surface-targets/emc-surface-target-landscape.md  (6872 words, bold 3.6/1000, em-dash 0.0/1000)
  clean

research/manuscripts/surface-targets/emc-surface-target-landscape-si.md  (3908 words, bold 5.6/1000, em-dash 0.0/1000)
  clean

research/manuscripts/aso/fusion-junction-aso-supplementary-information.md  (2256 words, bold 2.7/1000, em-dash 4.9/1000)
  clean

research/manuscripts/aso/fusion-junction-aso-journal-article.md  (4455 words, bold 2.2/1000, em-dash 5.6/1000)
  clean

research/manuscripts/aso/fusion-junction-aso-journal-tables.md  (363 words, bold 5.5/1000, em-dash 2.8/1000)
  clean

research/manuscripts/aso/fusion-junction-aso-journal-references.md  (871 words, bold 0.0/1000, em-dash 1.1/1000)
  clean

research/manuscripts/neoantigen/emc-vaccine-development-path.md  (18257 words, bold 6.8/1000, em-dash 4.3/1000)
  clean

research/manuscripts/care-delivery/emc-trial-reachability.md  (2970 words, bold 4.7/1000, em-dash 3.0/1000)
  clean

research/modalities/emc_mtap_prmt5_figures.py  (0 words, bold 0.0/1000, em-dash 0.0/1000)
  clean

research/manuscripts/figures/repurposing_design_figure.py  (0 words, bold 0.0/1000, em-dash 0.0/1000)
  clean

lint_style: 0 ERROR across 15 file(s)
