During startup - Warning messages:
1: Setting LC_COLLATE=C.UTF-8 failed 
2: Setting LC_CTYPE=C.UTF-8 failed 
3: Setting LC_MONETARY=C.UTF-8 failed 
4: Setting LC_TIME=C.UTF-8 failed 
Warning message:
In chunk_total - tapply(tevent, factor(S$chunk), sum) :
  longer object length is not a multiple of shorter object length
  time nevent ncen tevent nrisk
1    0      0   13      0    20
2    1      1   -1      1     7
3    2      6    0      6     7
4    3      1    0      1     1
5    4      2    0      2     0
6    5      1   -2      1    -2
7    6      0   -1      0    -1
8    7      0    0      0     0
List of 5
 $ time  : num [1:8] 0 1 2 3 4 5 6 7
 $ nevent: num [1:8] 0 1 6 1 2 1 0 0
 $ ncen  : num [1:8] 13 -1 0 0 0 -2 -1 0
 $ tevent: num [1:8] 0 1 6 1 2 1 0 0
 $ nrisk : num [1:8] 20 7 7 1 0 -2 -1 0
 - attr(*, "row.names")= int [1:8] 1 2 3 4 5 6 7 8
 - attr(*, "class")= chr "KMresolve"
 - attr(*, "use_ticks")= num 0
 - attr(*, "S")=List of 3
  ..$ time: num [1:8] 0 1 2 3 4 5 6 7
  ..$ surv: num [1:8] 1 0.95 0.59 0.52 0.37 0.28 0.28 0.28
  ..$ cif : num [1:8, 1] 0 0.05 0.41 0.48 0.63 0.72 0.72 0.72
 - attr(*, "c.event")= logi FALSE
 - attr(*, "events")='data.frame':	0 obs. of  0 variables
 - attr(*, "risks")='data.frame':	3 obs. of  2 variables:
  ..$ t.risk: num [1:3] 1 4 7
  ..$ n.risk: num [1:3] 20 7 0
 - attr(*, "Obs")= num [1:8, 1] 0 0.05 0.379 0.119 0.288 ...
 - attr(*, "object")=List of 6
  ..$ solution              : num [1:16] -6.10e-20 1.00 6.09 1.02 1.90 ...
  ..$ value                 : num -60.5
  ..$ unconstrained.solution: num [1:16] 0 1 7.2 1.4 3 ...
  ..$ iterations            : int [1:2] 10 1
  ..$ Lagrangian            : num [1:20] 0.00394 0.0026 0.00435 0.00106 0.00175 ...
  ..$ iact                  : int [1:8] 4 5 7 12 8 3 1 2
 - attr(*, "int_obj")= num [1, 1] -51.1
 - attr(*, "int_obj_wpen")= num [1, 1] -51.2
 - attr(*, "intsol")= Named num [1:16] 0 1 6 1 2 1 0 0 13 -1 ...
  ..- attr(*, "names")= chr [1:16] "" "" "" "" ...
 - attr(*, "mats")=List of 13
  ..$ dvec       : num [1, 1:16] 6.05 7 10.71 5.22 6.95 ...
  ..$ Q          : num [1:16, 1:16] 1.303 0.35 0.535 0.261 0.348 ...
  ..$ A          : num [1:21, 1:16] 1 0 0 0 0 0 0 1 0 0 ...
  ..$ bvec       : num [1:21] 0 0 0 13 7 ...
  ..$ wval       : NULL
  ..$ ncon1      : int 3
  ..$ Aeq        : num [1:5, 1:16] 0 0 0 0 1 1 0 0 0 1 ...
  ..$ Obs        : num [1:8, 1] 0 0.05 0.379 0.119 0.288 ...
  ..$ S          :List of 4
  .. ..$ time : num [1:8] 0 1 2 3 4 5 6 7
  .. ..$ surv : num [1:8] 1 0.95 0.59 0.52 0.37 0.28 0.28 0.28
  .. ..$ cif  : num [1:8, 1] 0 0.05 0.41 0.48 0.63 0.72 0.72 0.72
  .. ..$ chunk: int [1:8] 0 1 1 1 2 2 2 3
  ..$ chunk_total: Named num [1:3] 13 7 0
  .. ..- attr(*, "names")= chr [1:3] "4" "" ""
  ..$ Astar      : num [1:20, 1:16] 1 0 0 0 0 0 1 0 0 0 ...
  ..$ bstar      : num [1:20] 0 0 0 13 7 ...
  ..$ nstar      : int 7
 - attr(*, "ltrunc")= logi FALSE
 - attr(*, "cumhaz")= logi FALSE
Error in rep(mids, cif$ncen) : invalid 'times' argument
Calls: print -> make_data
Execution halted
