During startup - Warning messages:
1: Setting LC_COLLATE=C.UTF-8 failed 
2: Setting LC_CTYPE=C.UTF-8 failed 
3: Setting LC_MONETARY=C.UTF-8 failed 
4: Setting LC_TIME=C.UTF-8 failed 
$`a 1e-08`
$`a 1e-08`$status
[1] "success"

$`a 1e-08`$<NA>
NULL


$`a 1e-06`
$`a 1e-06`$status
[1] "success"

$`a 1e-06`$<NA>
NULL


$`a 1e-04`
$`a 1e-04`$status
[1] "success"

$`a 1e-04`$<NA>
NULL


$`a 0.001`
$`a 0.001`$status
[1] "success"

$`a 0.001`$<NA>
NULL


$`a 0.01`
$`a 0.01`$status
[1] "success"

$`a 0.01`$<NA>
NULL


$`b 1e-08`
$`b 1e-08`$status
[1] "failure"

$`b 1e-08`$error
[1] "Unable to find a feasible solution of QP. Check input data or try increasing constr_tol value."


$`b 1e-06`
$`b 1e-06`$status
[1] "failure"

$`b 1e-06`$error
[1] "Unable to find a feasible solution of QP. Check input data or try increasing constr_tol value."


$`b 1e-04`
$`b 1e-04`$status
[1] "failure"

$`b 1e-04`$error
[1] "Unable to find a feasible solution of QP. Check input data or try increasing constr_tol value."


$`b 0.001`
$`b 0.001`$status
[1] "failure"

$`b 0.001`$error
[1] "Unable to find a feasible solution of QP. Check input data or try increasing constr_tol value."


$`b 0.01`
$`b 0.01`$status
[1] "failure"

$`b 0.01`$error
[1] "Unable to find a feasible solution of QP. Check input data or try increasing constr_tol value."


