During startup - Warning messages:
1: Setting LC_COLLATE=C.UTF-8 failed 
2: Setting LC_CTYPE=C.UTF-8 failed 
3: Setting LC_MONETARY=C.UTF-8 failed 
4: Setting LC_TIME=C.UTF-8 failed 
Output: research/autonomy/ipd-published-baselines-2026-09-06/toy-result.json 
$IPDfromKM
$IPDfromKM$status
[1] "success"

$IPDfromKM$logrank_p
[1] 0.05324745

$IPDfromKM$<NA>
NULL

$IPDfromKM$warnings
character(0)

$IPDfromKM$elapsed_seconds
[1] 0.13


$CIFresolve
$CIFresolve$status
[1] "failure"

$CIFresolve$<NA>
NULL

$CIFresolve$error
[1] "Unable to find a feasible solution of QP. Check input data or try increasing constr_tol value."

$CIFresolve$warnings
character(0)

$CIFresolve$elapsed_seconds
[1] 0.48


