{
  "source": "https://www.ebi.ac.uk/europepmc/webservices/rest/PMC4110079/fullTextXML",
  "raw_xml_sha256": "220ff64be1e82c4a4f72daa21b844e56f95b95cfb1b1a5a1d557dea30dbd4499",
  "pairs": [
    {
      "case": "1",
      "lung_HU": 25.7,
      "extrapulmonary_site_values_HU": [
        29.4
      ],
      "median_extra_HU": 29.4,
      "delta_HU": 3.6999999999999993
    },
    {
      "case": "5",
      "lung_HU": 82.9,
      "extrapulmonary_site_values_HU": [
        61.1,
        56.4
      ],
      "median_extra_HU": 58.75,
      "delta_HU": -24.150000000000006
    },
    {
      "case": "7",
      "lung_HU": 21.4,
      "extrapulmonary_site_values_HU": [
        21.2,
        33.6,
        26.8
      ],
      "median_extra_HU": 26.8,
      "delta_HU": 5.400000000000002
    },
    {
      "case": "9",
      "lung_HU": 34.8,
      "extrapulmonary_site_values_HU": [
        39.7,
        32.4
      ],
      "median_extra_HU": 36.05,
      "delta_HU": 1.25
    },
    {
      "case": "11",
      "lung_HU": 20.0,
      "extrapulmonary_site_values_HU": [
        38.1,
        53.2
      ],
      "median_extra_HU": 45.650000000000006,
      "delta_HU": 25.650000000000006
    }
  ],
  "n": 5,
  "positive": 4,
  "median_delta_HU": 3.6999999999999993,
  "range_delta_HU": [
    -24.150000000000006,
    25.650000000000006
  ],
  "sign_test_two_sided_p": 0.375,
  "disposition": "Rejected: five selected paired patients; weak direction; protocol/timing/site confounding, no independent replication",
  "design": "Exploratory after table inspection; exclude primary/local recurrence, patient-level unit; site values reflect source selection at largest burden and include averages of multiple lung/nodal metastases"
}
