{
  "status": "passed",
  "reader_version": "2.0.1",
  "workbook_sha256": "88c1a0bab7509ffe3bcff955b89f3d60ddb58a68311cd4c56ca4b0c78506b475",
  "cells": [
    {
      "sourceExcelRow": 8570,
      "column_zero_based": 2,
      "sourceID": 2290,
      "gene": "NOD1",
      "alteration_type": "RE",
      "raw_value": 44621.0,
      "xlrd_ctype": 3,
      "xlrd_type_name": "date",
      "xf_index": 64,
      "format_key": 16,
      "format_string": "d-mmm",
      "format_type": 1,
      "datemode": 0,
      "date_encoding_only": "2022-03-01T00:00:00"
    },
    {
      "sourceExcelRow": 20794,
      "column_zero_based": 2,
      "sourceID": 5458,
      "gene": "HDAC4",
      "alteration_type": "RE",
      "raw_value": 44812.0,
      "xlrd_ctype": 3,
      "xlrd_type_name": "date",
      "xf_index": 64,
      "format_key": 16,
      "format_string": "d-mmm",
      "format_type": 1,
      "datemode": 0,
      "date_encoding_only": "2022-09-08T00:00:00"
    }
  ],
  "scope": "Two-cell encoding evidence only; dates do not establish intended gene symbols."
}
