Output: research\autonomy\ipd-published-baselines-2026-09-06\development\n20-hazard-b-0.32-dense-result.json 
$IPDfromKM
$IPDfromKM$status
[1] "success"

$IPDfromKM$logrank_p
[1] 0.8018833

$IPDfromKM$<NA>
NULL

$IPDfromKM$warnings
character(0)

$IPDfromKM$elapsed_seconds
[1] 0.12


$CIFresolve
$CIFresolve$status
[1] "success"

$CIFresolve$logrank_p
[1] 0.2908144

$CIFresolve$<NA>
NULL

$CIFresolve$warnings
character(0)

$CIFresolve$elapsed_seconds
[1] 0.02


During startup - Warning messages:
1: Setting LC_COLLATE=C.UTF-8 failed 
2: Setting LC_CTYPE=C.UTF-8 failed 
3: Setting LC_MONETARY=C.UTF-8 failed 
4: Setting LC_TIME=C.UTF-8 failed 
