test_full_names_and_iwcll (test_companion_v2.RepairTests.test_full_names_and_iwcll) ... ok
test_literal_and_role_scope (test_companion_v2.RepairTests.test_literal_and_role_scope) ... ok
test_negation_history (test_companion_v2.RepairTests.test_negation_history) ... ok
test_pronouns (test_companion_v2.RepairTests.test_pronouns) ... ok
test_version_syntax_and_conflicts (test_companion_v2.RepairTests.test_version_syntax_and_conflicts) ... ok
test_who_criteria (test_companion_v2.RepairTests.test_who_criteria) ... ok
test_absent_criteria_not_recist_by_default (test_v1_contract_on_v2.Tests.test_absent_criteria_not_recist_by_default) ... ok
test_conflicting_families_remain_unassigned (test_v1_contract_on_v2.Tests.test_conflicting_families_remain_unassigned) ... ok
test_duplicate_aliases_stay_ambiguous (test_v1_contract_on_v2.Tests.test_duplicate_aliases_stay_ambiguous) ... ok
test_explicit_version_and_version_conflict (test_v1_contract_on_v2.Tests.test_explicit_version_and_version_conflict) ... ok
test_explicit_versionless_criteria_not_invented (test_v1_contract_on_v2.Tests.test_explicit_versionless_criteria_not_invented) ... ok
test_immune_label_and_ordinary_context_conflict (test_v1_contract_on_v2.Tests.test_immune_label_and_ordinary_context_conflict) ... ok
test_longest_family_name_and_source_evidence_offsets (test_v1_contract_on_v2.Tests.test_longest_family_name_and_source_evidence_offsets) ... ok
test_missing_or_fractional_cell_never_imputed (test_v1_contract_on_v2.Tests.test_missing_or_fractional_cell_never_imputed) ... ok
test_negated_and_bare_citation_not_positive_context (test_v1_contract_on_v2.Tests.test_negated_and_bare_citation_not_positive_context) ... ok
test_qualified_complete_response_not_erased (test_v1_contract_on_v2.Tests.test_qualified_complete_response_not_erased) ... ok
test_source_literals_denominators_and_input_unchanged (test_v1_contract_on_v2.Tests.test_source_literals_denominators_and_input_unchanged) ... ok
test_suffix_only_does_not_identify_irecist (test_v1_contract_on_v2.Tests.test_suffix_only_does_not_identify_irecist) ... ok
test_unconfirmed_confirmed_progression_not_collapsed (test_v1_contract_on_v2.Tests.test_unconfirmed_confirmed_progression_not_collapsed) ... ok
test_unprefixed_labels_with_modified_irrc (test_v1_contract_on_v2.Tests.test_unprefixed_labels_with_modified_irrc) ... ok
test_assessment_and_earlier_study_history_still_abstains (test_historical_repair.HistoricalRepairTests.test_assessment_and_earlier_study_history_still_abstains) ... ok
test_population_and_comparator_history_is_not_assessment_history (test_historical_repair.HistoricalRepairTests.test_population_and_comparator_history_is_not_assessment_history) ... ok

----------------------------------------------------------------------
Ran 22 tests in 0.012s

OK
