...................F................................ [ 71%]
.....................                                                    [100%]
================================== FAILURES ===================================
__ test_current_bound_plan_executes_one_local_worker_and_then_reuses_output ___
scripts\tests\test_research_cycle.py:291: in test_current_bound_plan_executes_one_local_worker_and_then_reuses_output
    result = cycle.collect(tmp_path, cache, "test-owner", destination / "plan.json", receipt_path, verification)
             ^^^^^^^^^^^^^^^^^^^^^^^^^^^^^^^^^^^^^^^^^^^^^^^^^^^^^^^^^^^^^^^^^^^^^^^^^^^^^^^^^^^^^^^^^^^^^^^^^^^
scripts\research_cycle.py:217: in collect
    raise runner.Refused("; ".join(issues))
E   local_ownership.Refused: Worker changed files outside its bounded contract
============================ slowest 15 durations =============================
2.09s call     scripts/tests/test_research_ownership.py::OwnershipTests::test_other_clone_reads_disabled_handover_before_claim_push
2.00s call     scripts/tests/test_research_cycle.py::test_current_bound_plan_executes_one_local_worker_and_then_reuses_output
1.73s call     scripts/tests/test_research_run.py::RunnerTests::test_timeout_stops_descendants
1.61s call     scripts/tests/test_research_run.py::RunnerTests::test_read_only_audit_is_bounded_and_does_not_claim_cutover
1.56s call     scripts/tests/test_research_cycle.py::test_failed_worker_is_preserved_as_attempted_without_claiming_valid_output[missing_worktree]
1.55s call     scripts/tests/test_research_run.py::RunnerTests::test_bounded_success_retains_worktree_and_receipt
1.52s call     scripts/tests/test_research_run.py::RunnerTests::test_dispatch_budget_stops_incomplete_task_without_claiming_readiness
1.45s call     scripts/tests/test_research_cycle.py::test_failed_worker_is_preserved_as_attempted_without_claiming_valid_output[changed_input]
1.40s call     scripts/tests/test_research_cycle.py::test_copied_cycle_dispatch_is_rechecked_before_auth[unbound]
1.29s call     scripts/tests/test_research_cycle.py::test_worker_scope_and_integrated_output_mismatch_are_refused
1.27s call     scripts/tests/test_research_cycle.py::test_copied_cycle_dispatch_is_rechecked_before_auth[base]
1.21s call     scripts/tests/test_research_cycle.py::test_failed_worker_is_preserved_as_attempted_without_claiming_valid_output[outside_scope]
1.18s call     scripts/tests/test_research_cycle.py::test_maintenance_requires_measurement_and_cannot_displace_science
1.14s call     scripts/tests/test_research_ownership.py::OwnershipTests::test_artifact_inventory_binds_untracked_files_and_deletions
1.11s call     scripts/tests/test_research_cycle.py::test_verified_work_is_reused_but_changed_input_is_new_work
=========================== short test summary info ===========================
FAILED scripts/tests/test_research_cycle.py::test_current_bound_plan_executes_one_local_worker_and_then_reuses_output
1 failed, 72 passed, 20 subtests passed in 46.80s
