{
  "findings": [
    {
      "file": "research\\release-candidates\\PUB-ASO\\2026-09-12-preprint-upload\\manuscript.md",
      "line": 65,
      "rule": "R4-confirms",
      "severity": "WARN",
      "match": "confirmed",
      "message": "reserve confirm/establish/validate for results with a committed primary artifact; otherwise say concordant / consistent with",
      "source": "roadmap language discipline",
      "context": "The two selected junctions have a modelled coverage of 68.4% of molecularly confirmed cases."
    },
    {
      "file": "research\\release-candidates\\PUB-ASO\\2026-09-12-preprint-upload\\manuscript.md",
      "line": 131,
      "rule": "R4-confirms",
      "severity": "WARN",
      "match": "establishes",
      "message": "reserve confirm/establish/validate for results with a committed primary artifact; otherwise say concordant / consistent with",
      "source": "roadmap language discipline",
      "context": "none establishes clinical readiness."
    },
    {
      "file": "research\\release-candidates\\PUB-ASO\\2026-09-12-preprint-upload\\manuscript.md",
      "line": 143,
      "rule": "R4-confirms",
      "severity": "WARN",
      "match": "establishes",
      "message": "reserve confirm/establish/validate for results with a committed primary artifact; otherwise say concordant / consistent with",
      "source": "roadmap language discipline",
      "context": "Order only from fusion-junction-aso-sequences.csv, which specifies sequence, locked residues and backbone, after RNA sequencing establishes the test article's breakpoint at nucleotide resolution."
    },
    {
      "file": "research\\release-candidates\\PUB-VACCINE-PATH\\2026-09-12-preprint-upload\\manuscript.md",
      "line": 90,
      "rule": "R4-confirms",
      "severity": "WARN",
      "match": "confirmed",
      "message": "reserve confirm/establish/validate for results with a committed primary artifact; otherwise say concordant / consistent with",
      "source": "roadmap language discipline",
      "context": "*EWSR1*::*NR4A3* is the commonest fusion, reported in approximately 62 to 75% of cases [7] and in 79% of a molecularly confirmed series of 58 cases [10];"
    },
    {
      "file": "research\\release-candidates\\PUB-VACCINE-PATH\\2026-09-12-preprint-upload\\manuscript.md",
      "line": 214,
      "rule": "R4-confirms",
      "severity": "WARN",
      "match": "establishes",
      "message": "reserve confirm/establish/validate for results with a committed primary artifact; otherwise say concordant / consistent with",
      "source": "roadmap language discipline",
      "context": "What the screen establishes is the size of the antigen supply a frameshift at this locus would provide if one were ever observed, which is a property of the locus and answers the question rather than "
    },
    {
      "file": "research\\release-candidates\\PUB-VACCINE-PATH\\2026-09-12-preprint-upload\\manuscript.md",
      "line": 490,
      "rule": "R4-confirms",
      "severity": "WARN",
      "match": "validated",
      "message": "reserve confirm/establish/validate for results with a committed primary artifact; otherwise say concordant / consistent with",
      "source": "roadmap language discipline",
      "context": "Extending the panels beyond 10 and 34 class I alleles to the full validated set is a computational task and would raise the denominator."
    },
    {
      "file": "research\\release-candidates\\PUB-VACCINE-PATH\\2026-09-12-preprint-upload\\manuscript.md",
      "line": 496,
      "rule": "R4-confirms",
      "severity": "WARN",
      "match": "validated",
      "message": "reserve confirm/establish/validate for results with a committed primary artifact; otherwise say concordant / consistent with",
      "source": "roadmap language discipline",
      "context": "Calibrating that cut against a benchmark of experimentally validated neoepitopes is the form that settling would take."
    },
    {
      "file": "research\\release-candidates\\PUB-VACCINE-PATH\\2026-09-12-preprint-upload\\manuscript.md",
      "line": 498,
      "rule": "R4-confirms",
      "severity": "WARN",
      "match": "validated",
      "message": "reserve confirm/establish/validate for results with a committed primary artifact; otherwise say concordant / consistent with",
      "source": "roadmap language discipline",
      "context": "The experimentally validated fusion-junction epitopes in the literature are individual sequences across a few fusions:"
    },
    {
      "file": "research\\release-candidates\\PUB-VACCINE-PATH\\2026-09-12-preprint-upload\\manuscript.md",
      "line": 1123,
      "rule": "R4-confirms",
      "severity": "WARN",
      "match": "confirmed",
      "message": "reserve confirm/establish/validate for results with a committed primary artifact; otherwise say concordant / consistent with",
      "source": "roadmap language discipline",
      "context": "A phase 2 histology-specific EMC cohort within the IMMUNOSARC II master protocol evaluated sunitinib with nivolumab in adults with advanced, progressing, centrally confirmed EMC across nine centres in"
    },
    {
      "file": "research\\release-candidates\\PUB-VACCINE-PATH\\2026-09-12-preprint-upload\\manuscript.md",
      "line": 1196,
      "rule": "R4-confirms",
      "severity": "WARN",
      "match": "validated",
      "message": "reserve confirm/establish/validate for results with a committed primary artifact; otherwise say concordant / consistent with",
      "source": "roadmap language discipline",
      "context": "The class I panels remain at 10 and 34 alleles against the full validated set, which would raise the denominator of every coverage figure."
    },
    {
      "file": "research\\release-candidates\\PUB-VACCINE-PATH\\2026-09-12-preprint-upload\\manuscript.md",
      "line": 1230,
      "rule": "R4-confirms",
      "severity": "WARN",
      "match": "establishes",
      "message": "reserve confirm/establish/validate for results with a committed primary artifact; otherwise say concordant / consistent with",
      "source": "roadmap language discipline",
      "context": "None establishes that this junction, on these alleles, is presented at usable abundance, and none of them measures abundance at all."
    },
    {
      "file": "research\\release-candidates\\PUB-FUSION-OUTPUT\\2026-09-12-preprint-upload\\manuscript.md",
      "line": 1183,
      "rule": "R3-first-to",
      "severity": "WARN",
      "match": "the first report",
      "message": "a first-in-field claim needs the prior-art citations the roadmap mandates (Chen 2023; JCTC 2025 5c00064/5c00736; JCIM 2024 4c01227)",
      "source": "roadmap The paper must cite and benchmark against this prior art",
      "context": "Amber marks the circular *PPARG*/GPL3290 reading, scored on the cohort behind the first report of high *PPARG* in EMC (\u00a73.8):"
    },
    {
      "file": "research\\release-candidates\\PUB-FUSION-OUTPUT\\2026-09-12-preprint-upload\\supplement.md",
      "line": 114,
      "rule": "R4-confirms",
      "severity": "WARN",
      "match": "validated",
      "message": "reserve confirm/establish/validate for results with a committed primary artifact; otherwise say concordant / consistent with",
      "source": "roadmap language discipline",
      "context": "and PMCID PMC10088923 | | **VTN** | B | NR4A3 (native) | listed by an independent review as a functionally validated direct target, over-expression + blocking-antibody / silencing rescue of migration,"
    }
  ],
  "n_error": 0,
  "n_warn": 13
}
