{
  "status": "passed",
  "checks_count": 1384,
  "checks": [
    "immutable independent freeze: contract.json",
    "immutable independent freeze: reading-label-protocol.json",
    "immutable independent freeze: independent_judgments.py",
    "immutable independent freeze: independent-labels.json",
    "immutable independent freeze: source-evidence.json",
    "immutable independent freeze: reading-log.json",
    "frozen allowed input: label-protocol.json",
    "frozen allowed input: selection.json",
    "frozen allowed input: freeze-receipt.json",
    "frozen allowed input: review-packet.json",
    "same selection as first reader",
    "offline deterministic selection: EMC/ordinary",
    "unique frozen stratum frame: EMC/ordinary",
    "offline deterministic selection: EMC/molecular_only",
    "unique frozen stratum frame: EMC/molecular_only",
    "offline deterministic selection: EMC/parent_only",
    "unique frozen stratum frame: EMC/parent_only",
    "offline deterministic selection: DSRCT/ordinary",
    "unique frozen stratum frame: DSRCT/ordinary",
    "offline deterministic selection: DSRCT/molecular_only",
    "unique frozen stratum frame: DSRCT/molecular_only",
    "offline deterministic selection: DSRCT/parent_only",
    "unique frozen stratum frame: DSRCT/parent_only",
    "offline deterministic selection: SS/ordinary",
    "unique frozen stratum frame: SS/ordinary",
    "offline deterministic selection: SS/molecular_only",
    "unique frozen stratum frame: SS/molecular_only",
    "offline deterministic selection: SS/parent_only",
    "unique frozen stratum frame: SS/parent_only",
    "49 unique selected pairs and 33 metadata memberships",
    "18 challenge memberships, two overlaps",
    "149 ordinary/molecular frame pairs are separate expansion target",
    "every adjudicated pair appears exactly once",
    "37 distinct trials",
    "49 unique independent judgments",
    "unique evidence identifiers",
    "raw pointer value NCT03967834:eligibilityModule",
    "raw value canonical hash NCT03967834:eligibilityModule",
    "raw pointer value NCT03967834:descriptionModule",
    "raw value canonical hash NCT03967834:descriptionModule",
    "raw pointer value NCT03967834:armsInterventionsModule",
    "raw value canonical hash NCT03967834:armsInterventionsModule",
    "raw pointer value NCT03967834:conditionsModule",
    "raw value canonical hash NCT03967834:conditionsModule",
    "raw pointer value NCT03967834:designModule",
    "raw value canonical hash NCT03967834:designModule",
    "raw pointer value NCT03967834:statusModule",
    "raw value canonical hash NCT03967834:statusModule",
    "exact independent excerpt NCT03967834:quote:0",
    "excerpt hash NCT03967834:quote:0",
    "exact independent excerpt NCT03967834:quote:1",
    "excerpt hash NCT03967834:quote:1",
    "raw pointer value NCT05918640:eligibilityModule",
    "raw value canonical hash NCT05918640:eligibilityModule",
    "raw pointer value NCT05918640:descriptionModule",
    "raw value canonical hash NCT05918640:descriptionModule",
    "raw pointer value NCT05918640:armsInterventionsModule",
    "raw value canonical hash NCT05918640:armsInterventionsModule",
    "raw pointer value NCT05918640:conditionsModule",
    "raw value canonical hash NCT05918640:conditionsModule",
    "raw pointer value NCT05918640:designModule",
    "raw value canonical hash NCT05918640:designModule",
    "raw pointer value NCT05918640:statusModule",
    "raw value canonical hash NCT05918640:statusModule",
    "exact independent excerpt NCT05918640:quote:0",
    "excerpt hash NCT05918640:quote:0",
    "exact independent excerpt NCT05918640:quote:1",
    "excerpt hash NCT05918640:quote:1",
    "raw pointer value NCT07695311:eligibilityModule",
    "raw value canonical hash NCT07695311:eligibilityModule",
    "raw pointer value NCT07695311:descriptionModule",
    "raw value canonical hash NCT07695311:descriptionModule",
    "raw pointer value NCT07695311:armsInterventionsModule",
    "raw value canonical hash NCT07695311:armsInterventionsModule",
    "raw pointer value NCT07695311:conditionsModule",
    "raw value canonical hash NCT07695311:conditionsModule",
    "raw pointer value NCT07695311:designModule",
    "raw value canonical hash NCT07695311:designModule",
    "raw pointer value NCT07695311:statusModule",
    "raw value canonical hash NCT07695311:statusModule",
    "exact independent excerpt NCT07695311:quote:0",
    "excerpt hash NCT07695311:quote:0",
    "exact independent excerpt NCT07695311:quote:1",
    "excerpt hash NCT07695311:quote:1",
    "raw pointer value NCT06277154:eligibilityModule",
    "raw value canonical hash NCT06277154:eligibilityModule",
    "raw pointer value NCT06277154:descriptionModule",
    "raw value canonical hash NCT06277154:descriptionModule",
    "raw pointer value NCT06277154:armsInterventionsModule",
    "raw value canonical hash NCT06277154:armsInterventionsModule",
    "raw pointer value NCT06277154:conditionsModule",
    "raw value canonical hash NCT06277154:conditionsModule",
    "raw pointer value NCT06277154:designModule",
    "raw value canonical hash NCT06277154:designModule",
    "raw pointer value NCT06277154:statusModule",
    "raw value canonical hash NCT06277154:statusModule",
    "exact independent excerpt NCT06277154:quote:0",
    "excerpt hash NCT06277154:quote:0",
    "raw pointer value NCT06625190:eligibilityModule",
    "raw value canonical hash NCT06625190:eligibilityModule",
    "raw pointer value NCT06625190:descriptionModule",
    "raw value canonical hash NCT06625190:descriptionModule",
    "raw pointer value NCT06625190:armsInterventionsModule",
    "raw value canonical hash NCT06625190:armsInterventionsModule",
    "raw pointer value NCT06625190:conditionsModule",
    "raw value canonical hash NCT06625190:conditionsModule",
    "raw pointer value NCT06625190:designModule",
    "raw value canonical hash NCT06625190:designModule",
    "raw pointer value NCT06625190:statusModule",
    "raw value canonical hash NCT06625190:statusModule",
    "exact independent excerpt NCT06625190:quote:0",
    "excerpt hash NCT06625190:quote:0",
    "exact independent excerpt NCT06625190:quote:1",
    "excerpt hash NCT06625190:quote:1",
    "raw pointer value NCT06456359:eligibilityModule",
    "raw value canonical hash NCT06456359:eligibilityModule",
    "raw pointer value NCT06456359:descriptionModule",
    "raw value canonical hash NCT06456359:descriptionModule",
    "raw pointer value NCT06456359:armsInterventionsModule",
    "raw value canonical hash NCT06456359:armsInterventionsModule",
    "raw pointer value NCT06456359:conditionsModule",
    "raw value canonical hash NCT06456359:conditionsModule",
    "raw pointer value NCT06456359:designModule",
    "raw value canonical hash NCT06456359:designModule",
    "raw pointer value NCT06456359:statusModule",
    "raw value canonical hash NCT06456359:statusModule",
    "exact independent excerpt NCT06456359:quote:0",
    "excerpt hash NCT06456359:quote:0",
    "exact independent excerpt NCT06456359:quote:1",
    "excerpt hash NCT06456359:quote:1",
    "raw pointer value NCT05135975:eligibilityModule",
    "raw value canonical hash NCT05135975:eligibilityModule",
    "raw pointer value NCT05135975:descriptionModule",
    "raw value canonical hash NCT05135975:descriptionModule",
    "raw pointer value NCT05135975:armsInterventionsModule",
    "raw value canonical hash NCT05135975:armsInterventionsModule",
    "raw pointer value NCT05135975:conditionsModule",
    "raw value canonical hash NCT05135975:conditionsModule",
    "raw pointer value NCT05135975:designModule",
    "raw value canonical hash NCT05135975:designModule",
    "raw pointer value NCT05135975:statusModule",
    "raw value canonical hash NCT05135975:statusModule",
    "exact independent excerpt NCT05135975:quote:0",
    "excerpt hash NCT05135975:quote:0",
    "exact independent excerpt NCT05135975:quote:1",
    "excerpt hash NCT05135975:quote:1",
    "exact independent excerpt NCT05135975:quote:2",
    "excerpt hash NCT05135975:quote:2",
    "raw pointer value NCT04901702:eligibilityModule",
    "raw value canonical hash NCT04901702:eligibilityModule",
    "raw pointer value NCT04901702:descriptionModule",
    "raw value canonical hash NCT04901702:descriptionModule",
    "raw pointer value NCT04901702:armsInterventionsModule",
    "raw value canonical hash NCT04901702:armsInterventionsModule",
    "raw pointer value NCT04901702:conditionsModule",
    "raw value canonical hash NCT04901702:conditionsModule",
    "raw pointer value NCT04901702:designModule",
    "raw value canonical hash NCT04901702:designModule",
    "raw pointer value NCT04901702:statusModule",
    "raw value canonical hash NCT04901702:statusModule",
    "exact independent excerpt NCT04901702:quote:0",
    "excerpt hash NCT04901702:quote:0",
    "exact independent excerpt NCT04901702:quote:1",
    "excerpt hash NCT04901702:quote:1",
    "raw pointer value NCT07297979:eligibilityModule",
    "raw value canonical hash NCT07297979:eligibilityModule",
    "raw pointer value NCT07297979:descriptionModule",
    "raw value canonical hash NCT07297979:descriptionModule",
    "raw pointer value NCT07297979:armsInterventionsModule",
    "raw value canonical hash NCT07297979:armsInterventionsModule",
    "raw pointer value NCT07297979:conditionsModule",
    "raw value canonical hash NCT07297979:conditionsModule",
    "raw pointer value NCT07297979:designModule",
    "raw value canonical hash NCT07297979:designModule",
    "raw pointer value NCT07297979:statusModule",
    "raw value canonical hash NCT07297979:statusModule",
    "exact independent excerpt NCT07297979:quote:0",
    "excerpt hash NCT07297979:quote:0",
    "raw pointer value NCT05071209:eligibilityModule",
    "raw value canonical hash NCT05071209:eligibilityModule",
    "raw pointer value NCT05071209:descriptionModule",
    "raw value canonical hash NCT05071209:descriptionModule",
    "raw pointer value NCT05071209:armsInterventionsModule",
    "raw value canonical hash NCT05071209:armsInterventionsModule",
    "raw pointer value NCT05071209:conditionsModule",
    "raw value canonical hash NCT05071209:conditionsModule",
    "raw pointer value NCT05071209:designModule",
    "raw value canonical hash NCT05071209:designModule",
    "raw pointer value NCT05071209:statusModule",
    "raw value canonical hash NCT05071209:statusModule",
    "exact independent excerpt NCT05071209:quote:0",
    "excerpt hash NCT05071209:quote:0",
    "exact independent excerpt NCT05071209:quote:1",
    "excerpt hash NCT05071209:quote:1",
    "exact independent excerpt NCT05071209:quote:2",
    "excerpt hash NCT05071209:quote:2",
    "raw pointer value NCT01804634:eligibilityModule",
    "raw value canonical hash NCT01804634:eligibilityModule",
    "raw pointer value NCT01804634:descriptionModule",
    "raw value canonical hash NCT01804634:descriptionModule",
    "raw pointer value NCT01804634:armsInterventionsModule",
    "raw value canonical hash NCT01804634:armsInterventionsModule",
    "raw pointer value NCT01804634:conditionsModule",
    "raw value canonical hash NCT01804634:conditionsModule",
    "raw pointer value NCT01804634:designModule",
    "raw value canonical hash NCT01804634:designModule",
    "raw pointer value NCT01804634:statusModule",
    "raw value canonical hash NCT01804634:statusModule",
    "exact independent excerpt NCT01804634:quote:0",
    "excerpt hash NCT01804634:quote:0",
    "exact independent excerpt NCT01804634:quote:1",
    "excerpt hash NCT01804634:quote:1",
    "raw pointer value NCT06239272:eligibilityModule",
    "raw value canonical hash NCT06239272:eligibilityModule",
    "raw pointer value NCT06239272:descriptionModule",
    "raw value canonical hash NCT06239272:descriptionModule",
    "raw pointer value NCT06239272:armsInterventionsModule",
    "raw value canonical hash NCT06239272:armsInterventionsModule",
    "raw pointer value NCT06239272:conditionsModule",
    "raw value canonical hash NCT06239272:conditionsModule",
    "raw pointer value NCT06239272:designModule",
    "raw value canonical hash NCT06239272:designModule",
    "raw pointer value NCT06239272:statusModule",
    "raw value canonical hash NCT06239272:statusModule",
    "exact independent excerpt NCT06239272:quote:0",
    "excerpt hash NCT06239272:quote:0",
    "raw pointer value NCT03013998:eligibilityModule",
    "raw value canonical hash NCT03013998:eligibilityModule",
    "raw pointer value NCT03013998:descriptionModule",
    "raw value canonical hash NCT03013998:descriptionModule",
    "raw pointer value NCT03013998:armsInterventionsModule",
    "raw value canonical hash NCT03013998:armsInterventionsModule",
    "raw pointer value NCT03013998:conditionsModule",
    "raw value canonical hash NCT03013998:conditionsModule",
    "raw pointer value NCT03013998:designModule",
    "raw value canonical hash NCT03013998:designModule",
    "raw pointer value NCT03013998:statusModule",
    "raw value canonical hash NCT03013998:statusModule",
    "exact independent excerpt NCT03013998:quote:0",
    "excerpt hash NCT03013998:quote:0",
    "exact independent excerpt NCT03013998:quote:1",
    "excerpt hash NCT03013998:quote:1",
    "raw pointer value NCT07188532:eligibilityModule",
    "raw value canonical hash NCT07188532:eligibilityModule",
    "raw pointer value NCT07188532:descriptionModule",
    "raw value canonical hash NCT07188532:descriptionModule",
    "raw pointer value NCT07188532:armsInterventionsModule",
    "raw value canonical hash NCT07188532:armsInterventionsModule",
    "raw pointer value NCT07188532:conditionsModule",
    "raw value canonical hash NCT07188532:conditionsModule",
    "raw pointer value NCT07188532:designModule",
    "raw value canonical hash NCT07188532:designModule",
    "raw pointer value NCT07188532:statusModule",
    "raw value canonical hash NCT07188532:statusModule",
    "exact independent excerpt NCT07188532:quote:0",
    "excerpt hash NCT07188532:quote:0",
    "raw pointer value NCT06526897:eligibilityModule",
    "raw value canonical hash NCT06526897:eligibilityModule",
    "raw pointer value NCT06526897:descriptionModule",
    "raw value canonical hash NCT06526897:descriptionModule",
    "raw pointer value NCT06526897:armsInterventionsModule",
    "raw value canonical hash NCT06526897:armsInterventionsModule",
    "raw pointer value NCT06526897:conditionsModule",
    "raw value canonical hash NCT06526897:conditionsModule",
    "raw pointer value NCT06526897:designModule",
    "raw value canonical hash NCT06526897:designModule",
    "raw pointer value NCT06526897:statusModule",
    "raw value canonical hash NCT06526897:statusModule",
    "exact independent excerpt NCT06526897:quote:0",
    "excerpt hash NCT06526897:quote:0",
    "exact independent excerpt NCT06526897:quote:1",
    "excerpt hash NCT06526897:quote:1",
    "raw pointer value NCT06367075:eligibilityModule",
    "raw value canonical hash NCT06367075:eligibilityModule",
    "raw pointer value NCT06367075:descriptionModule",
    "raw value canonical hash NCT06367075:descriptionModule",
    "raw pointer value NCT06367075:armsInterventionsModule",
    "raw value canonical hash NCT06367075:armsInterventionsModule",
    "raw pointer value NCT06367075:conditionsModule",
    "raw value canonical hash NCT06367075:conditionsModule",
    "raw pointer value NCT06367075:designModule",
    "raw value canonical hash NCT06367075:designModule",
    "raw pointer value NCT06367075:statusModule",
    "raw value canonical hash NCT06367075:statusModule",
    "exact independent excerpt NCT06367075:quote:0",
    "excerpt hash NCT06367075:quote:0",
    "exact independent excerpt NCT06367075:quote:1",
    "excerpt hash NCT06367075:quote:1",
    "raw pointer value NCT07202884:eligibilityModule",
    "raw value canonical hash NCT07202884:eligibilityModule",
    "raw pointer value NCT07202884:descriptionModule",
    "raw value canonical hash NCT07202884:descriptionModule",
    "raw pointer value NCT07202884:armsInterventionsModule",
    "raw value canonical hash NCT07202884:armsInterventionsModule",
    "raw pointer value NCT07202884:conditionsModule",
    "raw value canonical hash NCT07202884:conditionsModule",
    "raw pointer value NCT07202884:designModule",
    "raw value canonical hash NCT07202884:designModule",
    "raw pointer value NCT07202884:statusModule",
    "raw value canonical hash NCT07202884:statusModule",
    "exact independent excerpt NCT07202884:quote:0",
    "excerpt hash NCT07202884:quote:0",
    "raw pointer value NCT07037433:eligibilityModule",
    "raw value canonical hash NCT07037433:eligibilityModule",
    "raw pointer value NCT07037433:descriptionModule",
    "raw value canonical hash NCT07037433:descriptionModule",
    "raw pointer value NCT07037433:armsInterventionsModule",
    "raw value canonical hash NCT07037433:armsInterventionsModule",
    "raw pointer value NCT07037433:conditionsModule",
    "raw value canonical hash NCT07037433:conditionsModule",
    "raw pointer value NCT07037433:designModule",
    "raw value canonical hash NCT07037433:designModule",
    "raw pointer value NCT07037433:statusModule",
    "raw value canonical hash NCT07037433:statusModule",
    "exact independent excerpt NCT07037433:quote:0",
    "excerpt hash NCT07037433:quote:0",
    "raw pointer value NCT07141732:eligibilityModule",
    "raw value canonical hash NCT07141732:eligibilityModule",
    "raw pointer value NCT07141732:descriptionModule",
    "raw value canonical hash NCT07141732:descriptionModule",
    "raw pointer value NCT07141732:armsInterventionsModule",
    "raw value canonical hash NCT07141732:armsInterventionsModule",
    "raw pointer value NCT07141732:conditionsModule",
    "raw value canonical hash NCT07141732:conditionsModule",
    "raw pointer value NCT07141732:designModule",
    "raw value canonical hash NCT07141732:designModule",
    "raw pointer value NCT07141732:statusModule",
    "raw value canonical hash NCT07141732:statusModule",
    "exact independent excerpt NCT07141732:quote:0",
    "excerpt hash NCT07141732:quote:0",
    "exact independent excerpt NCT07141732:quote:1",
    "excerpt hash NCT07141732:quote:1",
    "raw pointer value NCT06094101:eligibilityModule",
    "raw value canonical hash NCT06094101:eligibilityModule",
    "raw pointer value NCT06094101:descriptionModule",
    "raw value canonical hash NCT06094101:descriptionModule",
    "raw pointer value NCT06094101:armsInterventionsModule",
    "raw value canonical hash NCT06094101:armsInterventionsModule",
    "raw pointer value NCT06094101:conditionsModule",
    "raw value canonical hash NCT06094101:conditionsModule",
    "raw pointer value NCT06094101:designModule",
    "raw value canonical hash NCT06094101:designModule",
    "raw pointer value NCT06094101:statusModule",
    "raw value canonical hash NCT06094101:statusModule",
    "exact independent excerpt NCT06094101:quote:0",
    "excerpt hash NCT06094101:quote:0",
    "exact independent excerpt NCT06094101:quote:1",
    "excerpt hash NCT06094101:quote:1",
    "raw pointer value NCT06571734:eligibilityModule",
    "raw value canonical hash NCT06571734:eligibilityModule",
    "raw pointer value NCT06571734:descriptionModule",
    "raw value canonical hash NCT06571734:descriptionModule",
    "raw pointer value NCT06571734:armsInterventionsModule",
    "raw value canonical hash NCT06571734:armsInterventionsModule",
    "raw pointer value NCT06571734:conditionsModule",
    "raw value canonical hash NCT06571734:conditionsModule",
    "raw pointer value NCT06571734:designModule",
    "raw value canonical hash NCT06571734:designModule",
    "raw pointer value NCT06571734:statusModule",
    "raw value canonical hash NCT06571734:statusModule",
    "exact independent excerpt NCT06571734:quote:0",
    "excerpt hash NCT06571734:quote:0",
    "exact independent excerpt NCT06571734:quote:1",
    "excerpt hash NCT06571734:quote:1",
    "raw pointer value NCT06235125:eligibilityModule",
    "raw value canonical hash NCT06235125:eligibilityModule",
    "raw pointer value NCT06235125:descriptionModule",
    "raw value canonical hash NCT06235125:descriptionModule",
    "raw pointer value NCT06235125:armsInterventionsModule",
    "raw value canonical hash NCT06235125:armsInterventionsModule",
    "raw pointer value NCT06235125:conditionsModule",
    "raw value canonical hash NCT06235125:conditionsModule",
    "raw pointer value NCT06235125:designModule",
    "raw value canonical hash NCT06235125:designModule",
    "raw pointer value NCT06235125:statusModule",
    "raw value canonical hash NCT06235125:statusModule",
    "exact independent excerpt NCT06235125:quote:0",
    "excerpt hash NCT06235125:quote:0",
    "raw pointer value NCT07383116:eligibilityModule",
    "raw value canonical hash NCT07383116:eligibilityModule",
    "raw pointer value NCT07383116:descriptionModule",
    "raw value canonical hash NCT07383116:descriptionModule",
    "raw pointer value NCT07383116:armsInterventionsModule",
    "raw value canonical hash NCT07383116:armsInterventionsModule",
    "raw pointer value NCT07383116:conditionsModule",
    "raw value canonical hash NCT07383116:conditionsModule",
    "raw pointer value NCT07383116:designModule",
    "raw value canonical hash NCT07383116:designModule",
    "raw pointer value NCT07383116:statusModule",
    "raw value canonical hash NCT07383116:statusModule",
    "exact independent excerpt NCT07383116:quote:0",
    "excerpt hash NCT07383116:quote:0",
    "exact independent excerpt NCT07383116:quote:1",
    "excerpt hash NCT07383116:quote:1",
    "raw pointer value NCT06646627:eligibilityModule",
    "raw value canonical hash NCT06646627:eligibilityModule",
    "raw pointer value NCT06646627:descriptionModule",
    "raw value canonical hash NCT06646627:descriptionModule",
    "raw pointer value NCT06646627:armsInterventionsModule",
    "raw value canonical hash NCT06646627:armsInterventionsModule",
    "raw pointer value NCT06646627:conditionsModule",
    "raw value canonical hash NCT06646627:conditionsModule",
    "raw pointer value NCT06646627:designModule",
    "raw value canonical hash NCT06646627:designModule",
    "raw pointer value NCT06646627:statusModule",
    "raw value canonical hash NCT06646627:statusModule",
    "exact independent excerpt NCT06646627:quote:0",
    "excerpt hash NCT06646627:quote:0",
    "exact independent excerpt NCT06646627:quote:1",
    "excerpt hash NCT06646627:quote:1",
    "raw pointer value NCT04776525:eligibilityModule",
    "raw value canonical hash NCT04776525:eligibilityModule",
    "raw pointer value NCT04776525:descriptionModule",
    "raw value canonical hash NCT04776525:descriptionModule",
    "raw pointer value NCT04776525:armsInterventionsModule",
    "raw value canonical hash NCT04776525:armsInterventionsModule",
    "raw pointer value NCT04776525:conditionsModule",
    "raw value canonical hash NCT04776525:conditionsModule",
    "raw pointer value NCT04776525:designModule",
    "raw value canonical hash NCT04776525:designModule",
    "raw pointer value NCT04776525:statusModule",
    "raw value canonical hash NCT04776525:statusModule",
    "exact independent excerpt NCT04776525:quote:0",
    "excerpt hash NCT04776525:quote:0",
    "raw pointer value NCT07698899:eligibilityModule",
    "raw value canonical hash NCT07698899:eligibilityModule",
    "raw pointer value NCT07698899:descriptionModule",
    "raw value canonical hash NCT07698899:descriptionModule",
    "raw pointer value NCT07698899:armsInterventionsModule",
    "raw value canonical hash NCT07698899:armsInterventionsModule",
    "raw pointer value NCT07698899:conditionsModule",
    "raw value canonical hash NCT07698899:conditionsModule",
    "raw pointer value NCT07698899:designModule",
    "raw value canonical hash NCT07698899:designModule",
    "raw pointer value NCT07698899:statusModule",
    "raw value canonical hash NCT07698899:statusModule",
    "exact independent excerpt NCT07698899:quote:0",
    "excerpt hash NCT07698899:quote:0",
    "raw pointer value NCT07271914:eligibilityModule",
    "raw value canonical hash NCT07271914:eligibilityModule",
    "raw pointer value NCT07271914:descriptionModule",
    "raw value canonical hash NCT07271914:descriptionModule",
    "raw pointer value NCT07271914:armsInterventionsModule",
    "raw value canonical hash NCT07271914:armsInterventionsModule",
    "raw pointer value NCT07271914:conditionsModule",
    "raw value canonical hash NCT07271914:conditionsModule",
    "raw pointer value NCT07271914:designModule",
    "raw value canonical hash NCT07271914:designModule",
    "raw pointer value NCT07271914:statusModule",
    "raw value canonical hash NCT07271914:statusModule",
    "exact independent excerpt NCT07271914:quote:0",
    "excerpt hash NCT07271914:quote:0",
    "raw pointer value NCT07359053:eligibilityModule",
    "raw value canonical hash NCT07359053:eligibilityModule",
    "raw pointer value NCT07359053:descriptionModule",
    "raw value canonical hash NCT07359053:descriptionModule",
    "raw pointer value NCT07359053:armsInterventionsModule",
    "raw value canonical hash NCT07359053:armsInterventionsModule",
    "raw pointer value NCT07359053:conditionsModule",
    "raw value canonical hash NCT07359053:conditionsModule",
    "raw pointer value NCT07359053:designModule",
    "raw value canonical hash NCT07359053:designModule",
    "raw pointer value NCT07359053:statusModule",
    "raw value canonical hash NCT07359053:statusModule",
    "exact independent excerpt NCT07359053:quote:0",
    "excerpt hash NCT07359053:quote:0",
    "raw pointer value NCT05774275:eligibilityModule",
    "raw value canonical hash NCT05774275:eligibilityModule",
    "raw pointer value NCT05774275:descriptionModule",
    "raw value canonical hash NCT05774275:descriptionModule",
    "raw pointer value NCT05774275:armsInterventionsModule",
    "raw value canonical hash NCT05774275:armsInterventionsModule",
    "raw pointer value NCT05774275:conditionsModule",
    "raw value canonical hash NCT05774275:conditionsModule",
    "raw pointer value NCT05774275:designModule",
    "raw value canonical hash NCT05774275:designModule",
    "raw pointer value NCT05774275:statusModule",
    "raw value canonical hash NCT05774275:statusModule",
    "exact independent excerpt NCT05774275:quote:0",
    "excerpt hash NCT05774275:quote:0",
    "raw pointer value NCT07575724:eligibilityModule",
    "raw value canonical hash NCT07575724:eligibilityModule",
    "raw pointer value NCT07575724:descriptionModule",
    "raw value canonical hash NCT07575724:descriptionModule",
    "raw pointer value NCT07575724:armsInterventionsModule",
    "raw value canonical hash NCT07575724:armsInterventionsModule",
    "raw pointer value NCT07575724:conditionsModule",
    "raw value canonical hash NCT07575724:conditionsModule",
    "raw pointer value NCT07575724:designModule",
    "raw value canonical hash NCT07575724:designModule",
    "raw pointer value NCT07575724:statusModule",
    "raw value canonical hash NCT07575724:statusModule",
    "exact independent excerpt NCT07575724:quote:0",
    "excerpt hash NCT07575724:quote:0",
    "raw pointer value NCT06761651:eligibilityModule",
    "raw value canonical hash NCT06761651:eligibilityModule",
    "raw pointer value NCT06761651:descriptionModule",
    "raw value canonical hash NCT06761651:descriptionModule",
    "raw pointer value NCT06761651:armsInterventionsModule",
    "raw value canonical hash NCT06761651:armsInterventionsModule",
    "raw pointer value NCT06761651:conditionsModule",
    "raw value canonical hash NCT06761651:conditionsModule",
    "raw pointer value NCT06761651:designModule",
    "raw value canonical hash NCT06761651:designModule",
    "raw pointer value NCT06761651:statusModule",
    "raw value canonical hash NCT06761651:statusModule",
    "exact independent excerpt NCT06761651:quote:0",
    "excerpt hash NCT06761651:quote:0",
    "exact independent excerpt NCT06761651:quote:1",
    "excerpt hash NCT06761651:quote:1",
    "raw pointer value NCT05949125:eligibilityModule",
    "raw value canonical hash NCT05949125:eligibilityModule",
    "raw pointer value NCT05949125:descriptionModule",
    "raw value canonical hash NCT05949125:descriptionModule",
    "raw pointer value NCT05949125:armsInterventionsModule",
    "raw value canonical hash NCT05949125:armsInterventionsModule",
    "raw pointer value NCT05949125:conditionsModule",
    "raw value canonical hash NCT05949125:conditionsModule",
    "raw pointer value NCT05949125:designModule",
    "raw value canonical hash NCT05949125:designModule",
    "raw pointer value NCT05949125:statusModule",
    "raw value canonical hash NCT05949125:statusModule",
    "exact independent excerpt NCT05949125:quote:0",
    "excerpt hash NCT05949125:quote:0",
    "raw pointer value NCT07030959:eligibilityModule",
    "raw value canonical hash NCT07030959:eligibilityModule",
    "raw pointer value NCT07030959:descriptionModule",
    "raw value canonical hash NCT07030959:descriptionModule",
    "raw pointer value NCT07030959:armsInterventionsModule",
    "raw value canonical hash NCT07030959:armsInterventionsModule",
    "raw pointer value NCT07030959:conditionsModule",
    "raw value canonical hash NCT07030959:conditionsModule",
    "raw pointer value NCT07030959:designModule",
    "raw value canonical hash NCT07030959:designModule",
    "raw pointer value NCT07030959:statusModule",
    "raw value canonical hash NCT07030959:statusModule",
    "exact independent excerpt NCT07030959:quote:0",
    "excerpt hash NCT07030959:quote:0",
    "raw pointer value NCT06979596:eligibilityModule",
    "raw value canonical hash NCT06979596:eligibilityModule",
    "raw pointer value NCT06979596:descriptionModule",
    "raw value canonical hash NCT06979596:descriptionModule",
    "raw pointer value NCT06979596:armsInterventionsModule",
    "raw value canonical hash NCT06979596:armsInterventionsModule",
    "raw pointer value NCT06979596:conditionsModule",
    "raw value canonical hash NCT06979596:conditionsModule",
    "raw pointer value NCT06979596:designModule",
    "raw value canonical hash NCT06979596:designModule",
    "raw pointer value NCT06979596:statusModule",
    "raw value canonical hash NCT06979596:statusModule",
    "exact independent excerpt NCT06979596:quote:0",
    "excerpt hash NCT06979596:quote:0",
    "exact independent excerpt NCT06979596:quote:1",
    "excerpt hash NCT06979596:quote:1",
    "raw pointer value NCT07686367:eligibilityModule",
    "raw value canonical hash NCT07686367:eligibilityModule",
    "raw pointer value NCT07686367:descriptionModule",
    "raw value canonical hash NCT07686367:descriptionModule",
    "raw pointer value NCT07686367:armsInterventionsModule",
    "raw value canonical hash NCT07686367:armsInterventionsModule",
    "raw pointer value NCT07686367:conditionsModule",
    "raw value canonical hash NCT07686367:conditionsModule",
    "raw pointer value NCT07686367:designModule",
    "raw value canonical hash NCT07686367:designModule",
    "raw pointer value NCT07686367:statusModule",
    "raw value canonical hash NCT07686367:statusModule",
    "exact independent excerpt NCT07686367:quote:0",
    "excerpt hash NCT07686367:quote:0",
    "exact independent excerpt NCT07686367:quote:1",
    "excerpt hash NCT07686367:quote:1",
    "raw pointer value NCT04282044:eligibilityModule",
    "raw value canonical hash NCT04282044:eligibilityModule",
    "raw pointer value NCT04282044:descriptionModule",
    "raw value canonical hash NCT04282044:descriptionModule",
    "raw pointer value NCT04282044:armsInterventionsModule",
    "raw value canonical hash NCT04282044:armsInterventionsModule",
    "raw pointer value NCT04282044:conditionsModule",
    "raw value canonical hash NCT04282044:conditionsModule",
    "raw pointer value NCT04282044:designModule",
    "raw value canonical hash NCT04282044:designModule",
    "raw pointer value NCT04282044:statusModule",
    "raw value canonical hash NCT04282044:statusModule",
    "exact independent excerpt NCT04282044:quote:0",
    "excerpt hash NCT04282044:quote:0",
    "raw pointer value NCT05687136:eligibilityModule",
    "raw value canonical hash NCT05687136:eligibilityModule",
    "raw pointer value NCT05687136:descriptionModule",
    "raw value canonical hash NCT05687136:descriptionModule",
    "raw pointer value NCT05687136:armsInterventionsModule",
    "raw value canonical hash NCT05687136:armsInterventionsModule",
    "raw pointer value NCT05687136:conditionsModule",
    "raw value canonical hash NCT05687136:conditionsModule",
    "raw pointer value NCT05687136:designModule",
    "raw value canonical hash NCT05687136:designModule",
    "raw pointer value NCT05687136:statusModule",
    "raw value canonical hash NCT05687136:statusModule",
    "exact independent excerpt NCT05687136:quote:0",
    "excerpt hash NCT05687136:quote:0",
    "exact independent excerpt NCT05687136:quote:1",
    "excerpt hash NCT05687136:quote:1",
    "all first-reader source pointers, byte hashes and excerpt offsets resolve",
    "first and independent readers judged same module version: DSRCT:NCT01804634/eligibilityModule",
    "first and independent readers judged same module version: DSRCT:NCT01804634/descriptionModule",
    "first and independent readers judged same module version: DSRCT:NCT01804634/conditionsModule",
    "first and independent readers judged same module version: DSRCT:NCT01804634/armsInterventionsModule",
    "first and independent readers judged same module version: DSRCT:NCT01804634/designModule",
    "first and independent readers judged same module version: DSRCT:NCT01804634/statusModule",
    "first-reader cohort pointer source identifiable: DSRCT:NCT01804634",
    "first and independent readers judged same module version: DSRCT:NCT03013998/eligibilityModule",
    "first and independent readers judged same module version: DSRCT:NCT03013998/descriptionModule",
    "first and independent readers judged same module version: DSRCT:NCT03013998/conditionsModule",
    "first and independent readers judged same module version: DSRCT:NCT03013998/armsInterventionsModule",
    "first and independent readers judged same module version: DSRCT:NCT03013998/designModule",
    "first and independent readers judged same module version: DSRCT:NCT03013998/statusModule",
    "first-reader cohort pointer source identifiable: DSRCT:NCT03013998",
    "first and independent readers judged same module version: DSRCT:NCT03967834/eligibilityModule",
    "first and independent readers judged same module version: DSRCT:NCT03967834/descriptionModule",
    "first and independent readers judged same module version: DSRCT:NCT03967834/conditionsModule",
    "first and independent readers judged same module version: DSRCT:NCT03967834/armsInterventionsModule",
    "first and independent readers judged same module version: DSRCT:NCT03967834/designModule",
    "first and independent readers judged same module version: DSRCT:NCT03967834/statusModule",
    "first-reader cohort pointer source identifiable: DSRCT:NCT03967834",
    "first and independent readers judged same module version: DSRCT:NCT04901702/eligibilityModule",
    "first and independent readers judged same module version: DSRCT:NCT04901702/descriptionModule",
    "first and independent readers judged same module version: DSRCT:NCT04901702/conditionsModule",
    "first and independent readers judged same module version: DSRCT:NCT04901702/armsInterventionsModule",
    "first and independent readers judged same module version: DSRCT:NCT04901702/designModule",
    "first and independent readers judged same module version: DSRCT:NCT04901702/statusModule",
    "first-reader cohort pointer source identifiable: DSRCT:NCT04901702",
    "first-reader cohort pointer source identifiable: DSRCT:NCT04901702",
    "first-reader cohort pointer source identifiable: DSRCT:NCT04901702",
    "first and independent readers judged same module version: DSRCT:NCT05071209/eligibilityModule",
    "first and independent readers judged same module version: DSRCT:NCT05071209/descriptionModule",
    "first and independent readers judged same module version: DSRCT:NCT05071209/conditionsModule",
    "first and independent readers judged same module version: DSRCT:NCT05071209/armsInterventionsModule",
    "first and independent readers judged same module version: DSRCT:NCT05071209/designModule",
    "first and independent readers judged same module version: DSRCT:NCT05071209/statusModule",
    "first-reader cohort pointer source identifiable: DSRCT:NCT05071209",
    "first-reader cohort pointer source identifiable: DSRCT:NCT05071209",
    "first-reader cohort pointer source identifiable: DSRCT:NCT05071209",
    "first and independent readers judged same module version: DSRCT:NCT05135975/eligibilityModule",
    "first and independent readers judged same module version: DSRCT:NCT05135975/descriptionModule",
    "first and independent readers judged same module version: DSRCT:NCT05135975/conditionsModule",
    "first and independent readers judged same module version: DSRCT:NCT05135975/armsInterventionsModule",
    "first and independent readers judged same module version: DSRCT:NCT05135975/designModule",
    "first and independent readers judged same module version: DSRCT:NCT05135975/statusModule",
    "first-reader cohort pointer source identifiable: DSRCT:NCT05135975",
    "first-reader cohort pointer source identifiable: DSRCT:NCT05135975",
    "first and independent readers judged same module version: DSRCT:NCT05687136/eligibilityModule",
    "first and independent readers judged same module version: DSRCT:NCT05687136/descriptionModule",
    "first and independent readers judged same module version: DSRCT:NCT05687136/conditionsModule",
    "first and independent readers judged same module version: DSRCT:NCT05687136/armsInterventionsModule",
    "first and independent readers judged same module version: DSRCT:NCT05687136/designModule",
    "first and independent readers judged same module version: DSRCT:NCT05687136/statusModule",
    "first-reader cohort pointer source identifiable: DSRCT:NCT05687136",
    "first-reader cohort pointer source identifiable: DSRCT:NCT05687136",
    "first and independent readers judged same module version: DSRCT:NCT05918640/eligibilityModule",
    "first and independent readers judged same module version: DSRCT:NCT05918640/descriptionModule",
    "first and independent readers judged same module version: DSRCT:NCT05918640/conditionsModule",
    "first and independent readers judged same module version: DSRCT:NCT05918640/armsInterventionsModule",
    "first and independent readers judged same module version: DSRCT:NCT05918640/designModule",
    "first and independent readers judged same module version: DSRCT:NCT05918640/statusModule",
    "first-reader cohort pointer source identifiable: DSRCT:NCT05918640",
    "first-reader cohort pointer source identifiable: DSRCT:NCT05918640",
    "first and independent readers judged same module version: DSRCT:NCT05949125/eligibilityModule",
    "first and independent readers judged same module version: DSRCT:NCT05949125/descriptionModule",
    "first and independent readers judged same module version: DSRCT:NCT05949125/conditionsModule",
    "first and independent readers judged same module version: DSRCT:NCT05949125/armsInterventionsModule",
    "first and independent readers judged same module version: DSRCT:NCT05949125/designModule",
    "first and independent readers judged same module version: DSRCT:NCT05949125/statusModule",
    "first-reader cohort pointer source identifiable: DSRCT:NCT05949125",
    "first and independent readers judged same module version: DSRCT:NCT06094101/eligibilityModule",
    "first and independent readers judged same module version: DSRCT:NCT06094101/descriptionModule",
    "first and independent readers judged same module version: DSRCT:NCT06094101/conditionsModule",
    "first and independent readers judged same module version: DSRCT:NCT06094101/armsInterventionsModule",
    "first and independent readers judged same module version: DSRCT:NCT06094101/designModule",
    "first and independent readers judged same module version: DSRCT:NCT06094101/statusModule",
    "first-reader cohort pointer source identifiable: DSRCT:NCT06094101",
    "first-reader cohort pointer source identifiable: DSRCT:NCT06094101",
    "first and independent readers judged same module version: DSRCT:NCT06239272/eligibilityModule",
    "first and independent readers judged same module version: DSRCT:NCT06239272/descriptionModule",
    "first and independent readers judged same module version: DSRCT:NCT06239272/conditionsModule",
    "first and independent readers judged same module version: DSRCT:NCT06239272/armsInterventionsModule",
    "first and independent readers judged same module version: DSRCT:NCT06239272/designModule",
    "first and independent readers judged same module version: DSRCT:NCT06239272/statusModule",
    "first-reader cohort pointer source identifiable: DSRCT:NCT06239272",
    "first and independent readers judged same module version: DSRCT:NCT06277154/eligibilityModule",
    "first and independent readers judged same module version: DSRCT:NCT06277154/descriptionModule",
    "first and independent readers judged same module version: DSRCT:NCT06277154/conditionsModule",
    "first and independent readers judged same module version: DSRCT:NCT06277154/armsInterventionsModule",
    "first and independent readers judged same module version: DSRCT:NCT06277154/designModule",
    "first and independent readers judged same module version: DSRCT:NCT06277154/statusModule",
    "first-reader cohort pointer source identifiable: DSRCT:NCT06277154",
    "first and independent readers judged same module version: DSRCT:NCT06526897/eligibilityModule",
    "first and independent readers judged same module version: DSRCT:NCT06526897/descriptionModule",
    "first and independent readers judged same module version: DSRCT:NCT06526897/conditionsModule",
    "first and independent readers judged same module version: DSRCT:NCT06526897/armsInterventionsModule",
    "first and independent readers judged same module version: DSRCT:NCT06526897/designModule",
    "first and independent readers judged same module version: DSRCT:NCT06526897/statusModule",
    "first-reader cohort pointer source identifiable: DSRCT:NCT06526897",
    "first and independent readers judged same module version: DSRCT:NCT06571734/eligibilityModule",
    "first and independent readers judged same module version: DSRCT:NCT06571734/descriptionModule",
    "first and independent readers judged same module version: DSRCT:NCT06571734/conditionsModule",
    "first and independent readers judged same module version: DSRCT:NCT06571734/armsInterventionsModule",
    "first and independent readers judged same module version: DSRCT:NCT06571734/designModule",
    "first and independent readers judged same module version: DSRCT:NCT06571734/statusModule",
    "first-reader cohort pointer source identifiable: DSRCT:NCT06571734",
    "first-reader cohort pointer source identifiable: DSRCT:NCT06571734",
    "first-reader cohort pointer source identifiable: DSRCT:NCT06571734",
    "first and independent readers judged same module version: DSRCT:NCT06979596/eligibilityModule",
    "first and independent readers judged same module version: DSRCT:NCT06979596/descriptionModule",
    "first and independent readers judged same module version: DSRCT:NCT06979596/conditionsModule",
    "first and independent readers judged same module version: DSRCT:NCT06979596/armsInterventionsModule",
    "first and independent readers judged same module version: DSRCT:NCT06979596/designModule",
    "first and independent readers judged same module version: DSRCT:NCT06979596/statusModule",
    "first-reader cohort pointer source identifiable: DSRCT:NCT06979596",
    "first and independent readers judged same module version: DSRCT:NCT07030959/eligibilityModule",
    "first and independent readers judged same module version: DSRCT:NCT07030959/descriptionModule",
    "first and independent readers judged same module version: DSRCT:NCT07030959/conditionsModule",
    "first and independent readers judged same module version: DSRCT:NCT07030959/armsInterventionsModule",
    "first and independent readers judged same module version: DSRCT:NCT07030959/designModule",
    "first and independent readers judged same module version: DSRCT:NCT07030959/statusModule",
    "first-reader cohort pointer source identifiable: DSRCT:NCT07030959",
    "first and independent readers judged same module version: DSRCT:NCT07271914/eligibilityModule",
    "first and independent readers judged same module version: DSRCT:NCT07271914/descriptionModule",
    "first and independent readers judged same module version: DSRCT:NCT07271914/conditionsModule",
    "first and independent readers judged same module version: DSRCT:NCT07271914/armsInterventionsModule",
    "first and independent readers judged same module version: DSRCT:NCT07271914/designModule",
    "first and independent readers judged same module version: DSRCT:NCT07271914/statusModule",
    "first-reader cohort pointer source identifiable: DSRCT:NCT07271914",
    "first and independent readers judged same module version: DSRCT:NCT07297979/eligibilityModule",
    "first and independent readers judged same module version: DSRCT:NCT07297979/descriptionModule",
    "first and independent readers judged same module version: DSRCT:NCT07297979/conditionsModule",
    "first and independent readers judged same module version: DSRCT:NCT07297979/armsInterventionsModule",
    "first and independent readers judged same module version: DSRCT:NCT07297979/designModule",
    "first and independent readers judged same module version: DSRCT:NCT07297979/statusModule",
    "first-reader cohort pointer source identifiable: DSRCT:NCT07297979",
    "first and independent readers judged same module version: EMC:NCT05071209/eligibilityModule",
    "first and independent readers judged same module version: EMC:NCT05071209/descriptionModule",
    "first and independent readers judged same module version: EMC:NCT05071209/conditionsModule",
    "first and independent readers judged same module version: EMC:NCT05071209/armsInterventionsModule",
    "first and independent readers judged same module version: EMC:NCT05071209/designModule",
    "first and independent readers judged same module version: EMC:NCT05071209/statusModule",
    "first-reader cohort pointer source identifiable: EMC:NCT05071209",
    "first-reader cohort pointer source identifiable: EMC:NCT05071209",
    "first-reader cohort pointer source identifiable: EMC:NCT05071209",
    "first and independent readers judged same module version: EMC:NCT05135975/eligibilityModule",
    "first and independent readers judged same module version: EMC:NCT05135975/descriptionModule",
    "first and independent readers judged same module version: EMC:NCT05135975/conditionsModule",
    "first and independent readers judged same module version: EMC:NCT05135975/armsInterventionsModule",
    "first and independent readers judged same module version: EMC:NCT05135975/designModule",
    "first and independent readers judged same module version: EMC:NCT05135975/statusModule",
    "first-reader cohort pointer source identifiable: EMC:NCT05135975",
    "first-reader cohort pointer source identifiable: EMC:NCT05135975",
    "first and independent readers judged same module version: EMC:NCT05687136/eligibilityModule",
    "first and independent readers judged same module version: EMC:NCT05687136/descriptionModule",
    "first and independent readers judged same module version: EMC:NCT05687136/conditionsModule",
    "first and independent readers judged same module version: EMC:NCT05687136/armsInterventionsModule",
    "first and independent readers judged same module version: EMC:NCT05687136/designModule",
    "first and independent readers judged same module version: EMC:NCT05687136/statusModule",
    "first-reader cohort pointer source identifiable: EMC:NCT05687136",
    "first-reader cohort pointer source identifiable: EMC:NCT05687136",
    "first and independent readers judged same module version: EMC:NCT05918640/eligibilityModule",
    "first and independent readers judged same module version: EMC:NCT05918640/descriptionModule",
    "first and independent readers judged same module version: EMC:NCT05918640/conditionsModule",
    "first and independent readers judged same module version: EMC:NCT05918640/armsInterventionsModule",
    "first and independent readers judged same module version: EMC:NCT05918640/designModule",
    "first and independent readers judged same module version: EMC:NCT05918640/statusModule",
    "first-reader cohort pointer source identifiable: EMC:NCT05918640",
    "first-reader cohort pointer source identifiable: EMC:NCT05918640",
    "first and independent readers judged same module version: EMC:NCT06094101/eligibilityModule",
    "first and independent readers judged same module version: EMC:NCT06094101/descriptionModule",
    "first and independent readers judged same module version: EMC:NCT06094101/conditionsModule",
    "first and independent readers judged same module version: EMC:NCT06094101/armsInterventionsModule",
    "first and independent readers judged same module version: EMC:NCT06094101/designModule",
    "first and independent readers judged same module version: EMC:NCT06094101/statusModule",
    "first-reader cohort pointer source identifiable: EMC:NCT06094101",
    "first-reader cohort pointer source identifiable: EMC:NCT06094101",
    "first and independent readers judged same module version: EMC:NCT06235125/eligibilityModule",
    "first and independent readers judged same module version: EMC:NCT06235125/descriptionModule",
    "first and independent readers judged same module version: EMC:NCT06235125/conditionsModule",
    "first and independent readers judged same module version: EMC:NCT06235125/armsInterventionsModule",
    "first and independent readers judged same module version: EMC:NCT06235125/designModule",
    "first and independent readers judged same module version: EMC:NCT06235125/statusModule",
    "first-reader cohort pointer source identifiable: EMC:NCT06235125",
    "first and independent readers judged same module version: EMC:NCT06367075/eligibilityModule",
    "first and independent readers judged same module version: EMC:NCT06367075/descriptionModule",
    "first and independent readers judged same module version: EMC:NCT06367075/conditionsModule",
    "first and independent readers judged same module version: EMC:NCT06367075/armsInterventionsModule",
    "first and independent readers judged same module version: EMC:NCT06367075/designModule",
    "first and independent readers judged same module version: EMC:NCT06367075/statusModule",
    "first-reader cohort pointer source identifiable: EMC:NCT06367075",
    "first and independent readers judged same module version: EMC:NCT06456359/eligibilityModule",
    "first and independent readers judged same module version: EMC:NCT06456359/descriptionModule",
    "first and independent readers judged same module version: EMC:NCT06456359/conditionsModule",
    "first and independent readers judged same module version: EMC:NCT06456359/armsInterventionsModule",
    "first and independent readers judged same module version: EMC:NCT06456359/designModule",
    "first and independent readers judged same module version: EMC:NCT06456359/statusModule",
    "first-reader cohort pointer source identifiable: EMC:NCT06456359",
    "first and independent readers judged same module version: EMC:NCT06571734/eligibilityModule",
    "first and independent readers judged same module version: EMC:NCT06571734/descriptionModule",
    "first and independent readers judged same module version: EMC:NCT06571734/conditionsModule",
    "first and independent readers judged same module version: EMC:NCT06571734/armsInterventionsModule",
    "first and independent readers judged same module version: EMC:NCT06571734/designModule",
    "first and independent readers judged same module version: EMC:NCT06571734/statusModule",
    "first-reader cohort pointer source identifiable: EMC:NCT06571734",
    "first-reader cohort pointer source identifiable: EMC:NCT06571734",
    "first-reader cohort pointer source identifiable: EMC:NCT06571734",
    "first and independent readers judged same module version: EMC:NCT06646627/eligibilityModule",
    "first and independent readers judged same module version: EMC:NCT06646627/descriptionModule",
    "first and independent readers judged same module version: EMC:NCT06646627/conditionsModule",
    "first and independent readers judged same module version: EMC:NCT06646627/armsInterventionsModule",
    "first and independent readers judged same module version: EMC:NCT06646627/designModule",
    "first and independent readers judged same module version: EMC:NCT06646627/statusModule",
    "first-reader cohort pointer source identifiable: EMC:NCT06646627",
    "first and independent readers judged same module version: EMC:NCT07037433/eligibilityModule",
    "first and independent readers judged same module version: EMC:NCT07037433/descriptionModule",
    "first and independent readers judged same module version: EMC:NCT07037433/conditionsModule",
    "first and independent readers judged same module version: EMC:NCT07037433/armsInterventionsModule",
    "first and independent readers judged same module version: EMC:NCT07037433/designModule",
    "first and independent readers judged same module version: EMC:NCT07037433/statusModule",
    "first-reader cohort pointer source identifiable: EMC:NCT07037433",
    "first and independent readers judged same module version: EMC:NCT07141732/eligibilityModule",
    "first and independent readers judged same module version: EMC:NCT07141732/descriptionModule",
    "first and independent readers judged same module version: EMC:NCT07141732/conditionsModule",
    "first and independent readers judged same module version: EMC:NCT07141732/armsInterventionsModule",
    "first and independent readers judged same module version: EMC:NCT07141732/designModule",
    "first and independent readers judged same module version: EMC:NCT07141732/statusModule",
    "first-reader cohort pointer source identifiable: EMC:NCT07141732",
    "first and independent readers judged same module version: EMC:NCT07188532/eligibilityModule",
    "first and independent readers judged same module version: EMC:NCT07188532/descriptionModule",
    "first and independent readers judged same module version: EMC:NCT07188532/conditionsModule",
    "first and independent readers judged same module version: EMC:NCT07188532/armsInterventionsModule",
    "first and independent readers judged same module version: EMC:NCT07188532/designModule",
    "first and independent readers judged same module version: EMC:NCT07188532/statusModule",
    "first-reader cohort pointer source identifiable: EMC:NCT07188532",
    "first and independent readers judged same module version: EMC:NCT07202884/eligibilityModule",
    "first and independent readers judged same module version: EMC:NCT07202884/descriptionModule",
    "first and independent readers judged same module version: EMC:NCT07202884/conditionsModule",
    "first and independent readers judged same module version: EMC:NCT07202884/armsInterventionsModule",
    "first and independent readers judged same module version: EMC:NCT07202884/designModule",
    "first and independent readers judged same module version: EMC:NCT07202884/statusModule",
    "first-reader cohort pointer source identifiable: EMC:NCT07202884",
    "first and independent readers judged same module version: EMC:NCT07359053/eligibilityModule",
    "first and independent readers judged same module version: EMC:NCT07359053/descriptionModule",
    "first and independent readers judged same module version: EMC:NCT07359053/conditionsModule",
    "first and independent readers judged same module version: EMC:NCT07359053/armsInterventionsModule",
    "first and independent readers judged same module version: EMC:NCT07359053/designModule",
    "first and independent readers judged same module version: EMC:NCT07359053/statusModule",
    "first-reader cohort pointer source identifiable: EMC:NCT07359053",
    "first and independent readers judged same module version: EMC:NCT07383116/eligibilityModule",
    "first and independent readers judged same module version: EMC:NCT07383116/descriptionModule",
    "first and independent readers judged same module version: EMC:NCT07383116/conditionsModule",
    "first and independent readers judged same module version: EMC:NCT07383116/armsInterventionsModule",
    "first and independent readers judged same module version: EMC:NCT07383116/designModule",
    "first and independent readers judged same module version: EMC:NCT07383116/statusModule",
    "first-reader cohort pointer source identifiable: EMC:NCT07383116",
    "first and independent readers judged same module version: EMC:NCT07695311/eligibilityModule",
    "first and independent readers judged same module version: EMC:NCT07695311/descriptionModule",
    "first and independent readers judged same module version: EMC:NCT07695311/conditionsModule",
    "first and independent readers judged same module version: EMC:NCT07695311/armsInterventionsModule",
    "first and independent readers judged same module version: EMC:NCT07695311/designModule",
    "first and independent readers judged same module version: EMC:NCT07695311/statusModule",
    "first-reader cohort pointer source identifiable: EMC:NCT07695311",
    "first and independent readers judged same module version: SS:NCT04282044/eligibilityModule",
    "first and independent readers judged same module version: SS:NCT04282044/descriptionModule",
    "first and independent readers judged same module version: SS:NCT04282044/conditionsModule",
    "first and independent readers judged same module version: SS:NCT04282044/armsInterventionsModule",
    "first and independent readers judged same module version: SS:NCT04282044/designModule",
    "first and independent readers judged same module version: SS:NCT04282044/statusModule",
    "first-reader cohort pointer source identifiable: SS:NCT04282044",
    "first and independent readers judged same module version: SS:NCT04776525/eligibilityModule",
    "first and independent readers judged same module version: SS:NCT04776525/descriptionModule",
    "first and independent readers judged same module version: SS:NCT04776525/conditionsModule",
    "first and independent readers judged same module version: SS:NCT04776525/armsInterventionsModule",
    "first and independent readers judged same module version: SS:NCT04776525/designModule",
    "first and independent readers judged same module version: SS:NCT04776525/statusModule",
    "first-reader cohort pointer source identifiable: SS:NCT04776525",
    "first and independent readers judged same module version: SS:NCT05071209/eligibilityModule",
    "first and independent readers judged same module version: SS:NCT05071209/descriptionModule",
    "first and independent readers judged same module version: SS:NCT05071209/conditionsModule",
    "first and independent readers judged same module version: SS:NCT05071209/armsInterventionsModule",
    "first and independent readers judged same module version: SS:NCT05071209/designModule",
    "first and independent readers judged same module version: SS:NCT05071209/statusModule",
    "first-reader cohort pointer source identifiable: SS:NCT05071209",
    "first-reader cohort pointer source identifiable: SS:NCT05071209",
    "first-reader cohort pointer source identifiable: SS:NCT05071209",
    "first and independent readers judged same module version: SS:NCT05135975/eligibilityModule",
    "first and independent readers judged same module version: SS:NCT05135975/descriptionModule",
    "first and independent readers judged same module version: SS:NCT05135975/conditionsModule",
    "first and independent readers judged same module version: SS:NCT05135975/armsInterventionsModule",
    "first and independent readers judged same module version: SS:NCT05135975/designModule",
    "first and independent readers judged same module version: SS:NCT05135975/statusModule",
    "first-reader cohort pointer source identifiable: SS:NCT05135975",
    "first-reader cohort pointer source identifiable: SS:NCT05135975",
    "first and independent readers judged same module version: SS:NCT05687136/eligibilityModule",
    "first and independent readers judged same module version: SS:NCT05687136/descriptionModule",
    "first and independent readers judged same module version: SS:NCT05687136/conditionsModule",
    "first and independent readers judged same module version: SS:NCT05687136/armsInterventionsModule",
    "first and independent readers judged same module version: SS:NCT05687136/designModule",
    "first and independent readers judged same module version: SS:NCT05687136/statusModule",
    "first-reader cohort pointer source identifiable: SS:NCT05687136",
    "first-reader cohort pointer source identifiable: SS:NCT05687136",
    "first and independent readers judged same module version: SS:NCT05774275/eligibilityModule",
    "first and independent readers judged same module version: SS:NCT05774275/descriptionModule",
    "first and independent readers judged same module version: SS:NCT05774275/conditionsModule",
    "first and independent readers judged same module version: SS:NCT05774275/armsInterventionsModule",
    "first and independent readers judged same module version: SS:NCT05774275/designModule",
    "first and independent readers judged same module version: SS:NCT05774275/statusModule",
    "first-reader cohort pointer source identifiable: SS:NCT05774275",
    "first and independent readers judged same module version: SS:NCT05918640/eligibilityModule",
    "first and independent readers judged same module version: SS:NCT05918640/descriptionModule",
    "first and independent readers judged same module version: SS:NCT05918640/conditionsModule",
    "first and independent readers judged same module version: SS:NCT05918640/armsInterventionsModule",
    "first and independent readers judged same module version: SS:NCT05918640/designModule",
    "first and independent readers judged same module version: SS:NCT05918640/statusModule",
    "first-reader cohort pointer source identifiable: SS:NCT05918640",
    "first-reader cohort pointer source identifiable: SS:NCT05918640",
    "first and independent readers judged same module version: SS:NCT06094101/eligibilityModule",
    "first and independent readers judged same module version: SS:NCT06094101/descriptionModule",
    "first and independent readers judged same module version: SS:NCT06094101/conditionsModule",
    "first and independent readers judged same module version: SS:NCT06094101/armsInterventionsModule",
    "first and independent readers judged same module version: SS:NCT06094101/designModule",
    "first and independent readers judged same module version: SS:NCT06094101/statusModule",
    "first-reader cohort pointer source identifiable: SS:NCT06094101",
    "first-reader cohort pointer source identifiable: SS:NCT06094101",
    "first and independent readers judged same module version: SS:NCT06571734/eligibilityModule",
    "first and independent readers judged same module version: SS:NCT06571734/descriptionModule",
    "first and independent readers judged same module version: SS:NCT06571734/conditionsModule",
    "first and independent readers judged same module version: SS:NCT06571734/armsInterventionsModule",
    "first and independent readers judged same module version: SS:NCT06571734/designModule",
    "first and independent readers judged same module version: SS:NCT06571734/statusModule",
    "first-reader cohort pointer source identifiable: SS:NCT06571734",
    "first-reader cohort pointer source identifiable: SS:NCT06571734",
    "first-reader cohort pointer source identifiable: SS:NCT06571734",
    "first and independent readers judged same module version: SS:NCT06625190/eligibilityModule",
    "first and independent readers judged same module version: SS:NCT06625190/descriptionModule",
    "first and independent readers judged same module version: SS:NCT06625190/conditionsModule",
    "first and independent readers judged same module version: SS:NCT06625190/armsInterventionsModule",
    "first and independent readers judged same module version: SS:NCT06625190/designModule",
    "first and independent readers judged same module version: SS:NCT06625190/statusModule",
    "first-reader cohort pointer source identifiable: SS:NCT06625190",
    "first and independent readers judged same module version: SS:NCT06761651/eligibilityModule",
    "first and independent readers judged same module version: SS:NCT06761651/descriptionModule",
    "first and independent readers judged same module version: SS:NCT06761651/conditionsModule",
    "first and independent readers judged same module version: SS:NCT06761651/armsInterventionsModule",
    "first and independent readers judged same module version: SS:NCT06761651/designModule",
    "first and independent readers judged same module version: SS:NCT06761651/statusModule",
    "first-reader cohort pointer source identifiable: SS:NCT06761651",
    "first-reader cohort pointer source identifiable: SS:NCT06761651",
    "first and independent readers judged same module version: SS:NCT07575724/eligibilityModule",
    "first and independent readers judged same module version: SS:NCT07575724/descriptionModule",
    "first and independent readers judged same module version: SS:NCT07575724/conditionsModule",
    "first and independent readers judged same module version: SS:NCT07575724/armsInterventionsModule",
    "first and independent readers judged same module version: SS:NCT07575724/designModule",
    "first and independent readers judged same module version: SS:NCT07575724/statusModule",
    "first-reader cohort pointer source identifiable: SS:NCT07575724",
    "first and independent readers judged same module version: SS:NCT07686367/eligibilityModule",
    "first and independent readers judged same module version: SS:NCT07686367/descriptionModule",
    "first and independent readers judged same module version: SS:NCT07686367/conditionsModule",
    "first and independent readers judged same module version: SS:NCT07686367/armsInterventionsModule",
    "first and independent readers judged same module version: SS:NCT07686367/designModule",
    "first and independent readers judged same module version: SS:NCT07686367/statusModule",
    "first-reader cohort pointer source identifiable: SS:NCT07686367",
    "first and independent readers judged same module version: SS:NCT07698899/eligibilityModule",
    "first and independent readers judged same module version: SS:NCT07698899/descriptionModule",
    "first and independent readers judged same module version: SS:NCT07698899/conditionsModule",
    "first and independent readers judged same module version: SS:NCT07698899/armsInterventionsModule",
    "first and independent readers judged same module version: SS:NCT07698899/designModule",
    "first and independent readers judged same module version: SS:NCT07698899/statusModule",
    "first-reader cohort pointer source identifiable: SS:NCT07698899",
    "original exact memberships and fractions: DSRCT:NCT01804634",
    "reproduce authored independent label: DSRCT:NCT01804634",
    "snapshot status preserved: DSRCT:NCT01804634",
    "no invented patient/protocol determination: DSRCT:NCT01804634",
    "explicit uncertainty fields: DSRCT:NCT01804634",
    "pair evidence IDs resolve: DSRCT:NCT01804634",
    "purpose and phase retained: DSRCT:NCT01804634",
    "decision label agrees with reference: DSRCT:NCT01804634",
    "original exact memberships and fractions: DSRCT:NCT03013998",
    "reproduce authored independent label: DSRCT:NCT03013998",
    "snapshot status preserved: DSRCT:NCT03013998",
    "no invented patient/protocol determination: DSRCT:NCT03013998",
    "explicit uncertainty fields: DSRCT:NCT03013998",
    "pair evidence IDs resolve: DSRCT:NCT03013998",
    "purpose and phase retained: DSRCT:NCT03013998",
    "decision label agrees with reference: DSRCT:NCT03013998",
    "original exact memberships and fractions: DSRCT:NCT03967834",
    "reproduce authored independent label: DSRCT:NCT03967834",
    "snapshot status preserved: DSRCT:NCT03967834",
    "no invented patient/protocol determination: DSRCT:NCT03967834",
    "explicit uncertainty fields: DSRCT:NCT03967834",
    "pair evidence IDs resolve: DSRCT:NCT03967834",
    "purpose and phase retained: DSRCT:NCT03967834",
    "decision label agrees with reference: DSRCT:NCT03967834",
    "original exact memberships and fractions: DSRCT:NCT04901702",
    "reproduce authored independent label: DSRCT:NCT04901702",
    "snapshot status preserved: DSRCT:NCT04901702",
    "no invented patient/protocol determination: DSRCT:NCT04901702",
    "explicit uncertainty fields: DSRCT:NCT04901702",
    "pair evidence IDs resolve: DSRCT:NCT04901702",
    "purpose and phase retained: DSRCT:NCT04901702",
    "decision label agrees with reference: DSRCT:NCT04901702",
    "original exact memberships and fractions: DSRCT:NCT05071209",
    "reproduce authored independent label: DSRCT:NCT05071209",
    "snapshot status preserved: DSRCT:NCT05071209",
    "no invented patient/protocol determination: DSRCT:NCT05071209",
    "explicit uncertainty fields: DSRCT:NCT05071209",
    "pair evidence IDs resolve: DSRCT:NCT05071209",
    "purpose and phase retained: DSRCT:NCT05071209",
    "decision label agrees with reference: DSRCT:NCT05071209",
    "original exact memberships and fractions: DSRCT:NCT05135975",
    "reproduce authored independent label: DSRCT:NCT05135975",
    "snapshot status preserved: DSRCT:NCT05135975",
    "no invented patient/protocol determination: DSRCT:NCT05135975",
    "explicit uncertainty fields: DSRCT:NCT05135975",
    "pair evidence IDs resolve: DSRCT:NCT05135975",
    "purpose and phase retained: DSRCT:NCT05135975",
    "decision label agrees with reference: DSRCT:NCT05135975",
    "original exact memberships and fractions: DSRCT:NCT05687136",
    "reproduce authored independent label: DSRCT:NCT05687136",
    "snapshot status preserved: DSRCT:NCT05687136",
    "no invented patient/protocol determination: DSRCT:NCT05687136",
    "explicit uncertainty fields: DSRCT:NCT05687136",
    "pair evidence IDs resolve: DSRCT:NCT05687136",
    "purpose and phase retained: DSRCT:NCT05687136",
    "decision label agrees with reference: DSRCT:NCT05687136",
    "unestablished marker never unconditional positive: DSRCT:NCT05687136",
    "original exact memberships and fractions: DSRCT:NCT05918640",
    "reproduce authored independent label: DSRCT:NCT05918640",
    "snapshot status preserved: DSRCT:NCT05918640",
    "no invented patient/protocol determination: DSRCT:NCT05918640",
    "explicit uncertainty fields: DSRCT:NCT05918640",
    "pair evidence IDs resolve: DSRCT:NCT05918640",
    "purpose and phase retained: DSRCT:NCT05918640",
    "decision label agrees with reference: DSRCT:NCT05918640",
    "original exact memberships and fractions: DSRCT:NCT05949125",
    "reproduce authored independent label: DSRCT:NCT05949125",
    "snapshot status preserved: DSRCT:NCT05949125",
    "no invented patient/protocol determination: DSRCT:NCT05949125",
    "explicit uncertainty fields: DSRCT:NCT05949125",
    "pair evidence IDs resolve: DSRCT:NCT05949125",
    "purpose and phase retained: DSRCT:NCT05949125",
    "decision label agrees with reference: DSRCT:NCT05949125",
    "original exact memberships and fractions: DSRCT:NCT06094101",
    "reproduce authored independent label: DSRCT:NCT06094101",
    "snapshot status preserved: DSRCT:NCT06094101",
    "no invented patient/protocol determination: DSRCT:NCT06094101",
    "explicit uncertainty fields: DSRCT:NCT06094101",
    "pair evidence IDs resolve: DSRCT:NCT06094101",
    "purpose and phase retained: DSRCT:NCT06094101",
    "decision label agrees with reference: DSRCT:NCT06094101",
    "original exact memberships and fractions: DSRCT:NCT06239272",
    "reproduce authored independent label: DSRCT:NCT06239272",
    "snapshot status preserved: DSRCT:NCT06239272",
    "no invented patient/protocol determination: DSRCT:NCT06239272",
    "explicit uncertainty fields: DSRCT:NCT06239272",
    "pair evidence IDs resolve: DSRCT:NCT06239272",
    "purpose and phase retained: DSRCT:NCT06239272",
    "decision label agrees with reference: DSRCT:NCT06239272",
    "original exact memberships and fractions: DSRCT:NCT06277154",
    "reproduce authored independent label: DSRCT:NCT06277154",
    "snapshot status preserved: DSRCT:NCT06277154",
    "no invented patient/protocol determination: DSRCT:NCT06277154",
    "explicit uncertainty fields: DSRCT:NCT06277154",
    "pair evidence IDs resolve: DSRCT:NCT06277154",
    "purpose and phase retained: DSRCT:NCT06277154",
    "decision label agrees with reference: DSRCT:NCT06277154",
    "original exact memberships and fractions: DSRCT:NCT06526897",
    "reproduce authored independent label: DSRCT:NCT06526897",
    "snapshot status preserved: DSRCT:NCT06526897",
    "no invented patient/protocol determination: DSRCT:NCT06526897",
    "explicit uncertainty fields: DSRCT:NCT06526897",
    "pair evidence IDs resolve: DSRCT:NCT06526897",
    "purpose and phase retained: DSRCT:NCT06526897",
    "decision label agrees with reference: DSRCT:NCT06526897",
    "unknown not negative: DSRCT:NCT06526897",
    "original exact memberships and fractions: DSRCT:NCT06571734",
    "reproduce authored independent label: DSRCT:NCT06571734",
    "snapshot status preserved: DSRCT:NCT06571734",
    "no invented patient/protocol determination: DSRCT:NCT06571734",
    "explicit uncertainty fields: DSRCT:NCT06571734",
    "pair evidence IDs resolve: DSRCT:NCT06571734",
    "purpose and phase retained: DSRCT:NCT06571734",
    "decision label agrees with reference: DSRCT:NCT06571734",
    "original exact memberships and fractions: DSRCT:NCT06979596",
    "reproduce authored independent label: DSRCT:NCT06979596",
    "snapshot status preserved: DSRCT:NCT06979596",
    "no invented patient/protocol determination: DSRCT:NCT06979596",
    "explicit uncertainty fields: DSRCT:NCT06979596",
    "pair evidence IDs resolve: DSRCT:NCT06979596",
    "purpose and phase retained: DSRCT:NCT06979596",
    "decision label agrees with reference: DSRCT:NCT06979596",
    "original exact memberships and fractions: DSRCT:NCT07030959",
    "reproduce authored independent label: DSRCT:NCT07030959",
    "snapshot status preserved: DSRCT:NCT07030959",
    "no invented patient/protocol determination: DSRCT:NCT07030959",
    "explicit uncertainty fields: DSRCT:NCT07030959",
    "pair evidence IDs resolve: DSRCT:NCT07030959",
    "purpose and phase retained: DSRCT:NCT07030959",
    "decision label agrees with reference: DSRCT:NCT07030959",
    "unestablished marker never unconditional positive: DSRCT:NCT07030959",
    "original exact memberships and fractions: DSRCT:NCT07271914",
    "reproduce authored independent label: DSRCT:NCT07271914",
    "snapshot status preserved: DSRCT:NCT07271914",
    "no invented patient/protocol determination: DSRCT:NCT07271914",
    "explicit uncertainty fields: DSRCT:NCT07271914",
    "pair evidence IDs resolve: DSRCT:NCT07271914",
    "purpose and phase retained: DSRCT:NCT07271914",
    "decision label agrees with reference: DSRCT:NCT07271914",
    "original exact memberships and fractions: DSRCT:NCT07297979",
    "reproduce authored independent label: DSRCT:NCT07297979",
    "snapshot status preserved: DSRCT:NCT07297979",
    "no invented patient/protocol determination: DSRCT:NCT07297979",
    "explicit uncertainty fields: DSRCT:NCT07297979",
    "pair evidence IDs resolve: DSRCT:NCT07297979",
    "purpose and phase retained: DSRCT:NCT07297979",
    "decision label agrees with reference: DSRCT:NCT07297979",
    "original exact memberships and fractions: EMC:NCT05071209",
    "reproduce authored independent label: EMC:NCT05071209",
    "snapshot status preserved: EMC:NCT05071209",
    "no invented patient/protocol determination: EMC:NCT05071209",
    "explicit uncertainty fields: EMC:NCT05071209",
    "pair evidence IDs resolve: EMC:NCT05071209",
    "purpose and phase retained: EMC:NCT05071209",
    "decision label agrees with reference: EMC:NCT05071209",
    "original exact memberships and fractions: EMC:NCT05135975",
    "reproduce authored independent label: EMC:NCT05135975",
    "snapshot status preserved: EMC:NCT05135975",
    "no invented patient/protocol determination: EMC:NCT05135975",
    "explicit uncertainty fields: EMC:NCT05135975",
    "pair evidence IDs resolve: EMC:NCT05135975",
    "purpose and phase retained: EMC:NCT05135975",
    "decision label agrees with reference: EMC:NCT05135975",
    "original exact memberships and fractions: EMC:NCT05687136",
    "reproduce authored independent label: EMC:NCT05687136",
    "snapshot status preserved: EMC:NCT05687136",
    "no invented patient/protocol determination: EMC:NCT05687136",
    "explicit uncertainty fields: EMC:NCT05687136",
    "pair evidence IDs resolve: EMC:NCT05687136",
    "purpose and phase retained: EMC:NCT05687136",
    "decision label agrees with reference: EMC:NCT05687136",
    "unestablished marker never unconditional positive: EMC:NCT05687136",
    "original exact memberships and fractions: EMC:NCT05918640",
    "reproduce authored independent label: EMC:NCT05918640",
    "snapshot status preserved: EMC:NCT05918640",
    "no invented patient/protocol determination: EMC:NCT05918640",
    "explicit uncertainty fields: EMC:NCT05918640",
    "pair evidence IDs resolve: EMC:NCT05918640",
    "purpose and phase retained: EMC:NCT05918640",
    "decision label agrees with reference: EMC:NCT05918640",
    "original exact memberships and fractions: EMC:NCT06094101",
    "reproduce authored independent label: EMC:NCT06094101",
    "snapshot status preserved: EMC:NCT06094101",
    "no invented patient/protocol determination: EMC:NCT06094101",
    "explicit uncertainty fields: EMC:NCT06094101",
    "pair evidence IDs resolve: EMC:NCT06094101",
    "purpose and phase retained: EMC:NCT06094101",
    "decision label agrees with reference: EMC:NCT06094101",
    "original exact memberships and fractions: EMC:NCT06235125",
    "reproduce authored independent label: EMC:NCT06235125",
    "snapshot status preserved: EMC:NCT06235125",
    "no invented patient/protocol determination: EMC:NCT06235125",
    "explicit uncertainty fields: EMC:NCT06235125",
    "pair evidence IDs resolve: EMC:NCT06235125",
    "purpose and phase retained: EMC:NCT06235125",
    "decision label agrees with reference: EMC:NCT06235125",
    "original exact memberships and fractions: EMC:NCT06367075",
    "reproduce authored independent label: EMC:NCT06367075",
    "snapshot status preserved: EMC:NCT06367075",
    "no invented patient/protocol determination: EMC:NCT06367075",
    "explicit uncertainty fields: EMC:NCT06367075",
    "pair evidence IDs resolve: EMC:NCT06367075",
    "purpose and phase retained: EMC:NCT06367075",
    "decision label agrees with reference: EMC:NCT06367075",
    "original exact memberships and fractions: EMC:NCT06456359",
    "reproduce authored independent label: EMC:NCT06456359",
    "snapshot status preserved: EMC:NCT06456359",
    "no invented patient/protocol determination: EMC:NCT06456359",
    "explicit uncertainty fields: EMC:NCT06456359",
    "pair evidence IDs resolve: EMC:NCT06456359",
    "purpose and phase retained: EMC:NCT06456359",
    "decision label agrees with reference: EMC:NCT06456359",
    "original exact memberships and fractions: EMC:NCT06571734",
    "reproduce authored independent label: EMC:NCT06571734",
    "snapshot status preserved: EMC:NCT06571734",
    "no invented patient/protocol determination: EMC:NCT06571734",
    "explicit uncertainty fields: EMC:NCT06571734",
    "pair evidence IDs resolve: EMC:NCT06571734",
    "purpose and phase retained: EMC:NCT06571734",
    "decision label agrees with reference: EMC:NCT06571734",
    "original exact memberships and fractions: EMC:NCT06646627",
    "reproduce authored independent label: EMC:NCT06646627",
    "snapshot status preserved: EMC:NCT06646627",
    "no invented patient/protocol determination: EMC:NCT06646627",
    "explicit uncertainty fields: EMC:NCT06646627",
    "pair evidence IDs resolve: EMC:NCT06646627",
    "purpose and phase retained: EMC:NCT06646627",
    "decision label agrees with reference: EMC:NCT06646627",
    "original exact memberships and fractions: EMC:NCT07037433",
    "reproduce authored independent label: EMC:NCT07037433",
    "snapshot status preserved: EMC:NCT07037433",
    "no invented patient/protocol determination: EMC:NCT07037433",
    "explicit uncertainty fields: EMC:NCT07037433",
    "pair evidence IDs resolve: EMC:NCT07037433",
    "purpose and phase retained: EMC:NCT07037433",
    "decision label agrees with reference: EMC:NCT07037433",
    "original exact memberships and fractions: EMC:NCT07141732",
    "reproduce authored independent label: EMC:NCT07141732",
    "snapshot status preserved: EMC:NCT07141732",
    "no invented patient/protocol determination: EMC:NCT07141732",
    "explicit uncertainty fields: EMC:NCT07141732",
    "pair evidence IDs resolve: EMC:NCT07141732",
    "purpose and phase retained: EMC:NCT07141732",
    "decision label agrees with reference: EMC:NCT07141732",
    "original exact memberships and fractions: EMC:NCT07188532",
    "reproduce authored independent label: EMC:NCT07188532",
    "snapshot status preserved: EMC:NCT07188532",
    "no invented patient/protocol determination: EMC:NCT07188532",
    "explicit uncertainty fields: EMC:NCT07188532",
    "pair evidence IDs resolve: EMC:NCT07188532",
    "purpose and phase retained: EMC:NCT07188532",
    "decision label agrees with reference: EMC:NCT07188532",
    "unknown not negative: EMC:NCT07188532",
    "original exact memberships and fractions: EMC:NCT07202884",
    "reproduce authored independent label: EMC:NCT07202884",
    "snapshot status preserved: EMC:NCT07202884",
    "no invented patient/protocol determination: EMC:NCT07202884",
    "explicit uncertainty fields: EMC:NCT07202884",
    "pair evidence IDs resolve: EMC:NCT07202884",
    "purpose and phase retained: EMC:NCT07202884",
    "decision label agrees with reference: EMC:NCT07202884",
    "unknown not negative: EMC:NCT07202884",
    "original exact memberships and fractions: EMC:NCT07359053",
    "reproduce authored independent label: EMC:NCT07359053",
    "snapshot status preserved: EMC:NCT07359053",
    "no invented patient/protocol determination: EMC:NCT07359053",
    "explicit uncertainty fields: EMC:NCT07359053",
    "pair evidence IDs resolve: EMC:NCT07359053",
    "purpose and phase retained: EMC:NCT07359053",
    "decision label agrees with reference: EMC:NCT07359053",
    "original exact memberships and fractions: EMC:NCT07383116",
    "reproduce authored independent label: EMC:NCT07383116",
    "snapshot status preserved: EMC:NCT07383116",
    "no invented patient/protocol determination: EMC:NCT07383116",
    "explicit uncertainty fields: EMC:NCT07383116",
    "pair evidence IDs resolve: EMC:NCT07383116",
    "purpose and phase retained: EMC:NCT07383116",
    "decision label agrees with reference: EMC:NCT07383116",
    "original exact memberships and fractions: EMC:NCT07695311",
    "reproduce authored independent label: EMC:NCT07695311",
    "snapshot status preserved: EMC:NCT07695311",
    "no invented patient/protocol determination: EMC:NCT07695311",
    "explicit uncertainty fields: EMC:NCT07695311",
    "pair evidence IDs resolve: EMC:NCT07695311",
    "purpose and phase retained: EMC:NCT07695311",
    "decision label agrees with reference: EMC:NCT07695311",
    "original exact memberships and fractions: SS:NCT04282044",
    "reproduce authored independent label: SS:NCT04282044",
    "snapshot status preserved: SS:NCT04282044",
    "no invented patient/protocol determination: SS:NCT04282044",
    "explicit uncertainty fields: SS:NCT04282044",
    "pair evidence IDs resolve: SS:NCT04282044",
    "purpose and phase retained: SS:NCT04282044",
    "decision label agrees with reference: SS:NCT04282044",
    "original exact memberships and fractions: SS:NCT04776525",
    "reproduce authored independent label: SS:NCT04776525",
    "snapshot status preserved: SS:NCT04776525",
    "no invented patient/protocol determination: SS:NCT04776525",
    "explicit uncertainty fields: SS:NCT04776525",
    "pair evidence IDs resolve: SS:NCT04776525",
    "purpose and phase retained: SS:NCT04776525",
    "decision label agrees with reference: SS:NCT04776525",
    "original exact memberships and fractions: SS:NCT05071209",
    "reproduce authored independent label: SS:NCT05071209",
    "snapshot status preserved: SS:NCT05071209",
    "no invented patient/protocol determination: SS:NCT05071209",
    "explicit uncertainty fields: SS:NCT05071209",
    "pair evidence IDs resolve: SS:NCT05071209",
    "purpose and phase retained: SS:NCT05071209",
    "decision label agrees with reference: SS:NCT05071209",
    "unestablished marker never unconditional positive: SS:NCT05071209",
    "original exact memberships and fractions: SS:NCT05135975",
    "reproduce authored independent label: SS:NCT05135975",
    "snapshot status preserved: SS:NCT05135975",
    "no invented patient/protocol determination: SS:NCT05135975",
    "explicit uncertainty fields: SS:NCT05135975",
    "pair evidence IDs resolve: SS:NCT05135975",
    "purpose and phase retained: SS:NCT05135975",
    "decision label agrees with reference: SS:NCT05135975",
    "original exact memberships and fractions: SS:NCT05687136",
    "reproduce authored independent label: SS:NCT05687136",
    "snapshot status preserved: SS:NCT05687136",
    "no invented patient/protocol determination: SS:NCT05687136",
    "explicit uncertainty fields: SS:NCT05687136",
    "pair evidence IDs resolve: SS:NCT05687136",
    "purpose and phase retained: SS:NCT05687136",
    "decision label agrees with reference: SS:NCT05687136",
    "unestablished marker never unconditional positive: SS:NCT05687136",
    "original exact memberships and fractions: SS:NCT05774275",
    "reproduce authored independent label: SS:NCT05774275",
    "snapshot status preserved: SS:NCT05774275",
    "no invented patient/protocol determination: SS:NCT05774275",
    "explicit uncertainty fields: SS:NCT05774275",
    "pair evidence IDs resolve: SS:NCT05774275",
    "purpose and phase retained: SS:NCT05774275",
    "decision label agrees with reference: SS:NCT05774275",
    "original exact memberships and fractions: SS:NCT05918640",
    "reproduce authored independent label: SS:NCT05918640",
    "snapshot status preserved: SS:NCT05918640",
    "no invented patient/protocol determination: SS:NCT05918640",
    "explicit uncertainty fields: SS:NCT05918640",
    "pair evidence IDs resolve: SS:NCT05918640",
    "purpose and phase retained: SS:NCT05918640",
    "decision label agrees with reference: SS:NCT05918640",
    "unestablished marker never unconditional positive: SS:NCT05918640",
    "original exact memberships and fractions: SS:NCT06094101",
    "reproduce authored independent label: SS:NCT06094101",
    "snapshot status preserved: SS:NCT06094101",
    "no invented patient/protocol determination: SS:NCT06094101",
    "explicit uncertainty fields: SS:NCT06094101",
    "pair evidence IDs resolve: SS:NCT06094101",
    "purpose and phase retained: SS:NCT06094101",
    "decision label agrees with reference: SS:NCT06094101",
    "original exact memberships and fractions: SS:NCT06571734",
    "reproduce authored independent label: SS:NCT06571734",
    "snapshot status preserved: SS:NCT06571734",
    "no invented patient/protocol determination: SS:NCT06571734",
    "explicit uncertainty fields: SS:NCT06571734",
    "pair evidence IDs resolve: SS:NCT06571734",
    "purpose and phase retained: SS:NCT06571734",
    "decision label agrees with reference: SS:NCT06571734",
    "original exact memberships and fractions: SS:NCT06625190",
    "reproduce authored independent label: SS:NCT06625190",
    "snapshot status preserved: SS:NCT06625190",
    "no invented patient/protocol determination: SS:NCT06625190",
    "explicit uncertainty fields: SS:NCT06625190",
    "pair evidence IDs resolve: SS:NCT06625190",
    "purpose and phase retained: SS:NCT06625190",
    "decision label agrees with reference: SS:NCT06625190",
    "original exact memberships and fractions: SS:NCT06761651",
    "reproduce authored independent label: SS:NCT06761651",
    "snapshot status preserved: SS:NCT06761651",
    "no invented patient/protocol determination: SS:NCT06761651",
    "explicit uncertainty fields: SS:NCT06761651",
    "pair evidence IDs resolve: SS:NCT06761651",
    "purpose and phase retained: SS:NCT06761651",
    "decision label agrees with reference: SS:NCT06761651",
    "original exact memberships and fractions: SS:NCT07575724",
    "reproduce authored independent label: SS:NCT07575724",
    "snapshot status preserved: SS:NCT07575724",
    "no invented patient/protocol determination: SS:NCT07575724",
    "explicit uncertainty fields: SS:NCT07575724",
    "pair evidence IDs resolve: SS:NCT07575724",
    "purpose and phase retained: SS:NCT07575724",
    "decision label agrees with reference: SS:NCT07575724",
    "original exact memberships and fractions: SS:NCT07686367",
    "reproduce authored independent label: SS:NCT07686367",
    "snapshot status preserved: SS:NCT07686367",
    "no invented patient/protocol determination: SS:NCT07686367",
    "explicit uncertainty fields: SS:NCT07686367",
    "pair evidence IDs resolve: SS:NCT07686367",
    "purpose and phase retained: SS:NCT07686367",
    "decision label agrees with reference: SS:NCT07686367",
    "unestablished marker never unconditional positive: SS:NCT07686367",
    "original exact memberships and fractions: SS:NCT07698899",
    "reproduce authored independent label: SS:NCT07698899",
    "snapshot status preserved: SS:NCT07698899",
    "no invented patient/protocol determination: SS:NCT07698899",
    "explicit uncertainty fields: SS:NCT07698899",
    "pair evidence IDs resolve: SS:NCT07698899",
    "purpose and phase retained: SS:NCT07698899",
    "decision label agrees with reference: SS:NCT07698899",
    "unestablished marker never unconditional positive: SS:NCT07698899",
    "missing CaboMain protocol held unresolved: EMC",
    "missing CaboMain protocol held unresolved: DSRCT",
    "missing CaboMain protocol held unresolved: SS",
    "DSRCT safety hold remains conditional",
    "SS18 mutation/fusion unresolved",
    "nononcology false hit kept separate",
    "deterministic adjudicated content reproduces exactly",
    "all 49 comparisons; two label differences resolved",
    "independent freeze precedes adjudicated reference",
    "37 complete saved-record readings recorded"
  ],
  "source_pointer_resolutions": 1139,
  "exact_excerpt_checks": 155,
  "distinct_raw_files_verified": 23,
  "independent_evidence_objects": 282,
  "counts": {
    "unique_pairs": 49,
    "trials": 37,
    "metadata_sample": 33,
    "challenge_anchor": 18,
    "overlap_pairs": 2
  },
  "label_counts_unique_pairs": {
    "explicit_diagnosis_compatible": 11,
    "explicit_exclusion": 16,
    "broad_tumor_compatible": 14,
    "defining_fusion_compatible": 1,
    "insufficient_evidence": 3,
    "fusion_class_compatible": 4
  },
  "unreviewed_pairs": [],
  "unresolved_source_questions_preserved": true,
  "preflight_run": false,
  "scope": "Offline data/source/selection/provenance validation; no clinical validation, performance benchmarking or integration preflight."
}
