[hens] handles: ['C397', 'C420', 'C559', 'K518', 'K572', 'K592']
[hens] reference_opened_model nr4a3-opened: C397(rsa=0.3949,L=10) C420(rsa=0.3114,L=20) C559(rsa=0.0949,L=None)
[hens] metad_biased fp_0_n3xnnwtq: C397(rsa=0.5187,L=12) C420(rsa=0.3672,L=16) C559(rsa=0.1711,L=20)
[hens] metad_biased fp_100_r0v6eii1: C397(rsa=0.2563,L=10) C420(rsa=0.2551,L=16) C559(rsa=0.1632,L=None)
[hens] metad_biased fp_1049_4_6afonm: C397(rsa=0.2808,L=12) C420(rsa=0.3479,L=20) C559(rsa=0.0716,L=None)
[hens] metad_biased fp_1099_47wb1cua: C397(rsa=0.2469,L=16) C420(rsa=0.4801,L=20) C559(rsa=0.0947,L=None)
[hens] metad_biased fp_1149_vmhhcns_: C397(rsa=0.2904,L=14) C420(rsa=0.3827,L=20) C559(rsa=0.1588,L=20)
[hens] metad_biased fp_1199_28y_tpl1: C397(rsa=0.187,L=12) C420(rsa=0.4078,L=20) C559(rsa=0.1644,L=None)
[hens] metad_biased fp_150_swaj0len: C397(rsa=0.3763,L=12) C420(rsa=0.2068,L=20) C559(rsa=0.1805,L=None)
[hens] metad_biased fp_200_fpee7nfv: C397(rsa=0.2439,L=12) C420(rsa=0.3002,L=20) C559(rsa=0.2185,L=None)
[hens] metad_biased fp_250_q522gxce: C397(rsa=0.1177,L=14) C420(rsa=0.3025,L=14) C559(rsa=0.1438,L=None)
[hens] metad_biased fp_300_ghof7_p8: C397(rsa=0.3949,L=10) C420(rsa=0.3114,L=16) C559(rsa=0.0949,L=None)
[hens] metad_biased fp_350_mqube8s7: C397(rsa=0.3393,L=12) C420(rsa=0.3024,L=14) C559(rsa=0.1029,L=20)
[hens] metad_biased fp_400_zvm5m_1w: C397(rsa=0.3826,L=12) C420(rsa=0.377,L=16) C559(rsa=0.1396,L=20)
[hens] metad_biased fp_450_wskr_kfz: C397(rsa=0.4436,L=10) C420(rsa=0.0535,L=20) C559(rsa=0.1724,L=None)
[hens] metad_biased fp_500_ycsrtywp: C397(rsa=0.4333,L=10) C420(rsa=0.3165,L=16) C559(rsa=0.0973,L=None)
[hens] metad_biased fp_50_euecvs_m: C397(rsa=0.4544,L=14) C420(rsa=0.1333,L=20) C559(rsa=0.087,L=None)
[hens] metad_biased fp_550__lowc0pe: C397(rsa=0.2413,L=14) C420(rsa=0.2647,L=20) C559(rsa=0.1588,L=None)
[hens] metad_biased fp_600_cz697ghc: C397(rsa=0.1637,L=12) C420(rsa=0.3802,L=20) C559(rsa=0.1221,L=None)
[hens] metad_biased fp_649_zt43n62v: C397(rsa=0.2736,L=12) C420(rsa=0.2924,L=20) C559(rsa=0.2024,L=20)
[hens] metad_biased fp_699_3zfw6v19: C397(rsa=0.2787,L=14) C420(rsa=0.2731,L=20) C559(rsa=0.1887,L=20)
[hens] metad_biased fp_749_0a57if8n: C397(rsa=0.3656,L=10) C420(rsa=0.2769,L=20) C559(rsa=0.1043,L=None)
[hens] metad_biased fp_799_b9fn9068: C397(rsa=0.4169,L=12) C420(rsa=0.1808,L=20) C559(rsa=0.0963,L=20)
[hens] metad_biased fp_849_airzuuiq: C397(rsa=0.1665,L=12) C420(rsa=0.0385,L=20) C559(rsa=0.0803,L=None)
[hens] metad_biased fp_899_wuhr3no5: C397(rsa=0.1137,L=16) C420(rsa=0.2068,L=20) C559(rsa=0.1161,L=20)
[hens] metad_biased fp_949_c5z_r7nj: C397(rsa=0.3124,L=16) C420(rsa=0.3425,L=20) C559(rsa=0.0798,L=None)
[hens] metad_biased fp_999_0fbgzuxn: C397(rsa=0.3569,L=16) C420(rsa=0.3874,L=16) C559(rsa=0.1346,L=20)
[hens] release_rep0 fp_0_4vzbx5ra: C397(rsa=0.3741,L=12) C420(rsa=0.2629,L=20) C559(rsa=0.0637,L=None)
[hens] release_rep0 fp_12_avlf4fak: C397(rsa=0.5267,L=10) C420(rsa=0.2534,L=16) C559(rsa=0.1214,L=None)
[hens] release_rep0 fp_16_7d2_dg8o: C397(rsa=0.6725,L=14) C420(rsa=0.1838,L=20) C559(rsa=0.1374,L=None)
[hens] release_rep0 fp_21_4epudmze: C397(rsa=0.2165,L=12) C420(rsa=0.2332,L=20) C559(rsa=0.1316,L=None)
[hens] release_rep0 fp_25_avtcpwzo: C397(rsa=0.3017,L=12) C420(rsa=0.3376,L=20) C559(rsa=0.0983,L=20)
[hens] release_rep0 fp_29_drk1n3fd: C397(rsa=0.2916,L=12) C420(rsa=0.2136,L=16) C559(rsa=0.0398,L=None)
[hens] release_rep0 fp_33_k3wnwlwz: C397(rsa=0.315,L=12) C420(rsa=0.1431,L=16) C559(rsa=0.1082,L=20)
[hens] release_rep0 fp_37_h9k263rg: C397(rsa=0.1617,L=12) C420(rsa=0.3086,L=20) C559(rsa=0.1289,L=None)
