Traceback (most recent call last):
  File "<frozen runpy>", line 198, in _run_module_as_main
  File "<frozen runpy>", line 88, in _run_code
  File "C:\Projects\EMC-Research\.cache\python-deps\pytest\__main__.py", line 9, in <module>
    raise SystemExit(_console_main())
                     ^^^^^^^^^^^^^^^
  File "C:\Projects\EMC-Research\.cache\python-deps\_pytest\config\__init__.py", line 253, in _console_main
    code = _main(prog=_get_prog_name(sys.argv))
           ^^^^^^^^^^^^^^^^^^^^^^^^^^^^^^^^^^^^
  File "C:\Projects\EMC-Research\.cache\python-deps\_pytest\config\__init__.py", line 229, in _main
    ret: ExitCode | int = config.hook.pytest_cmdline_main(config=config)
                          ^^^^^^^^^^^^^^^^^^^^^^^^^^^^^^^^^^^^^^^^^^^^^^
  File "C:\Projects\EMC-Research\.cache\python-deps\pluggy\_hooks.py", line 512, in __call__
    return self._hookexec(self.name, self._hookimpls.copy(), kwargs, firstresult)
           ^^^^^^^^^^^^^^^^^^^^^^^^^^^^^^^^^^^^^^^^^^^^^^^^^^^^^^^^^^^^^^^^^^^^^^
  File "C:\Projects\EMC-Research\.cache\python-deps\pluggy\_manager.py", line 120, in _hookexec
    return self._inner_hookexec(hook_name, methods, kwargs, firstresult)
           ^^^^^^^^^^^^^^^^^^^^^^^^^^^^^^^^^^^^^^^^^^^^^^^^^^^^^^^^^^^^^
  File "C:\Projects\EMC-Research\.cache\python-deps\pluggy\_callers.py", line 167, in _multicall
    raise exception
  File "C:\Projects\EMC-Research\.cache\python-deps\pluggy\_callers.py", line 121, in _multicall
    res = hook_impl.function(*args)
          ^^^^^^^^^^^^^^^^^^^^^^^^^
  File "C:\Projects\EMC-Research\.cache\python-deps\_pytest\main.py", line 377, in pytest_cmdline_main
    return wrap_session(config, _main)
           ^^^^^^^^^^^^^^^^^^^^^^^^^^^
  File "C:\Projects\EMC-Research\.cache\python-deps\_pytest\main.py", line 365, in wrap_session
    config.hook.pytest_sessionfinish(
  File "C:\Projects\EMC-Research\.cache\python-deps\pluggy\_hooks.py", line 512, in __call__
    return self._hookexec(self.name, self._hookimpls.copy(), kwargs, firstresult)
           ^^^^^^^^^^^^^^^^^^^^^^^^^^^^^^^^^^^^^^^^^^^^^^^^^^^^^^^^^^^^^^^^^^^^^^
  File "C:\Projects\EMC-Research\.cache\python-deps\pluggy\_manager.py", line 120, in _hookexec
    return self._inner_hookexec(hook_name, methods, kwargs, firstresult)
           ^^^^^^^^^^^^^^^^^^^^^^^^^^^^^^^^^^^^^^^^^^^^^^^^^^^^^^^^^^^^^
  File "C:\Projects\EMC-Research\.cache\python-deps\pluggy\_callers.py", line 167, in _multicall
    raise exception
  File "C:\Projects\EMC-Research\.cache\python-deps\pluggy\_callers.py", line 139, in _multicall
    teardown.throw(exception)
  File "C:\Projects\EMC-Research\.cache\python-deps\_pytest\logging.py", line 888, in pytest_sessionfinish
    return (yield)
            ^^^^^
  File "C:\Projects\EMC-Research\.cache\python-deps\pluggy\_callers.py", line 139, in _multicall
    teardown.throw(exception)
  File "C:\Projects\EMC-Research\.cache\python-deps\_pytest\terminal.py", line 961, in pytest_sessionfinish
    result = yield
             ^^^^^
  File "C:\Projects\EMC-Research\.cache\python-deps\pluggy\_callers.py", line 139, in _multicall
    teardown.throw(exception)
  File "C:\Projects\EMC-Research\.cache\python-deps\_pytest\warnings.py", line 119, in pytest_sessionfinish
    return (yield)
            ^^^^^
  File "C:\Projects\EMC-Research\.cache\python-deps\pluggy\_callers.py", line 121, in _multicall
    res = hook_impl.function(*args)
          ^^^^^^^^^^^^^^^^^^^^^^^^^
  File "C:\Projects\EMC-Research\.worktrees\researcher-performance\research\modalities\tests\conftest.py", line 151, in pytest_sessionfinish
    tracked_tree_guard.assert_tree_unchanged()
  File "C:\Projects\EMC-Research\.worktrees\researcher-performance\research\modalities\tests\..\..\manuscripts\tests\tracked_tree_guard.py", line 261, in assert_tree_unchanged
    raise AssertionError(
AssertionError: the test run CHANGED tracked files that it did not find changed:
   M scripts/preflight.sh

No test may write to the tree (AUT-PD-186). Inspect `git diff` before reverting — the change is evidence, and a tamper value restored quietly is how a falsified number reaches a commit. The fix is to mutate a copy under `tmp_path`; see research/manuscripts/tests/test_endpoint_producers_check.py.
.....                                                                    [100%]
