.EEEE                                                                    [100%]
=================================== ERRORS ====================================
_ ERROR at setup of test_a_complete_panel_of_good_legs_is_scored_not_declared_indeterminate _

cls = <class '_pytest.runner.CallInfo'>
func = <function call_and_report.<locals>.<lambda> at 0x000002026BCB7E20>
when = 'setup'
reraise = (<class '_pytest.outcomes.Exit'>, <class 'KeyboardInterrupt'>)

    @classmethod
    def from_call(
        cls,
        func: Callable[[], TResult],
        when: Literal["collect", "setup", "call", "teardown"],
        reraise: type[BaseException] | tuple[type[BaseException], ...] | None = None,
    ) -> CallInfo[TResult]:
        """Call func, wrapping the result in a CallInfo.
    
        :param func:
            The function to call. Called without arguments.
        :type func: Callable[[], _pytest.runner.TResult]
        :param when:
            The phase in which the function is called.
        :param reraise:
            Exception or exceptions that shall propagate if raised by the
            function, instead of being wrapped in the CallInfo.
        """
        excinfo = None
        instant = timing.Instant()
        try:
>           result: TResult | None = func()
                                     ^^^^^^

..\..\.cache\python-deps\_pytest\runner.py:361: 
_ _ _ _ _ _ _ _ _ _ _ _ _ _ _ _ _ _ _ _ _ _ _ _ _ _ _ _ _ _ _ _ _ _ _ _ _ _ _ _
..\..\.cache\python-deps\_pytest\runner.py:250: in <lambda>
    lambda: runtest_hook(item=item, **kwds),
            ^^^^^^^^^^^^^^^^^^^^^^^^^^^^^^^
..\..\.cache\python-deps\pluggy\_hooks.py:512: in __call__
    return self._hookexec(self.name, self._hookimpls.copy(), kwargs, firstresult)
           ^^^^^^^^^^^^^^^^^^^^^^^^^^^^^^^^^^^^^^^^^^^^^^^^^^^^^^^^^^^^^^^^^^^^^^
..\..\.cache\python-deps\pluggy\_manager.py:120: in _hookexec
    return self._inner_hookexec(hook_name, methods, kwargs, firstresult)
           ^^^^^^^^^^^^^^^^^^^^^^^^^^^^^^^^^^^^^^^^^^^^^^^^^^^^^^^^^^^^^
..\..\.cache\python-deps\_pytest\logging.py:858: in pytest_runtest_setup
    yield
..\..\.cache\python-deps\_pytest\capture.py:895: in pytest_runtest_setup
    return (yield)
            ^^^^^
..\..\.cache\python-deps\_pytest\runner.py:170: in pytest_runtest_setup
    item.session._setupstate.setup(item)
..\..\.cache\python-deps\_pytest\runner.py:536: in setup
    col.setup()
..\..\.cache\python-deps\_pytest\python.py:1710: in setup
    self._request._fillfixtures()
..\..\.cache\python-deps\_pytest\fixtures.py:806: in _fillfixtures
    item.funcargs[argname] = self.getfixturevalue(argname)
                             ^^^^^^^^^^^^^^^^^^^^^^^^^^^^^
..\..\.cache\python-deps\_pytest\fixtures.py:630: in getfixturevalue
    fixturedef = self._get_active_fixturedef(argname)
                 ^^^^^^^^^^^^^^^^^^^^^^^^^^^^^^^^^^^^
..\..\.cache\python-deps\_pytest\fixtures.py:726: in _get_active_fixturedef
    fixturedef.execute(request=subrequest)
..\..\.cache\python-deps\_pytest\fixtures.py:1181: in execute
    fixturedef = request._get_active_fixturedef(argname)
                 ^^^^^^^^^^^^^^^^^^^^^^^^^^^^^^^^^^^^^^^
..\..\.cache\python-deps\_pytest\fixtures.py:726: in _get_active_fixturedef
    fixturedef.execute(request=subrequest)
..\..\.cache\python-deps\_pytest\fixtures.py:1232: in execute
    result: FixtureValue = ihook.pytest_fixture_setup(
..\..\.cache\python-deps\pluggy\_hooks.py:512: in __call__
    return self._hookexec(self.name, self._hookimpls.copy(), kwargs, firstresult)
           ^^^^^^^^^^^^^^^^^^^^^^^^^^^^^^^^^^^^^^^^^^^^^^^^^^^^^^^^^^^^^^^^^^^^^^
..\..\.cache\python-deps\pluggy\_manager.py:120: in _hookexec
    return self._inner_hookexec(hook_name, methods, kwargs, firstresult)
           ^^^^^^^^^^^^^^^^^^^^^^^^^^^^^^^^^^^^^^^^^^^^^^^^^^^^^^^^^^^^^
..\..\.cache\python-deps\_pytest\setuponly.py:36: in pytest_fixture_setup
    return (yield)
            ^^^^^
..\..\.cache\python-deps\_pytest\fixtures.py:1328: in pytest_fixture_setup
    result = call_fixture_func(fixturefunc, request, kwargs)
             ^^^^^^^^^^^^^^^^^^^^^^^^^^^^^^^^^^^^^^^^^^^^^^^
..\..\.cache\python-deps\_pytest\fixtures.py:998: in call_fixture_func
    fixture_result = next(generator)
                     ^^^^^^^^^^^^^^^
..\..\.cache\python-deps\_pytest\tmpdir.py:300: in tmp_path
    path = _mk_tmp(request, tmp_path_factory)
           ^^^^^^^^^^^^^^^^^^^^^^^^^^^^^^^^^^
..\..\.cache\python-deps\_pytest\tmpdir.py:287: in _mk_tmp
    return factory.mktemp(name, numbered=True)
           ^^^^^^^^^^^^^^^^^^^^^^^^^^^^^^^^^^^
..\..\.cache\python-deps\_pytest\tmpdir.py:136: in mktemp
    basename = self._ensure_relative_to_basetemp(basename)
               ^^^^^^^^^^^^^^^^^^^^^^^^^^^^^^^^^^^^^^^^^^^
..\..\.cache\python-deps\_pytest\tmpdir.py:117: in _ensure_relative_to_basetemp
    if (self.getbasetemp() / basename).resolve().parent != self.getbasetemp():
        ^^^^^^^^^^^^^^^^^^
..\..\.cache\python-deps\_pytest\tmpdir.py:213: in getbasetemp
    basetemp = make_numbered_dir_with_cleanup(
..\..\.cache\python-deps\_pytest\pathlib.py:420: in make_numbered_dir_with_cleanup
    raise e
..\..\.cache\python-deps\_pytest\pathlib.py:401: in make_numbered_dir_with_cleanup
    p = make_numbered_dir(root, prefix, mode)
        ^^^^^^^^^^^^^^^^^^^^^^^^^^^^^^^^^^^^^
..\..\.cache\python-deps\_pytest\pathlib.py:228: in make_numbered_dir
    max_existing = max(map(parse_num, find_suffixes(root, prefix)), default=-1)
                   ^^^^^^^^^^^^^^^^^^^^^^^^^^^^^^^^^^^^^^^^^^^^^^^^^^^^^^^^^^^^
..\..\.cache\python-deps\_pytest\pathlib.py:187: in extract_suffixes
    for entry in iter:
                 ^^^^
_ _ _ _ _ _ _ _ _ _ _ _ _ _ _ _ _ _ _ _ _ _ _ _ _ _ _ _ _ _ _ _ _ _ _ _ _ _ _ _

root = WindowsPath('C:/Users/mcrae/AppData/Local/Temp/pytest-of-mcrae')
prefix = 'pytest-'

    def find_prefixed(root: Path, prefix: str) -> Iterator[os.DirEntry[str]]:
        """Find all elements in root that begin with the prefix, case-insensitive."""
        l_prefix = prefix.lower()
>       for x in os.scandir(root):
                 ^^^^^^^^^^^^^^^^
E       PermissionError: [WinError 5] Access is denied: 'C:\\Users\\mcrae\\AppData\\Local\\Temp\\pytest-of-mcrae'

..\..\.cache\python-deps\_pytest\pathlib.py:175: PermissionError
_ ERROR at setup of test_e2_e3_e4_are_carried_through_as_the_prereg_requires __

cls = <class '_pytest.runner.CallInfo'>
func = <function call_and_report.<locals>.<lambda> at 0x000002026BCB7560>
when = 'setup'
reraise = (<class '_pytest.outcomes.Exit'>, <class 'KeyboardInterrupt'>)

    @classmethod
    def from_call(
        cls,
        func: Callable[[], TResult],
        when: Literal["collect", "setup", "call", "teardown"],
        reraise: type[BaseException] | tuple[type[BaseException], ...] | None = None,
    ) -> CallInfo[TResult]:
        """Call func, wrapping the result in a CallInfo.
    
        :param func:
            The function to call. Called without arguments.
        :type func: Callable[[], _pytest.runner.TResult]
        :param when:
            The phase in which the function is called.
        :param reraise:
            Exception or exceptions that shall propagate if raised by the
            function, instead of being wrapped in the CallInfo.
        """
        excinfo = None
        instant = timing.Instant()
        try:
>           result: TResult | None = func()
                                     ^^^^^^

..\..\.cache\python-deps\_pytest\runner.py:361: 
_ _ _ _ _ _ _ _ _ _ _ _ _ _ _ _ _ _ _ _ _ _ _ _ _ _ _ _ _ _ _ _ _ _ _ _ _ _ _ _
..\..\.cache\python-deps\_pytest\runner.py:250: in <lambda>
    lambda: runtest_hook(item=item, **kwds),
            ^^^^^^^^^^^^^^^^^^^^^^^^^^^^^^^
..\..\.cache\python-deps\pluggy\_hooks.py:512: in __call__
    return self._hookexec(self.name, self._hookimpls.copy(), kwargs, firstresult)
           ^^^^^^^^^^^^^^^^^^^^^^^^^^^^^^^^^^^^^^^^^^^^^^^^^^^^^^^^^^^^^^^^^^^^^^
..\..\.cache\python-deps\pluggy\_manager.py:120: in _hookexec
    return self._inner_hookexec(hook_name, methods, kwargs, firstresult)
           ^^^^^^^^^^^^^^^^^^^^^^^^^^^^^^^^^^^^^^^^^^^^^^^^^^^^^^^^^^^^^
..\..\.cache\python-deps\_pytest\logging.py:858: in pytest_runtest_setup
    yield
..\..\.cache\python-deps\_pytest\capture.py:895: in pytest_runtest_setup
    return (yield)
            ^^^^^
..\..\.cache\python-deps\_pytest\runner.py:170: in pytest_runtest_setup
    item.session._setupstate.setup(item)
..\..\.cache\python-deps\_pytest\runner.py:536: in setup
    col.setup()
..\..\.cache\python-deps\_pytest\python.py:1710: in setup
    self._request._fillfixtures()
..\..\.cache\python-deps\_pytest\fixtures.py:806: in _fillfixtures
    item.funcargs[argname] = self.getfixturevalue(argname)
                             ^^^^^^^^^^^^^^^^^^^^^^^^^^^^^
..\..\.cache\python-deps\_pytest\fixtures.py:630: in getfixturevalue
    fixturedef = self._get_active_fixturedef(argname)
                 ^^^^^^^^^^^^^^^^^^^^^^^^^^^^^^^^^^^^
..\..\.cache\python-deps\_pytest\fixtures.py:726: in _get_active_fixturedef
    fixturedef.execute(request=subrequest)
..\..\.cache\python-deps\_pytest\fixtures.py:1181: in execute
    fixturedef = request._get_active_fixturedef(argname)
                 ^^^^^^^^^^^^^^^^^^^^^^^^^^^^^^^^^^^^^^^
..\..\.cache\python-deps\_pytest\fixtures.py:726: in _get_active_fixturedef
    fixturedef.execute(request=subrequest)
..\..\.cache\python-deps\_pytest\fixtures.py:1232: in execute
    result: FixtureValue = ihook.pytest_fixture_setup(
..\..\.cache\python-deps\pluggy\_hooks.py:512: in __call__
    return self._hookexec(self.name, self._hookimpls.copy(), kwargs, firstresult)
           ^^^^^^^^^^^^^^^^^^^^^^^^^^^^^^^^^^^^^^^^^^^^^^^^^^^^^^^^^^^^^^^^^^^^^^
..\..\.cache\python-deps\pluggy\_manager.py:120: in _hookexec
    return self._inner_hookexec(hook_name, methods, kwargs, firstresult)
           ^^^^^^^^^^^^^^^^^^^^^^^^^^^^^^^^^^^^^^^^^^^^^^^^^^^^^^^^^^^^^
..\..\.cache\python-deps\_pytest\setuponly.py:36: in pytest_fixture_setup
    return (yield)
            ^^^^^
..\..\.cache\python-deps\_pytest\fixtures.py:1328: in pytest_fixture_setup
    result = call_fixture_func(fixturefunc, request, kwargs)
             ^^^^^^^^^^^^^^^^^^^^^^^^^^^^^^^^^^^^^^^^^^^^^^^
..\..\.cache\python-deps\_pytest\fixtures.py:998: in call_fixture_func
    fixture_result = next(generator)
                     ^^^^^^^^^^^^^^^
..\..\.cache\python-deps\_pytest\tmpdir.py:300: in tmp_path
    path = _mk_tmp(request, tmp_path_factory)
           ^^^^^^^^^^^^^^^^^^^^^^^^^^^^^^^^^^
..\..\.cache\python-deps\_pytest\tmpdir.py:287: in _mk_tmp
    return factory.mktemp(name, numbered=True)
           ^^^^^^^^^^^^^^^^^^^^^^^^^^^^^^^^^^^
..\..\.cache\python-deps\_pytest\tmpdir.py:136: in mktemp
    basename = self._ensure_relative_to_basetemp(basename)
               ^^^^^^^^^^^^^^^^^^^^^^^^^^^^^^^^^^^^^^^^^^^
..\..\.cache\python-deps\_pytest\tmpdir.py:117: in _ensure_relative_to_basetemp
    if (self.getbasetemp() / basename).resolve().parent != self.getbasetemp():
        ^^^^^^^^^^^^^^^^^^
..\..\.cache\python-deps\_pytest\tmpdir.py:213: in getbasetemp
    basetemp = make_numbered_dir_with_cleanup(
..\..\.cache\python-deps\_pytest\pathlib.py:420: in make_numbered_dir_with_cleanup
    raise e
..\..\.cache\python-deps\_pytest\pathlib.py:401: in make_numbered_dir_with_cleanup
    p = make_numbered_dir(root, prefix, mode)
        ^^^^^^^^^^^^^^^^^^^^^^^^^^^^^^^^^^^^^
..\..\.cache\python-deps\_pytest\pathlib.py:228: in make_numbered_dir
    max_existing = max(map(parse_num, find_suffixes(root, prefix)), default=-1)
                   ^^^^^^^^^^^^^^^^^^^^^^^^^^^^^^^^^^^^^^^^^^^^^^^^^^^^^^^^^^^^
..\..\.cache\python-deps\_pytest\pathlib.py:187: in extract_suffixes
    for entry in iter:
                 ^^^^
_ _ _ _ _ _ _ _ _ _ _ _ _ _ _ _ _ _ _ _ _ _ _ _ _ _ _ _ _ _ _ _ _ _ _ _ _ _ _ _

root = WindowsPath('C:/Users/mcrae/AppData/Local/Temp/pytest-of-mcrae')
prefix = 'pytest-'

    def find_prefixed(root: Path, prefix: str) -> Iterator[os.DirEntry[str]]:
        """Find all elements in root that begin with the prefix, case-insensitive."""
        l_prefix = prefix.lower()
>       for x in os.scandir(root):
                 ^^^^^^^^^^^^^^^^
E       PermissionError: [WinError 5] Access is denied: 'C:\\Users\\mcrae\\AppData\\Local\\Temp\\pytest-of-mcrae'

..\..\.cache\python-deps\_pytest\pathlib.py:175: PermissionError
_ ERROR at setup of test_a_schema_drift_is_loud_instead_of_looking_like_a_physics_result _

cls = <class '_pytest.runner.CallInfo'>
func = <function call_and_report.<locals>.<lambda> at 0x000002026BCB7920>
when = 'setup'
reraise = (<class '_pytest.outcomes.Exit'>, <class 'KeyboardInterrupt'>)

    @classmethod
    def from_call(
        cls,
        func: Callable[[], TResult],
        when: Literal["collect", "setup", "call", "teardown"],
        reraise: type[BaseException] | tuple[type[BaseException], ...] | None = None,
    ) -> CallInfo[TResult]:
        """Call func, wrapping the result in a CallInfo.
    
        :param func:
            The function to call. Called without arguments.
        :type func: Callable[[], _pytest.runner.TResult]
        :param when:
            The phase in which the function is called.
        :param reraise:
            Exception or exceptions that shall propagate if raised by the
            function, instead of being wrapped in the CallInfo.
        """
        excinfo = None
        instant = timing.Instant()
        try:
>           result: TResult | None = func()
                                     ^^^^^^

..\..\.cache\python-deps\_pytest\runner.py:361: 
_ _ _ _ _ _ _ _ _ _ _ _ _ _ _ _ _ _ _ _ _ _ _ _ _ _ _ _ _ _ _ _ _ _ _ _ _ _ _ _
..\..\.cache\python-deps\_pytest\runner.py:250: in <lambda>
    lambda: runtest_hook(item=item, **kwds),
            ^^^^^^^^^^^^^^^^^^^^^^^^^^^^^^^
..\..\.cache\python-deps\pluggy\_hooks.py:512: in __call__
    return self._hookexec(self.name, self._hookimpls.copy(), kwargs, firstresult)
           ^^^^^^^^^^^^^^^^^^^^^^^^^^^^^^^^^^^^^^^^^^^^^^^^^^^^^^^^^^^^^^^^^^^^^^
..\..\.cache\python-deps\pluggy\_manager.py:120: in _hookexec
    return self._inner_hookexec(hook_name, methods, kwargs, firstresult)
           ^^^^^^^^^^^^^^^^^^^^^^^^^^^^^^^^^^^^^^^^^^^^^^^^^^^^^^^^^^^^^
..\..\.cache\python-deps\_pytest\logging.py:858: in pytest_runtest_setup
    yield
..\..\.cache\python-deps\_pytest\capture.py:895: in pytest_runtest_setup
    return (yield)
            ^^^^^
..\..\.cache\python-deps\_pytest\runner.py:170: in pytest_runtest_setup
    item.session._setupstate.setup(item)
..\..\.cache\python-deps\_pytest\runner.py:536: in setup
    col.setup()
..\..\.cache\python-deps\_pytest\python.py:1710: in setup
    self._request._fillfixtures()
..\..\.cache\python-deps\_pytest\fixtures.py:806: in _fillfixtures
    item.funcargs[argname] = self.getfixturevalue(argname)
                             ^^^^^^^^^^^^^^^^^^^^^^^^^^^^^
..\..\.cache\python-deps\_pytest\fixtures.py:630: in getfixturevalue
    fixturedef = self._get_active_fixturedef(argname)
                 ^^^^^^^^^^^^^^^^^^^^^^^^^^^^^^^^^^^^
..\..\.cache\python-deps\_pytest\fixtures.py:726: in _get_active_fixturedef
    fixturedef.execute(request=subrequest)
..\..\.cache\python-deps\_pytest\fixtures.py:1181: in execute
    fixturedef = request._get_active_fixturedef(argname)
                 ^^^^^^^^^^^^^^^^^^^^^^^^^^^^^^^^^^^^^^^
..\..\.cache\python-deps\_pytest\fixtures.py:726: in _get_active_fixturedef
    fixturedef.execute(request=subrequest)
..\..\.cache\python-deps\_pytest\fixtures.py:1232: in execute
    result: FixtureValue = ihook.pytest_fixture_setup(
..\..\.cache\python-deps\pluggy\_hooks.py:512: in __call__
    return self._hookexec(self.name, self._hookimpls.copy(), kwargs, firstresult)
           ^^^^^^^^^^^^^^^^^^^^^^^^^^^^^^^^^^^^^^^^^^^^^^^^^^^^^^^^^^^^^^^^^^^^^^
..\..\.cache\python-deps\pluggy\_manager.py:120: in _hookexec
    return self._inner_hookexec(hook_name, methods, kwargs, firstresult)
           ^^^^^^^^^^^^^^^^^^^^^^^^^^^^^^^^^^^^^^^^^^^^^^^^^^^^^^^^^^^^^
..\..\.cache\python-deps\_pytest\setuponly.py:36: in pytest_fixture_setup
    return (yield)
            ^^^^^
..\..\.cache\python-deps\_pytest\fixtures.py:1328: in pytest_fixture_setup
    result = call_fixture_func(fixturefunc, request, kwargs)
             ^^^^^^^^^^^^^^^^^^^^^^^^^^^^^^^^^^^^^^^^^^^^^^^
..\..\.cache\python-deps\_pytest\fixtures.py:998: in call_fixture_func
    fixture_result = next(generator)
                     ^^^^^^^^^^^^^^^
..\..\.cache\python-deps\_pytest\tmpdir.py:300: in tmp_path
    path = _mk_tmp(request, tmp_path_factory)
           ^^^^^^^^^^^^^^^^^^^^^^^^^^^^^^^^^^
..\..\.cache\python-deps\_pytest\tmpdir.py:287: in _mk_tmp
    return factory.mktemp(name, numbered=True)
           ^^^^^^^^^^^^^^^^^^^^^^^^^^^^^^^^^^^
..\..\.cache\python-deps\_pytest\tmpdir.py:136: in mktemp
    basename = self._ensure_relative_to_basetemp(basename)
               ^^^^^^^^^^^^^^^^^^^^^^^^^^^^^^^^^^^^^^^^^^^
..\..\.cache\python-deps\_pytest\tmpdir.py:117: in _ensure_relative_to_basetemp
    if (self.getbasetemp() / basename).resolve().parent != self.getbasetemp():
        ^^^^^^^^^^^^^^^^^^
..\..\.cache\python-deps\_pytest\tmpdir.py:213: in getbasetemp
    basetemp = make_numbered_dir_with_cleanup(
..\..\.cache\python-deps\_pytest\pathlib.py:420: in make_numbered_dir_with_cleanup
    raise e
..\..\.cache\python-deps\_pytest\pathlib.py:401: in make_numbered_dir_with_cleanup
    p = make_numbered_dir(root, prefix, mode)
        ^^^^^^^^^^^^^^^^^^^^^^^^^^^^^^^^^^^^^
..\..\.cache\python-deps\_pytest\pathlib.py:228: in make_numbered_dir
    max_existing = max(map(parse_num, find_suffixes(root, prefix)), default=-1)
                   ^^^^^^^^^^^^^^^^^^^^^^^^^^^^^^^^^^^^^^^^^^^^^^^^^^^^^^^^^^^^
..\..\.cache\python-deps\_pytest\pathlib.py:187: in extract_suffixes
    for entry in iter:
                 ^^^^
_ _ _ _ _ _ _ _ _ _ _ _ _ _ _ _ _ _ _ _ _ _ _ _ _ _ _ _ _ _ _ _ _ _ _ _ _ _ _ _

root = WindowsPath('C:/Users/mcrae/AppData/Local/Temp/pytest-of-mcrae')
prefix = 'pytest-'

    def find_prefixed(root: Path, prefix: str) -> Iterator[os.DirEntry[str]]:
        """Find all elements in root that begin with the prefix, case-insensitive."""
        l_prefix = prefix.lower()
>       for x in os.scandir(root):
                 ^^^^^^^^^^^^^^^^
E       PermissionError: [WinError 5] Access is denied: 'C:\\Users\\mcrae\\AppData\\Local\\Temp\\pytest-of-mcrae'

..\..\.cache\python-deps\_pytest\pathlib.py:175: PermissionError
_ ERROR at setup of test_a_genuine_blowup_is_still_a_technical_failure_not_a_schema_alarm _

cls = <class '_pytest.runner.CallInfo'>
func = <function call_and_report.<locals>.<lambda> at 0x000002026BE0B100>
when = 'setup'
reraise = (<class '_pytest.outcomes.Exit'>, <class 'KeyboardInterrupt'>)

    @classmethod
    def from_call(
        cls,
        func: Callable[[], TResult],
        when: Literal["collect", "setup", "call", "teardown"],
        reraise: type[BaseException] | tuple[type[BaseException], ...] | None = None,
    ) -> CallInfo[TResult]:
        """Call func, wrapping the result in a CallInfo.
    
        :param func:
            The function to call. Called without arguments.
        :type func: Callable[[], _pytest.runner.TResult]
        :param when:
            The phase in which the function is called.
        :param reraise:
            Exception or exceptions that shall propagate if raised by the
            function, instead of being wrapped in the CallInfo.
        """
        excinfo = None
        instant = timing.Instant()
        try:
>           result: TResult | None = func()
                                     ^^^^^^

..\..\.cache\python-deps\_pytest\runner.py:361: 
_ _ _ _ _ _ _ _ _ _ _ _ _ _ _ _ _ _ _ _ _ _ _ _ _ _ _ _ _ _ _ _ _ _ _ _ _ _ _ _
..\..\.cache\python-deps\_pytest\runner.py:250: in <lambda>
    lambda: runtest_hook(item=item, **kwds),
            ^^^^^^^^^^^^^^^^^^^^^^^^^^^^^^^
..\..\.cache\python-deps\pluggy\_hooks.py:512: in __call__
    return self._hookexec(self.name, self._hookimpls.copy(), kwargs, firstresult)
           ^^^^^^^^^^^^^^^^^^^^^^^^^^^^^^^^^^^^^^^^^^^^^^^^^^^^^^^^^^^^^^^^^^^^^^
..\..\.cache\python-deps\pluggy\_manager.py:120: in _hookexec
    return self._inner_hookexec(hook_name, methods, kwargs, firstresult)
           ^^^^^^^^^^^^^^^^^^^^^^^^^^^^^^^^^^^^^^^^^^^^^^^^^^^^^^^^^^^^^
..\..\.cache\python-deps\_pytest\logging.py:858: in pytest_runtest_setup
    yield
..\..\.cache\python-deps\_pytest\capture.py:895: in pytest_runtest_setup
    return (yield)
            ^^^^^
..\..\.cache\python-deps\_pytest\runner.py:170: in pytest_runtest_setup
    item.session._setupstate.setup(item)
..\..\.cache\python-deps\_pytest\runner.py:536: in setup
    col.setup()
..\..\.cache\python-deps\_pytest\python.py:1710: in setup
    self._request._fillfixtures()
..\..\.cache\python-deps\_pytest\fixtures.py:806: in _fillfixtures
    item.funcargs[argname] = self.getfixturevalue(argname)
                             ^^^^^^^^^^^^^^^^^^^^^^^^^^^^^
..\..\.cache\python-deps\_pytest\fixtures.py:630: in getfixturevalue
    fixturedef = self._get_active_fixturedef(argname)
                 ^^^^^^^^^^^^^^^^^^^^^^^^^^^^^^^^^^^^
..\..\.cache\python-deps\_pytest\fixtures.py:726: in _get_active_fixturedef
    fixturedef.execute(request=subrequest)
..\..\.cache\python-deps\_pytest\fixtures.py:1181: in execute
    fixturedef = request._get_active_fixturedef(argname)
                 ^^^^^^^^^^^^^^^^^^^^^^^^^^^^^^^^^^^^^^^
..\..\.cache\python-deps\_pytest\fixtures.py:726: in _get_active_fixturedef
    fixturedef.execute(request=subrequest)
..\..\.cache\python-deps\_pytest\fixtures.py:1232: in execute
    result: FixtureValue = ihook.pytest_fixture_setup(
..\..\.cache\python-deps\pluggy\_hooks.py:512: in __call__
    return self._hookexec(self.name, self._hookimpls.copy(), kwargs, firstresult)
           ^^^^^^^^^^^^^^^^^^^^^^^^^^^^^^^^^^^^^^^^^^^^^^^^^^^^^^^^^^^^^^^^^^^^^^
..\..\.cache\python-deps\pluggy\_manager.py:120: in _hookexec
    return self._inner_hookexec(hook_name, methods, kwargs, firstresult)
           ^^^^^^^^^^^^^^^^^^^^^^^^^^^^^^^^^^^^^^^^^^^^^^^^^^^^^^^^^^^^^
..\..\.cache\python-deps\_pytest\setuponly.py:36: in pytest_fixture_setup
    return (yield)
            ^^^^^
..\..\.cache\python-deps\_pytest\fixtures.py:1328: in pytest_fixture_setup
    result = call_fixture_func(fixturefunc, request, kwargs)
             ^^^^^^^^^^^^^^^^^^^^^^^^^^^^^^^^^^^^^^^^^^^^^^^
..\..\.cache\python-deps\_pytest\fixtures.py:998: in call_fixture_func
    fixture_result = next(generator)
                     ^^^^^^^^^^^^^^^
..\..\.cache\python-deps\_pytest\tmpdir.py:300: in tmp_path
    path = _mk_tmp(request, tmp_path_factory)
           ^^^^^^^^^^^^^^^^^^^^^^^^^^^^^^^^^^
..\..\.cache\python-deps\_pytest\tmpdir.py:287: in _mk_tmp
    return factory.mktemp(name, numbered=True)
           ^^^^^^^^^^^^^^^^^^^^^^^^^^^^^^^^^^^
..\..\.cache\python-deps\_pytest\tmpdir.py:136: in mktemp
    basename = self._ensure_relative_to_basetemp(basename)
               ^^^^^^^^^^^^^^^^^^^^^^^^^^^^^^^^^^^^^^^^^^^
..\..\.cache\python-deps\_pytest\tmpdir.py:117: in _ensure_relative_to_basetemp
    if (self.getbasetemp() / basename).resolve().parent != self.getbasetemp():
        ^^^^^^^^^^^^^^^^^^
..\..\.cache\python-deps\_pytest\tmpdir.py:213: in getbasetemp
    basetemp = make_numbered_dir_with_cleanup(
..\..\.cache\python-deps\_pytest\pathlib.py:420: in make_numbered_dir_with_cleanup
    raise e
..\..\.cache\python-deps\_pytest\pathlib.py:401: in make_numbered_dir_with_cleanup
    p = make_numbered_dir(root, prefix, mode)
        ^^^^^^^^^^^^^^^^^^^^^^^^^^^^^^^^^^^^^
..\..\.cache\python-deps\_pytest\pathlib.py:228: in make_numbered_dir
    max_existing = max(map(parse_num, find_suffixes(root, prefix)), default=-1)
                   ^^^^^^^^^^^^^^^^^^^^^^^^^^^^^^^^^^^^^^^^^^^^^^^^^^^^^^^^^^^^
..\..\.cache\python-deps\_pytest\pathlib.py:187: in extract_suffixes
    for entry in iter:
                 ^^^^
_ _ _ _ _ _ _ _ _ _ _ _ _ _ _ _ _ _ _ _ _ _ _ _ _ _ _ _ _ _ _ _ _ _ _ _ _ _ _ _

root = WindowsPath('C:/Users/mcrae/AppData/Local/Temp/pytest-of-mcrae')
prefix = 'pytest-'

    def find_prefixed(root: Path, prefix: str) -> Iterator[os.DirEntry[str]]:
        """Find all elements in root that begin with the prefix, case-insensitive."""
        l_prefix = prefix.lower()
>       for x in os.scandir(root):
                 ^^^^^^^^^^^^^^^^
E       PermissionError: [WinError 5] Access is denied: 'C:\\Users\\mcrae\\AppData\\Local\\Temp\\pytest-of-mcrae'

..\..\.cache\python-deps\_pytest\pathlib.py:175: PermissionError
============================ slowest 10 durations =============================
0.09s setup    research/modalities/tests/test_nrv04_retro_collect_contract.py::test_driver_still_writes_the_readout_keys_this_collector_reads
0.03s call     research/modalities/tests/test_nrv04_retro_collect_contract.py::test_driver_still_writes_the_readout_keys_this_collector_reads
0.01s setup    research/modalities/tests/test_nrv04_retro_collect_contract.py::test_a_complete_panel_of_good_legs_is_scored_not_declared_indeterminate

(7 durations < 0.005s hidden.  Use -vv to show these durations.)
=========================== short test summary info ===========================
ERROR research/modalities/tests/test_nrv04_retro_collect_contract.py::test_a_complete_panel_of_good_legs_is_scored_not_declared_indeterminate
ERROR research/modalities/tests/test_nrv04_retro_collect_contract.py::test_e2_e3_e4_are_carried_through_as_the_prereg_requires
ERROR research/modalities/tests/test_nrv04_retro_collect_contract.py::test_a_schema_drift_is_loud_instead_of_looking_like_a_physics_result
ERROR research/modalities/tests/test_nrv04_retro_collect_contract.py::test_a_genuine_blowup_is_still_a_technical_failure_not_a_schema_alarm
1 passed, 4 errors in 3.64s
