dev-setup: every interpreter the gates use already imports what they need — nothing to do.
-- interpreter --
   pytest: the bare `pytest` console script — ⛔ A UV TOOL IN ITS OWN ISOLATED VENV
   OK   every probed package imports
== lint_consistency ==
lint_consistency: 0 ERROR across 29 target file(s)
   OK
== systems model (invariants, pointers, view drift) ==
   OK
== EMC systems map (disputed identities, claim artifacts, view drift) ==
   OK
== claim strength (R1-R5: selectivity, efficacy, safety, window, readiness) ==
   OK
== changed prose (a qualifier dropped by an edit) ==
lint_changed_prose: 0 changed passage(s) over the working tree
   OK
== citation provenance and publication type (every prose identifier traces to a fetch or to the ledger; every claim of TYPE agrees with PubMed) ==
lint_citations: 1087 prose identifier(s), 105 unanchored, 237 in ledger (known_absent_upstream=1, unverified_at_baseline=143, verified=93)
lint_citation_types: ADVISORY (exit code unaffected) research/modalities/nr4a3-druggability-reconciliation.md:69 cites a paper PubMed types as a Retracted Publication — [PubMed: 40646688 Orphan nuclear receptor transcription factors as drug target (Transcription 2025) types=['Journal Article', 'Review', 'Research Support, N.I.H., Extramural', 'Retracted Publication'] doi=https://doi.org/10.1080/21541264.2025.2521766]
lint_citation_types: 23 type claim(s) checked against 13 cached record(s), 0 error(s), 1 retraction advisory(ies)
lint_citation_types: RETRACTION (advisory, exit code unaffected) DOI 10.1080/21541264.2025.2521766 is cited in research/autonomy/sprint-2026-09-01/S27-RETRACTIONS.md, research/manuscripts/degrader/nr4a3-degrader-paper.md, research/modalities/nr4a3-druggability-reconciliation.md and PubMed types it ['Journal Article', 'Review', 'Research Support, N.I.H., Extramural', 'Retracted Publication']; ACKNOWLEDGED — see the `acknowledged` row for this file in research/manuscripts/citation-retraction-sweep.json — [PubMed: 40646688 Orphan nuclear receptor transcription factors as drug target (Transcription 2025) doi=https://doi.org/10.1080/21541264.2025.2521766]
lint_citation_types: RETRACTION (advisory, exit code unaffected) DOI 10.1155/2022/2896049 is cited in research/autonomy/sprint-2026-09-01/S27-RETRACTIONS.md, research/manuscripts/no-wet-lab-publication-archetypes.md and PubMed types it ['Journal Article', 'Retracted Publication']; ACKNOWLEDGED — see the `acknowledged` row for this file in research/manuscripts/citation-retraction-sweep.json — [PubMed: 36062197 Network Pharmacology, Molecular Docking, and Experimental Va (Oxid Med Cell Longev 2022) doi=https://doi.org/10.1155/2022/2896049]
lint_citation_types: RETRACTION (advisory, exit code unaffected) PMCID PMC12263127 is cited in research/autonomy/sprint-2026-09-01/S27-RETRACTIONS.md, research/manuscripts/degrader/nr4a3-degrader-paper.md, research/modalities/nr4a3-druggability-reconciliation.md and PubMed types it ['Journal Article', 'Review', 'Research Support, N.I.H., Extramural', 'Retracted Publication']; ACKNOWLEDGED — see the `acknowledged` row for this file in research/manuscripts/citation-retraction-sweep.json — [PubMed: 40646688 Orphan nuclear receptor transcription factors as drug target (Transcription 2025) doi=https://doi.org/10.1080/21541264.2025.2521766]
lint_citation_types: RETRACTION (advisory, exit code unaffected) PMCID PMC9428684 is cited in research/autonomy/sprint-2026-09-01/S27-RETRACTIONS.md, research/manuscripts/no-wet-lab-publication-archetypes.md and PubMed types it ['Journal Article', 'Retracted Publication']; ACKNOWLEDGED — see the `acknowledged` row for this file in research/manuscripts/citation-retraction-sweep.json — [PubMed: 36062197 Network Pharmacology, Molecular Docking, and Experimental Va (Oxid Med Cell Longev 2022) doi=https://doi.org/10.1155/2022/2896049]
lint_citation_types: RETRACTION (advisory, exit code unaffected) PMID 36062197 is cited in research/manuscripts/no-wet-lab-publication-archetypes.md and PubMed types it ['Journal Article', 'Retracted Publication']; ACKNOWLEDGED — see the `acknowledged` row for this file in research/manuscripts/citation-retraction-sweep.json — [PubMed: 36062197 Network Pharmacology, Molecular Docking, and Experimental Va (Oxid Med Cell Longev 2022) doi=https://doi.org/10.1155/2022/2896049]
lint_citation_types: RETRACTION (advisory, exit code unaffected) PMID 40646688 is cited in research/manuscripts/degrader/nr4a3-degrader-paper.md, research/modalities/nr4a3-druggability-reconciliation.md and PubMed types it ['Journal Article', 'Review', 'Research Support, N.I.H., Extramural', 'Retracted Publication']; ACKNOWLEDGED — see the `acknowledged` row for this file in research/manuscripts/citation-retraction-sweep.json — [PubMed: 40646688 Orphan nuclear receptor transcription factors as drug target (Transcription 2025) doi=https://doi.org/10.1080/21541264.2025.2521766]
lint_citation_types: NOT SWEPT (advisory) PMID 18676850 in research/autonomy/sprint-2026-09-01/S55-TWO-BLIND-ROUTES.md has no row in research/manuscripts/citation-retraction-sweep.json — its retraction status is UNKNOWN, which is not the same as clean.
lint_citation_types: retraction sweep (2026-09-01) — 1087 prose identifier(s): 848 checked against PubMed, 6 retracted, 238 outside PubMed's reach (arXiv/NCT/GEO/preprint, meeting-abstract, dataset and PDB DOIs — UNKNOWN, not clean), 1 NOT SWEPT.
   OK
== manuscript prose style (journal register, not repository register) ==
   OK
== readability screen (ADVISORY: where to look, not whether the prose is good) ==
   document                                             sent  mean  p90  max  >60w  FKGL  caution/1kw
   response-endpoint-indolent-tumours.md                 320  18.8   35   53     0  11.4         12.3
   emc-mtap-prmt5-hypothesis.md                          273  21.7   38   58     0  12.5         12.7
   emc-mtap-prmt5-hypothesis-SI.md                        88  22.8   38  134     1  11.9         10.0
   emc-atr-collaborator-package.md                       216  19.5   38   66     1  11.7          8.3
   repurposing-hypotheses.md                             265  20.7   37   64     1  14.7          8.2
   emc-surface-target-landscape.md                       304  20.9   38   59     0  13.3          8.2
   emc-surface-target-landscape-si.md                    160  18.3   35   49     0  12.2         12.3
   fusion-junction-aso-supplementary-information.md       98  22.6   45  103     3  12.0          7.7
   fusion-junction-aso-journal-article.md                181  24.4   44   54     0  13.1          9.7
   fusion-junction-aso-journal-tables.md                  12  24.5   38   75     1  13.5         10.2
   fusion-junction-aso-journal-references.md              79  14.9   25   54     0  10.9          0.9
   emc-vaccine-development-path.md                       742  23.8   43   87     3  12.9         11.6
   emc-trial-reachability.md                              81  17.5   30   43     0  11.4         10.6
   
   ⚠ This is a SCREEN. It says where to look. Whether the prose is good is decided by reading it — see the `scientific-writing` skill.
== parser guard (every registered parser can still find its input) ==
   OK
== validate (EMC clinical registry evidence contract) ==
   OK
== generated deposit artifacts reproduce from their generators ==
   OK   submission tables
   OK   claim coverage census
   OK   submission references
   OK   submission metrics
   OK   canonical sequence file
   OK   journal article tables
   OK   offtarget duplex energy
   OK   submission packet
   OK   vaccine-path manuscript tables
   OK   archive manifest
   OK   declared deposit drift
   OK   condensate CALVADOS findings
   OK   ATR HRD sarcoma series
   OK   single-slot artifact identity
   OK   instrument census
   OK   reopening-trigger registry join
   OK   literature citation debt
   OK   news-match queue
== cycle receipts record the fan-out width the cap is checked against ==
      pre-schema (< CYC-0023), width not readable by the cap check, grandfathered: CYC-0000-BOOTSTRAP ((no width recorded)), CYC-0001 ((no width recorded)), CYC-0002 ((no width recorded)), CYC-0003 ((no width recorded)), CYC-0005 ((no width recorded)), CYC-0007 ((no width recorded)), CYC-0009 ((no width recorded)), CYC-0011 (concurrent_max/dispatched), CYC-0012 (concurrent_max/dispatched), CYC-0013 (concurrent_max/dispatched), CYC-0014 (concurrent_max/dispatched), CYC-0015 ((no width recorded)), CYC-0016 (concurrent_max/dispatched), CYC-0018 (dispatched), CYC-0019 (concurrent_max/dispatched), CYC-0020 (launched), CYC-0021 (launched), CYC-0022 (launched)
      90 governed receipt(s), 0 failure(s), 0 unreadable
   OK
== pytest (modalities: FULL, PREFLIGHT_FULL=1) ==
8212 passed, 48 skipped, 25 warnings in 380.37s (0:06:20)
   OK (0 failure(s), every one named in the sandbox baseline as dep-related;
       0 module(s) could not be imported here and are counted separately)
== pytest (manuscripts: endpoints, systems map, pooling, submission citations) ==
1851 passed, 3 skipped, 23 warnings in 61.07s (0:01:01)
   OK
== pytest (pure-logic suites nothing else runs: the selector's contract + the loop's instruments + the systems model) ==
1515 passed, 1 skipped, 1 warning in 55.72s
   OK
== unverified-output residue in the documents that go out (model meta-comments, placeholders) ==
   lint_submission_residue: 33 outgoing document(s), 5 finding(s), 5 baselined, 0 new, 0 stale baseline row(s)
   lint_submission_residue: hallucinated references are gate 6's trigger and remain PARTIAL — 5 named gaps in UNCOVERED_BY_LINT_CITATIONS.
   OK
== the cycle contract names every receipt field the receipt-schema gate requires ==
      required by the gate, and named by the contract: `route_advanced`, `subagents`, `subagents.max_concurrent`, `ccr_session_id`
      4 required field path(s), 5 key constant(s), 6093 chars of contract read, 0 disagreement(s)
   OK
== what each test tier costs, against the budget somebody set for it ==
   ok    commit-loop             1284/1400  test function(s) in 91 file(s)
   ok    modalities              7134/7500  test function(s) in 429 file(s)
   ok    paper-guards             876/1000  test function(s) in 106 file(s)
PINNED_SHA=3d5c709b69bc32a00a7776bf47303771d17d87f5

PREFLIGHT OK (FULL: every gate, both suites unscoped)
EXIT=0
