PINNED_SHA=a3279ce610d7eb9d2366f80eea799de9e7d1fdd8
dev-setup: every interpreter the gates use already imports what they need — nothing to do.
-- interpreter --
   pytest: the bare `pytest` console script — ⛔ A UV TOOL IN ITS OWN ISOLATED VENV
   OK   every probed package imports
== lint_consistency ==
lint_consistency: 0 ERROR across 29 target file(s)
   OK
== systems model (invariants, pointers, view drift) ==
   OK
== EMC systems map (disputed identities, claim artifacts, view drift) ==
   OK
== claim strength (R1-R5: selectivity, efficacy, safety, window, readiness) ==
   OK
== changed prose (a qualifier dropped by an edit) ==
lint_changed_prose: 0 changed passage(s) over the working tree
   OK
== citation provenance and publication type (every prose identifier traces to a fetch or to the ledger; every claim of TYPE agrees with PubMed) ==
lint_citations: 1142 prose identifier(s), 105 unanchored, 237 in ledger (known_absent_upstream=1, unverified_at_baseline=143, verified=93)
lint_citation_types: ADVISORY (exit code unaffected) research/modalities/nr4a3-druggability-reconciliation.md:69 cites a paper PubMed types as a Retracted Publication — [PubMed: 40646688 Orphan nuclear receptor transcription factors as drug target (Transcription 2025) types=['Journal Article', 'Review', 'Research Support, N.I.H., Extramural', 'Retracted Publication'] doi=https://doi.org/10.1080/21541264.2025.2521766]
lint_citation_types: 26 type claim(s) checked against 13 cached record(s), 0 error(s), 1 retraction advisory(ies)
lint_citation_types: RETRACTION (advisory, exit code unaffected) DOI 10.1080/21541264.2025.2521766 is cited in research/autonomy/sprint-2026-09-01/S27-RETRACTIONS.md, research/manuscripts/degrader/nr4a3-degrader-paper.md, research/modalities/nr4a3-druggability-reconciliation.md and PubMed types it ['Journal Article', 'Review', 'Research Support, N.I.H., Extramural', 'Retracted Publication']; ACKNOWLEDGED — see the `acknowledged` row for this file in research/manuscripts/citation-retraction-sweep.json — [PubMed: 40646688 Orphan nuclear receptor transcription factors as drug target (Transcription 2025) doi=https://doi.org/10.1080/21541264.2025.2521766]
lint_citation_types: RETRACTION (advisory, exit code unaffected) DOI 10.1155/2022/2896049 is cited in research/autonomy/sprint-2026-09-01/S27-RETRACTIONS.md, research/manuscripts/no-wet-lab-publication-archetypes.md and PubMed types it ['Journal Article', 'Retracted Publication']; ACKNOWLEDGED — see the `acknowledged` row for this file in research/manuscripts/citation-retraction-sweep.json — [PubMed: 36062197 Network Pharmacology, Molecular Docking, and Experimental Va (Oxid Med Cell Longev 2022) doi=https://doi.org/10.1155/2022/2896049]
lint_citation_types: RETRACTION (advisory, exit code unaffected) PMCID PMC12263127 is cited in research/autonomy/sprint-2026-09-01/S27-RETRACTIONS.md, research/manuscripts/degrader/nr4a3-degrader-paper.md, research/modalities/nr4a3-druggability-reconciliation.md and PubMed types it ['Journal Article', 'Review', 'Research Support, N.I.H., Extramural', 'Retracted Publication']; ACKNOWLEDGED — see the `acknowledged` row for this file in research/manuscripts/citation-retraction-sweep.json — [PubMed: 40646688 Orphan nuclear receptor transcription factors as drug target (Transcription 2025) doi=https://doi.org/10.1080/21541264.2025.2521766]
lint_citation_types: RETRACTION (advisory, exit code unaffected) PMCID PMC9428684 is cited in research/autonomy/sprint-2026-09-01/S27-RETRACTIONS.md, research/manuscripts/no-wet-lab-publication-archetypes.md and PubMed types it ['Journal Article', 'Retracted Publication']; ACKNOWLEDGED — see the `acknowledged` row for this file in research/manuscripts/citation-retraction-sweep.json — [PubMed: 36062197 Network Pharmacology, Molecular Docking, and Experimental Va (Oxid Med Cell Longev 2022) doi=https://doi.org/10.1155/2022/2896049]
lint_citation_types: RETRACTION (advisory, exit code unaffected) PMID 36062197 is cited in research/manuscripts/no-wet-lab-publication-archetypes.md and PubMed types it ['Journal Article', 'Retracted Publication']; ACKNOWLEDGED — see the `acknowledged` row for this file in research/manuscripts/citation-retraction-sweep.json — [PubMed: 36062197 Network Pharmacology, Molecular Docking, and Experimental Va (Oxid Med Cell Longev 2022) doi=https://doi.org/10.1155/2022/2896049]
lint_citation_types: RETRACTION (advisory, exit code unaffected) PMID 40646688 is cited in research/manuscripts/degrader/nr4a3-degrader-paper.md, research/modalities/nr4a3-druggability-reconciliation.md and PubMed types it ['Journal Article', 'Review', 'Research Support, N.I.H., Extramural', 'Retracted Publication']; ACKNOWLEDGED — see the `acknowledged` row for this file in research/manuscripts/citation-retraction-sweep.json — [PubMed: 40646688 Orphan nuclear receptor transcription factors as drug target (Transcription 2025) doi=https://doi.org/10.1080/21541264.2025.2521766]
lint_citation_types: NOT SWEPT (advisory) ARXIV 2609.00077 in research/method-watch-preprint-pipeline.md has no row in research/manuscripts/citation-retraction-sweep.json — its retraction status is UNKNOWN, which is not the same as clean.
lint_citation_types: NOT SWEPT (advisory) ARXIV 2609.00365 in research/method-watch-preprint-pipeline.md, research/method-watch-trigger-scan.md has no row in research/manuscripts/citation-retraction-sweep.json — its retraction status is UNKNOWN, which is not the same as clean.
lint_citation_types: NOT SWEPT (advisory) ARXIV 2609.01357 in research/IDEAS.md, research/method-watch-preprint-pipeline.md, research/method-watch-trigger-scan.md has no row in research/manuscripts/citation-retraction-sweep.json — its retraction status is UNKNOWN, which is not the same as clean.
lint_citation_types: NOT SWEPT (advisory) ARXIV 2609.04170 in research/IDEAS.md, research/method-watch-preprint-pipeline.md, research/method-watch-trigger-scan.md has no row in research/manuscripts/citation-retraction-sweep.json — its retraction status is UNKNOWN, which is not the same as clean.
lint_citation_types: NOT SWEPT (advisory) DOI 10.1002/cncr.32084 in research/manuscripts/surface-targets/emc-surface-target-landscape-review-response-2026-08-10.md has no row in research/manuscripts/citation-retraction-sweep.json — its retraction status is UNKNOWN, which is not the same as clean.
lint_citation_types: NOT SWEPT (advisory) DOI 10.1002/gcc.20478 in research/modalities/fus-ddit3-prefix-comparison.md has no row in research/manuscripts/citation-retraction-sweep.json — its retraction status is UNKNOWN, which is not the same as clean.
lint_citation_types: NOT SWEPT (advisory) DOI 10.1016/j.jbc.2022.102434 in research/manuscripts/mtap-prmt5/emc-mtap-prmt5-hypothesis-review-response-2026-08-10.md has no row in research/manuscripts/citation-retraction-sweep.json — its retraction status is UNKNOWN, which is not the same as clean.
lint_citation_types: NOT SWEPT (advisory) DOI 10.1038/bjc.2016.214 in research/manuscripts/surface-targets/emc-surface-target-landscape-review-response-2026-08-10.md has no row in research/manuscripts/citation-retraction-sweep.json — its retraction status is UNKNOWN, which is not the same as clean.
lint_citation_types: NOT SWEPT (advisory) DOI 10.1158/1078-0432.ccr-21-3656 in research/manuscripts/surface-targets/emc-surface-target-landscape-review-response-2026-08-10.md has no row in research/manuscripts/citation-retraction-sweep.json — its retraction status is UNKNOWN, which is not the same as clean.
lint_citation_types: NOT SWEPT (advisory) DOI 10.32388/VL3LJR.2 in research/manuscripts/aso/fusion-junction-aso-cover-letter.md, research/release-candidates/PUB-ASO/2026-09-04/submission/cover-letter.md has no row in research/manuscripts/citation-retraction-sweep.json — its retraction status is UNKNOWN, which is not the same as clean.
lint_citation_types: NOT SWEPT (advisory) GEO GSM600935 in research/modalities/surface-address-sensitivity.md has no row in research/manuscripts/citation-retraction-sweep.json — its retraction status is UNKNOWN, which is not the same as clean.
lint_citation_types: NOT SWEPT (advisory) GEO GSM600937 in research/modalities/surface-address-sensitivity.md has no row in research/manuscripts/citation-retraction-sweep.json — its retraction status is UNKNOWN, which is not the same as clean.
lint_citation_types: NOT SWEPT (advisory) GEO GSM600938 in research/modalities/surface-address-sensitivity.md has no row in research/manuscripts/citation-retraction-sweep.json — its retraction status is UNKNOWN, which is not the same as clean.
lint_citation_types: NOT SWEPT (advisory) GEO GSM89883 in research/manuscripts/mtap-prmt5/emc-mtap-prmt5-decline-review-statistics-2026-08-10.md has no row in research/manuscripts/citation-retraction-sweep.json — its retraction status is UNKNOWN, which is not the same as clean.
lint_citation_types: NOT SWEPT (advisory) GEO GSM89924 in research/manuscripts/mtap-prmt5/emc-mtap-prmt5-decline-review-statistics-2026-08-10.md has no row in research/manuscripts/citation-retraction-sweep.json — its retraction status is UNKNOWN, which is not the same as clean.
lint_citation_types: NOT SWEPT (advisory) GEO GSM91381 in research/manuscripts/mtap-prmt5/emc-mtap-prmt5-decline-review-statistics-2026-08-10.md has no row in research/manuscripts/citation-retraction-sweep.json — its retraction status is UNKNOWN, which is not the same as clean.
lint_citation_types: NOT SWEPT (advisory) GEO GSM91397 in research/modalities/surface-address-sensitivity.md has no row in research/manuscripts/citation-retraction-sweep.json — its retraction status is UNKNOWN, which is not the same as clean.
lint_citation_types: NOT SWEPT (advisory) GEO GSM91405 in research/manuscripts/mtap-prmt5/emc-mtap-prmt5-decline-review-statistics-2026-08-10.md, research/modalities/surface-address-sensitivity.md has no row in research/manuscripts/citation-retraction-sweep.json — its retraction status is UNKNOWN, which is not the same as clean.
lint_citation_types: NOT SWEPT (advisory) GEO GSM98495 in research/manuscripts/mtap-prmt5/emc-mtap-prmt5-decline-review-statistics-2026-08-10.md has no row in research/manuscripts/citation-retraction-sweep.json — its retraction status is UNKNOWN, which is not the same as clean.
lint_citation_types: NOT SWEPT (advisory) GEO GSM98499 in research/manuscripts/mtap-prmt5/emc-mtap-prmt5-decline-review-response-2026-08-10.md has no row in research/manuscripts/citation-retraction-sweep.json — its retraction status is UNKNOWN, which is not the same as clean.
lint_citation_types: NOT SWEPT (advisory) GEO GSM98510 in research/modalities/surface-address-sensitivity.md has no row in research/manuscripts/citation-retraction-sweep.json — its retraction status is UNKNOWN, which is not the same as clean.
lint_citation_types: NOT SWEPT (advisory) GEO GSM98513 in research/manuscripts/mtap-prmt5/emc-mtap-prmt5-decline-review-statistics-2026-08-10.md has no row in research/manuscripts/citation-retraction-sweep.json — its retraction status is UNKNOWN, which is not the same as clean.
lint_citation_types: NOT SWEPT (advisory) PMCID PMC13361612 in research/method-watch-trigger-scan.md has no row in research/manuscripts/citation-retraction-sweep.json — its retraction status is UNKNOWN, which is not the same as clean.
lint_citation_types: NOT SWEPT (advisory) PMCID PMC13367449 in research/method-watch-trigger-scan.md has no row in research/manuscripts/citation-retraction-sweep.json — its retraction status is UNKNOWN, which is not the same as clean.
lint_citation_types: NOT SWEPT (advisory) PMCID PMC13371081 in research/method-watch-trigger-scan.md has no row in research/manuscripts/citation-retraction-sweep.json — its retraction status is UNKNOWN, which is not the same as clean.
lint_citation_types: NOT SWEPT (advisory) PMCID PMC13371367 in research/method-watch-trigger-scan.md has no row in research/manuscripts/citation-retraction-sweep.json — its retraction status is UNKNOWN, which is not the same as clean.
lint_citation_types: NOT SWEPT (advisory) PMCID PMC13375461 in research/method-watch-trigger-scan.md has no row in research/manuscripts/citation-retraction-sweep.json — its retraction status is UNKNOWN, which is not the same as clean.
lint_citation_types: NOT SWEPT (advisory) PMCID PMC13397437 in research/method-watch-trigger-scan.md has no row in research/manuscripts/citation-retraction-sweep.json — its retraction status is UNKNOWN, which is not the same as clean.
lint_citation_types: NOT SWEPT (advisory) PMCID PMC13406283 in research/method-watch-trigger-scan.md has no row in research/manuscripts/citation-retraction-sweep.json — its retraction status is UNKNOWN, which is not the same as clean.
lint_citation_types: NOT SWEPT (advisory) PMCID PMC13408113 in research/method-watch-trigger-scan.md has no row in research/manuscripts/citation-retraction-sweep.json — its retraction status is UNKNOWN, which is not the same as clean.
lint_citation_types: NOT SWEPT (advisory) PMCID PMC13417341 in research/method-watch-trigger-scan.md has no row in research/manuscripts/citation-retraction-sweep.json — its retraction status is UNKNOWN, which is not the same as clean.
lint_citation_types: NOT SWEPT (advisory) PMCID PMC13417551 in research/method-watch-trigger-scan.md has no row in research/manuscripts/citation-retraction-sweep.json — its retraction status is UNKNOWN, which is not the same as clean.
lint_citation_types: NOT SWEPT (advisory) PMCID PMC4985356 in research/manuscripts/surface-targets/emc-surface-target-landscape-review-response-2026-08-10.md has no row in research/manuscripts/citation-retraction-sweep.json — its retraction status is UNKNOWN, which is not the same as clean.
lint_citation_types: NOT SWEPT (advisory) PMCID PMC6618088 in research/manuscripts/surface-targets/emc-surface-target-landscape-review-response-2026-08-10.md has no row in research/manuscripts/citation-retraction-sweep.json — its retraction status is UNKNOWN, which is not the same as clean.
lint_citation_types: NOT SWEPT (advisory) PMCID PMC9365353 in research/manuscripts/surface-targets/emc-surface-target-landscape-review-response-2026-08-10.md has no row in research/manuscripts/citation-retraction-sweep.json — its retraction status is UNKNOWN, which is not the same as clean.
lint_citation_types: NOT SWEPT (advisory) PMID 16199517 in research/manuscripts/fusion-output/nr4a3-fusion-transcriptional-output-review-response-2026-08-10.md has no row in research/manuscripts/citation-retraction-sweep.json — its retraction status is UNKNOWN, which is not the same as clean.
lint_citation_types: NOT SWEPT (advisory) PMID 17182697 in research/manuscripts/fusion-output/nr4a3-fusion-transcriptional-output-review-response-2026-08-10.md has no row in research/manuscripts/citation-retraction-sweep.json — its retraction status is UNKNOWN, which is not the same as clean.
lint_citation_types: NOT SWEPT (advisory) PMID 17303618 in research/manuscripts/fusion-output/nr4a3-fusion-transcriptional-output-review-response-2026-08-10.md has no row in research/manuscripts/citation-retraction-sweep.json — its retraction status is UNKNOWN, which is not the same as clean.
lint_citation_types: NOT SWEPT (advisory) PMID 17647282 in research/autonomy/evidence-fus-ddit3-2026-09-05/README.md, research/modalities/fus-ddit3-prefix-comparison.md has no row in research/manuscripts/citation-retraction-sweep.json — its retraction status is UNKNOWN, which is not the same as clean.
lint_citation_types: NOT SWEPT (advisory) PMID 18676850 in research/autonomy/sprint-2026-09-01/S55-TWO-BLIND-ROUTES.md has no row in research/manuscripts/citation-retraction-sweep.json — its retraction status is UNKNOWN, which is not the same as clean.
lint_citation_types: NOT SWEPT (advisory) PMID 19847166 in research/manuscripts/fusion-output/nr4a3-fusion-transcriptional-output-review-response-2026-08-10.md has no row in research/manuscripts/citation-retraction-sweep.json — its retraction status is UNKNOWN, which is not the same as clean.
lint_citation_types: NOT SWEPT (advisory) PMID 20048385 in research/manuscripts/fusion-output/nr4a3-fusion-transcriptional-output-review-response-2026-08-10.md has no row in research/manuscripts/citation-retraction-sweep.json — its retraction status is UNKNOWN, which is not the same as clean.
lint_citation_types: NOT SWEPT (advisory) PMID 20287819 in research/manuscripts/fusion-output/nr4a3-fusion-transcriptional-output-review-response-2026-08-10.md has no row in research/manuscripts/citation-retraction-sweep.json — its retraction status is UNKNOWN, which is not the same as clean.
lint_citation_types: NOT SWEPT (advisory) PMID 20610611 in research/manuscripts/fusion-output/nr4a3-fusion-transcriptional-output-review-response-2026-08-10.md has no row in research/manuscripts/citation-retraction-sweep.json — its retraction status is UNKNOWN, which is not the same as clean.
lint_citation_types: NOT SWEPT (advisory) PMID 20818875 in research/manuscripts/emc-mortality-mechanisms-paper.md, research/manuscripts/emc-mortality-mechanisms.md, systems/views/L5-evidence-base.md has no row in research/manuscripts/citation-retraction-sweep.json — its retraction status is UNKNOWN, which is not the same as clean.
lint_citation_types: NOT SWEPT (advisory) PMID 21044043 in research/manuscripts/fusion-output/nr4a3-fusion-transcriptional-output-review-response-2026-08-10.md has no row in research/manuscripts/citation-retraction-sweep.json — its retraction status is UNKNOWN, which is not the same as clean.
lint_citation_types: NOT SWEPT (advisory) PMID 22638577 in research/manuscripts/fusion-output/nr4a3-fusion-transcriptional-output-review-response-2026-08-10.md has no row in research/manuscripts/citation-retraction-sweep.json — its retraction status is UNKNOWN, which is not the same as clean.
lint_citation_types: NOT SWEPT (advisory) PMID 23115670 in systems/views/L2-rt-treatment-harm.md has no row in research/manuscripts/citation-retraction-sweep.json — its retraction status is UNKNOWN, which is not the same as clean.
lint_citation_types: NOT SWEPT (advisory) PMID 23323831 in research/manuscripts/fusion-output/nr4a3-fusion-transcriptional-output-review-response-2026-08-10.md has no row in research/manuscripts/citation-retraction-sweep.json — its retraction status is UNKNOWN, which is not the same as clean.
lint_citation_types: NOT SWEPT (advisory) PMID 27124452 in research/manuscripts/fusion-output/nr4a3-fusion-transcriptional-output-review-response-2026-08-10.md has no row in research/manuscripts/citation-retraction-sweep.json — its retraction status is UNKNOWN, which is not the same as clean.
lint_citation_types: NOT SWEPT (advisory) PMID 30400809 in research/manuscripts/fusion-output/nr4a3-fusion-transcriptional-output-review-response-2026-08-10.md has no row in research/manuscripts/citation-retraction-sweep.json — its retraction status is UNKNOWN, which is not the same as clean.
lint_citation_types: NOT SWEPT (advisory) PMID 30511879 in systems/views/L5-evidence-base.md has no row in research/manuscripts/citation-retraction-sweep.json — its retraction status is UNKNOWN, which is not the same as clean.
lint_citation_types: NOT SWEPT (advisory) PMID 30786186 in systems/views/L5-evidence-base.md has no row in research/manuscripts/citation-retraction-sweep.json — its retraction status is UNKNOWN, which is not the same as clean.
lint_citation_types: NOT SWEPT (advisory) PMID 31417269 in systems/views/L5-evidence-base.md has no row in research/manuscripts/citation-retraction-sweep.json — its retraction status is UNKNOWN, which is not the same as clean.
lint_citation_types: NOT SWEPT (advisory) PMID 32026945 in research/manuscripts/fusion-output/nr4a3-fusion-transcriptional-output-review-response-2026-08-10.md has no row in research/manuscripts/citation-retraction-sweep.json — its retraction status is UNKNOWN, which is not the same as clean.
lint_citation_types: NOT SWEPT (advisory) PMID 32953543 in research/manuscripts/emc-mortality-mechanisms-paper.md, research/manuscripts/emc-mortality-mechanisms.md, systems/views/L5-evidence-base.md has no row in research/manuscripts/citation-retraction-sweep.json — its retraction status is UNKNOWN, which is not the same as clean.
lint_citation_types: NOT SWEPT (advisory) PMID 37781179 in research/manuscripts/emc-mortality-mechanisms-paper.md, research/manuscripts/emc-mortality-mechanisms.md, systems/views/L5-evidence-base.md has no row in research/manuscripts/citation-retraction-sweep.json — its retraction status is UNKNOWN, which is not the same as clean.
lint_citation_types: NOT SWEPT (advisory) PMID 38447752 in research/autonomy/portfolio-2026-09-05/recommendation.md has no row in research/manuscripts/citation-retraction-sweep.json — its retraction status is UNKNOWN, which is not the same as clean.
lint_citation_types: NOT SWEPT (advisory) PMID 38558247 in research/manuscripts/emc-mortality-mechanisms-paper.md, research/manuscripts/emc-mortality-mechanisms.md, systems/views/L5-evidence-base.md has no row in research/manuscripts/citation-retraction-sweep.json — its retraction status is UNKNOWN, which is not the same as clean.
lint_citation_types: NOT SWEPT (advisory) PMID 41799218 in systems/views/L2-rt-vte-prophylaxis.md has no row in research/manuscripts/citation-retraction-sweep.json — its retraction status is UNKNOWN, which is not the same as clean.
lint_citation_types: retraction sweep (2026-09-01) — 1142 prose identifier(s): 844 checked against PubMed, 6 retracted, 238 outside PubMed's reach (arXiv/NCT/GEO/preprint, meeting-abstract, dataset and PDB DOIs — UNKNOWN, not clean), 60 NOT SWEPT.
   OK
== manuscript prose style (journal register, not repository register) ==
   OK
== readability screen (ADVISORY: where to look, not whether the prose is good) ==
   document                                             sent  mean  p90  max  >60w  FKGL  caution/1kw
   response-endpoint-indolent-tumours.md                 320  18.8   35   53     0  11.4         12.3
   emc-mtap-prmt5-hypothesis.md                          273  21.7   38   58     0  12.5         12.7
   emc-mtap-prmt5-hypothesis-SI.md                        88  22.8   38  134     1  11.9         10.0
   emc-atr-collaborator-package.md                       356  20.6   41   57     0  11.8         11.2
   repurposing-hypotheses.md                             265  20.7   37   64     1  14.7          8.2
   emc-surface-target-landscape.md                       304  20.9   38   59     0  13.3          8.2
   emc-surface-target-landscape-si.md                    160  18.3   35   49     0  12.2         12.3
   fusion-junction-aso-supplementary-information.md       98  22.6   45  103     3  12.0          7.7
   fusion-junction-aso-journal-article.md                181  24.4   44   54     0  13.1          9.7
   fusion-junction-aso-journal-tables.md                  12  24.5   38   75     1  13.5         10.2
   fusion-junction-aso-journal-references.md              79  14.9   25   54     0  10.9          0.9
   emc-vaccine-development-path.md                       742  23.8   43   87     3  12.9         11.6
   emc-trial-reachability.md                             116  22.2   40   51     0  12.2         12.8
   
   ⚠ This is a SCREEN. It says where to look. Whether the prose is good is decided by reading it — see the `scientific-writing` skill.
== parser guard (every registered parser can still find its input) ==
   OK
== validate (EMC clinical registry evidence contract) ==
   OK
== generated deposit artifacts reproduce from their generators ==
   OK   submission tables
   OK   claim coverage census
   OK   submission references
   OK   submission metrics
   OK   canonical sequence file
   OK   journal article tables
   OK   offtarget duplex energy
   OK   submission packet
   OK   vaccine-path manuscript tables
   OK   archive manifest
   OK   declared deposit drift
   OK   condensate CALVADOS findings
   OK   ATR HRD sarcoma series
   OK   single-slot artifact identity
   OK   instrument census
   OK   reopening-trigger registry join
   OK   literature citation debt
   OK   news-match queue
== cycle receipts record the fan-out width the cap is checked against ==
      pre-schema (< CYC-0023), width not readable by the cap check, grandfathered: CYC-0000-BOOTSTRAP ((no width recorded)), CYC-0001 ((no width recorded)), CYC-0002 ((no width recorded)), CYC-0003 ((no width recorded)), CYC-0005 ((no width recorded)), CYC-0007 ((no width recorded)), CYC-0009 ((no width recorded)), CYC-0011 (concurrent_max/dispatched), CYC-0012 (concurrent_max/dispatched), CYC-0013 (concurrent_max/dispatched), CYC-0014 (concurrent_max/dispatched), CYC-0015 ((no width recorded)), CYC-0016 (concurrent_max/dispatched), CYC-0018 (dispatched), CYC-0019 (concurrent_max/dispatched), CYC-0020 (launched), CYC-0021 (launched), CYC-0022 (launched)
      107 governed receipt(s), 0 failure(s), 0 unreadable
   OK
== pytest (modalities: FULL, PREFLIGHT_FULL=1) ==
============================= slowest 25 durations =============================
271.36s call     research/modalities/tests/test_emc_ret_target_scan.py::test_the_committed_artifact_rederives_from_its_inputs
93.18s call     research/modalities/tests/test_no_hand_rolled_publish.py::test_every_python_publisher_that_stamps_also_guards_on_the_checkout
89.39s call     research/modalities/tests/test_no_hand_rolled_publish.py::test_the_python_publisher_scanner_actually_finds_the_known_one
64.25s call     research/modalities/tests/test_ndrg1_panel_attribution_controls.py::test_the_committed_artifact_rederives_from_its_generator
48.04s call     research/modalities/tests/test_valb_triangle_lane.py::test_R_is_exactly_zero_for_a_perfect_cycle
42.00s call     research/modalities/tests/test_one_geometry_screen_loading.py::test_the_repository_is_clean_of_direct_discovery
26.79s call     research/modalities/tests/test_fusion_neoantigen_invalidation.py::test_the_cleared_banner_names_the_downstream_work_the_clearance_does_NOT_do
26.62s call     research/modalities/tests/test_fusion_neoantigen_invalidation.py::test_the_artifact_carries_the_banner_or_the_grader_clears_it
24.71s call     research/modalities/tests/test_fusion_neoantigen_invalidation.py::test_the_routed_map_edit_points_at_the_artifact_and_restates_no_peptide
24.50s call     research/modalities/tests/test_nr4a3_5bt.py::test_build_arm_runs_end_to_end_and_the_snap_masks_are_non_empty
23.60s call     research/modalities/tests/test_board_volatility.py::test_mine_git_declares_itself_insufficient_for_survival
23.32s call     research/modalities/tests/test_lint_derived_thresholds.py::test_no_production_module_types_a_multiple_of_the_basis
21.80s call     research/modalities/tests/test_one_geometry_screen_loading.py::test_no_module_is_unparseable_to_the_scanner
21.18s call     research/modalities/tests/test_one_geometry_screen_loading.py::test_a_registered_exception_cannot_outlive_the_pattern_it_names
20.54s call     research/modalities/tests/test_adaptive_certify.py::test_systematic_bias_defeats_the_statistical_control
15.01s setup    research/modalities/tests/test_emc_prmt5_route_controls.py::test_the_welch_t_matches_the_one_the_panel_already_owns
14.14s call     research/modalities/tests/test_ndrg1_panel_attribution_controls.py::test_a_panel_that_clears_on_the_pparg_side_makes_the_verdict_false
12.95s call     research/modalities/tests/test_short_linker_probe.py::test_the_probe_reproduces_its_committed_artifact
12.86s call     research/modalities/tests/test_lint_citations.py::test_the_repository_currently_passes
12.25s call     research/modalities/tests/test_lint_citations.py::test_a_ledgered_identifier_stays_green
11.99s call     research/modalities/tests/test_lint_citations.py::test_a_pmid_typed_from_memory_is_caught
11.88s call     research/modalities/tests/test_every_lane_remerges_the_board.py::test_the_detector_actually_detects
11.87s call     research/modalities/tests/test_lint_citations.py::test_a_fabricated_arxiv_id_is_caught
11.76s call     research/modalities/tests/test_valb_failure_propagation.py::test_memoisation_is_deterministic_not_just_fast
11.67s call     research/modalities/tests/test_lint_citations.py::test_and_that_control_can_actually_pass_when_the_identifier_is_anchored
8392 passed, 53 skipped, 25 warnings in 487.53s (0:08:07)
8392 passed, 53 skipped, 25 warnings in 487.53s (0:08:07)
   OK (0 failure(s), every one named in the sandbox baseline as dep-related;
       0 module(s) could not be imported here and are counted separately)
== pytest (manuscripts: endpoints, systems map, pooling, submission citations) ==
============================= slowest 25 durations =============================
1120.94s call     research/manuscripts/tests/test_the_census_word_covered_survives_ablation.py::test_a_covered_sentence_has_a_witness_that_actually_goes_red[research/manuscripts/aso/fusion-junction-aso-journal-article.md]
25.65s call     research/manuscripts/tests/test_endpoint_producers_check.py::test_the_figure_check_passes_and_refuses_a_perturbation
21.49s call     research/manuscripts/tests/test_endpoint_producers_check.py::test_check_passes_on_the_committed_artifact[endpoint_regime_map]
12.69s call     research/manuscripts/tests/test_citation_type_guard.py::test_the_live_tree_is_green_with_no_baseline_and_no_amnesty
12.43s call     research/manuscripts/tests/test_citation_type_guard.py::test_the_guard_is_reached_by_the_gate_that_runs_in_the_commit_loop
9.84s call     research/manuscripts/tests/test_submission_citations.py::test_the_check_flag_actually_checks
9.54s call     research/manuscripts/tests/test_lint_asymmetry.py::test_strict_mode_still_fails_while_an_open_defect_stands
9.16s call     research/manuscripts/tests/test_submission_residue_guard.py::test_the_protection_is_scope_and_not_a_weak_pattern
7.24s call     research/manuscripts/tests/test_the_census_artifact_and_the_guard_corpus_are_a_pair.py::test_a_widened_guard_pattern_alone_turns_the_check_red
5.50s call     research/manuscripts/tests/test_the_deposit_does_not_restate_a_count_the_paper_owns.py::test_no_deposited_file_asserts_a_survivor_count_that_disagrees_with_the_paper
5.46s call     research/manuscripts/tests/test_the_fusion_partner_gene_identifiers_are_ones_an_artifact_names.py::test_every_gene_identifier_is_attested_by_an_artifact_or_a_citation[emc-fusion-partner-correction-register]
5.25s call     research/manuscripts/tests/test_submission_citations.py::test_every_cited_paper_has_a_retrieved_bibliographic_record
4.96s call     research/manuscripts/tests/test_lint_asymmetry.py::test_the_gate_is_green_on_the_committed_tree
4.94s call     research/manuscripts/tests/test_the_manuscripts_gene_identifiers_are_ones_an_artifact_names.py::test_every_gene_identifier_is_attested_by_an_artifact_or_a_citation[aso-citations-priorart-2026-08-08]
4.86s call     research/manuscripts/tests/test_lint_asymmetry.py::test_every_baseline_row_still_matches_something_in_the_tree
4.68s setup    research/manuscripts/tests/test_the_census_artifact_and_the_guard_corpus_are_a_pair.py::test_the_command_line_exits_non_zero_and_says_which_document_moved
4.63s call     research/manuscripts/tests/test_a_guard_that_cannot_fail_is_not_a_guard.py::test_no_test_reads_a_module_attribute_its_own_autouse_fixture_rewrote
4.61s call     research/manuscripts/tests/test_a_guard_that_cannot_fail_is_not_a_guard.py::test_no_parametrisation_collects_nothing
4.34s call     research/manuscripts/tests/test_a_guard_that_cannot_fail_is_not_a_guard.py::test_the_detector_still_fires_on_every_audited_site
3.72s setup    research/manuscripts/tests/test_the_census_artifact_and_the_guard_corpus_are_a_pair.py::test_a_perturbed_count_is_named_field_by_field
3.67s call     research/manuscripts/tests/test_figure_render_is_not_truncated.py::test_the_rendered_png_reaches_the_bottom_of_the_drawing[aso-junction-space.svg-aso-junction-space.png]
3.65s call     research/manuscripts/tests/test_the_census_reads_every_publication_endpoint.py::test_this_module_does_not_credit_itself_as_coverage_of_any_manuscript
3.62s call     research/manuscripts/tests/test_the_census_artifact_and_the_guard_corpus_are_a_pair.py::test_the_clone_left_the_working_tree_alone
3.60s call     research/manuscripts/tests/test_the_paper_states_what_its_own_claims_depend_on.py::test_claim_coverage_has_not_regressed
3.60s call     research/manuscripts/tests/test_the_census_artifact_and_the_guard_corpus_are_a_pair.py::test_check_passes_on_the_committed_artifact
1977 passed, 3 skipped, 23 warnings in 1218.47s (0:20:18)
1977 passed, 3 skipped, 23 warnings in 1218.47s (0:20:18)
   OK
== pytest (pure-logic suites nothing else runs: the selector's contract + the loop's instruments + the systems model) ==
============================= slowest 25 durations =============================
24.40s call     systems/tests/test_systems_check.py::test_every_produced_artifact_is_registered
14.57s call     systems/tests/test_systems_check.py::test_cli_check_exits_zero
14.45s call     systems/tests/test_systems_check.py::test_repo_state_is_clean
12.57s call     systems/tests/test_systems_check.py::test_an_unproduced_artifact_needs_no_registration
11.31s call     systems/tests/test_systems_check.py::test_a_paused_lane_names_what_would_restart_it
11.24s call     systems/tests/test_systems_check.py::test_every_lane_the_documents_name_is_registered
10.21s call     scripts/tests/test_affected_tests.py::test_a_changed_module_selects_the_tests_that_import_it
9.77s call     research/autonomy/tests/test_continuity_has_no_green_state_recording_can_buy.py::test_a_perfectly_recorded_backlog_with_nothing_running_fails
9.06s call     systems/tests/test_autonomy_handoff.py::test_the_json_payload_carries_the_whole_create_session_call
8.25s call     systems/tests/test_autonomy_health.py::test_the_handoff_prompt_is_generated_from_committed_state
8.08s call     research/autonomy/tests/test_out_of_ideas_a_replan_is_not_an_improvement.py::test_the_live_repository_reads_without_crashing
7.61s call     research/autonomy/tests/test_the_clause_count_is_never_typed.py::test_the_pre_filter_reaches_every_file_the_predicate_would_have
6.95s call     systems/tests/test_systems_check.py::test_lane_enumeration_actually_reaches_the_workflows
5.11s call     scripts/tests/test_a_tier_budget_is_a_decision_somebody_took.py::test_a_ceiling_is_not_so_far_above_the_count_that_it_can_never_fire
4.77s call     research/autonomy/tests/test_the_clause_count_is_never_typed.py::test_no_file_types_a_clause_count_that_disagrees_with_the_code
4.43s call     research/autonomy/tests/test_a_review_names_what_it_read.py::test_the_digest_is_stable_across_commits_that_change_nothing_it_covers
3.74s call     research/autonomy/tests/test_continuity_has_no_green_state_recording_can_buy.py::test_work_someone_started_and_did_not_finish_stays_on_the_list
3.64s call     research/autonomy/tests/test_continuity_has_no_green_state_recording_can_buy.py::test_an_undeclared_outward_looking_row_is_reported_not_hidden
3.29s call     systems/tests/test_autonomy_handoff.py::test_the_prompt_names_the_exact_receipt_field_health_py_reads
3.19s call     research/autonomy/tests/test_a_cap_no_code_reads_is_not_a_cap.py::test_clause_5_checks_the_document_at_the_sha_not_on_disk
3.14s call     scripts/tests/test_a_tier_budget_is_a_decision_somebody_took.py::test_every_tier_is_within_its_budget_today
3.12s call     scripts/tests/test_a_promise_with_no_commit_stops_the_turn.py::test_the_hook_still_fires_inside_a_linked_worktree
3.10s call     research/autonomy/tests/test_continuity_has_no_green_state_recording_can_buy.py::test_a_released_lease_stops_counting
3.08s call     research/autonomy/tests/test_a_cap_no_code_reads_is_not_a_cap.py::test_a_tree_that_is_not_the_sha_is_materialised
3.06s call     research/autonomy/tests/test_continuity_has_no_green_state_recording_can_buy.py::test_a_full_cap_is_a_real_stop_and_names_every_holder
1792 passed, 1 skipped, 1 warning, 20 subtests passed in 108.38s (0:01:48)
1792 passed, 1 skipped, 1 warning, 20 subtests passed in 108.38s (0:01:48)
   OK
== unverified-output residue in the documents that go out (model meta-comments, placeholders) ==
   lint_submission_residue: 34 outgoing document(s), 5 finding(s), 5 baselined, 0 new, 0 stale baseline row(s)
   lint_submission_residue: hallucinated references are gate 6's trigger and remain PARTIAL — 5 named gaps in UNCOVERED_BY_LINT_CITATIONS.
   OK
== the cycle contract names every receipt field the receipt-schema gate requires ==
      required by the gate, and named by the contract: `route_advanced`, `subagents`, `subagents.max_concurrent`, `ccr_session_id`, `ended_utc`
      5 required field path(s), 6 key constant(s), 7743 chars of contract read, 0 disagreement(s)
   OK
== what each test tier costs, against the budget somebody set for it ==
   ok    commit-loop             1467/1500  test function(s) in 102 file(s)
   ok    modalities              7258/7500  test function(s) in 436 file(s)
   ok    paper-guards             980/1000  test function(s) in 114 file(s)
== every route's derived ledger id is frozen, not counted ==
   83 route→id bindings, frozen and agreeing with the ledger
   OK
PINNED_SHA=a3279ce610d7eb9d2366f80eea799de9e7d1fdd8
   ⭐ selector-validation.json RE-STAMPED by this green FULL run -- commit it with your change.

PREFLIGHT OK (FULL: every gate, both suites unscoped)
EXIT=0
