PINNED_SHA=da0d73318db89729ead63029a8fb315e5b7f32a4
dev-setup: every interpreter the gates use already imports what they need — nothing to do.
-- interpreter --
   pytest: the bare `pytest` console script — ⛔ A UV TOOL IN ITS OWN ISOLATED VENV
   OK   every probed package imports
== lint_consistency ==
lint_consistency: 0 ERROR across 26 target file(s)
   OK
== systems model (invariants, pointers, view drift) ==
   OK
== EMC systems map (disputed identities, claim artifacts, view drift) ==
   OK
== claim strength (R1-R5: selectivity, efficacy, safety, window, readiness) ==
   OK
== changed prose (a qualifier dropped by an edit) ==
lint_changed_prose: 0 changed passage(s) over the working tree
   OK
== citation provenance and publication type (every prose identifier traces to a fetch or to the ledger; every claim of TYPE agrees with PubMed) ==
lint_citations: 1065 prose identifier(s), 106 unanchored, 237 in ledger (known_absent_upstream=1, unverified_at_baseline=143, verified=93)
lint_citation_types: ADVISORY (exit code unaffected) research/modalities/nr4a3-druggability-reconciliation.md:69 cites a paper PubMed types as a Retracted Publication — [PubMed: 40646688 Orphan nuclear receptor transcription factors as drug target (Transcription 2025) types=['Journal Article', 'Review', 'Research Support, N.I.H., Extramural', 'Retracted Publication'] doi=https://doi.org/10.1080/21541264.2025.2521766]
lint_citation_types: 22 type claim(s) checked against 13 cached record(s), 0 error(s), 1 retraction advisory(ies)
   OK
== manuscript prose style (journal register, not repository register) ==
   OK
== readability screen (ADVISORY: where to look, not whether the prose is good) ==
   document                                             sent  mean  p90  max  >60w  FKGL  caution/1kw
   response-endpoint-indolent-tumours.md                 320  18.8   35   53     0  11.4         12.3
   emc-mtap-prmt5-hypothesis.md                          270  21.7   38   69     1  12.5         12.8
   emc-mtap-prmt5-hypothesis-SI.md                        88  22.8   38  134     1  11.9         10.0
   emc-atr-collaborator-package.md                       216  19.5   38   66     1  11.7          8.3
   repurposing-hypotheses.md                             264  20.8   37   64     1  14.7          8.2
   emc-surface-target-landscape.md                       299  21.3   38   80     2  13.4          8.2
   emc-surface-target-landscape-si.md                    160  18.3   35   49     0  12.2         12.3
   fusion-junction-aso-supplementary-information.md       98  22.6   45  103     3  12.0          7.7
   fusion-junction-aso-journal-article.md                180  23.9   44   54     0  13.0          9.3
   fusion-junction-aso-journal-tables.md                  11  24.3   37   62     1  13.8         11.2
   fusion-junction-aso-journal-references.md              74  15.5   25   82     2  11.1          0.9
   emc-vaccine-development-path.md                       695  24.4   45  108    18  13.2         11.5
   
   ⚠ This is a SCREEN. It says where to look. Whether the prose is good is decided by reading it — see the `scientific-writing` skill.
== parser guard (every registered parser can still find its input) ==
   OK
== validate (EMC clinical registry evidence contract) ==
   OK
== generated deposit artifacts reproduce from their generators ==
   OK   submission tables
   OK   submission references
   OK   submission metrics
   OK   canonical sequence file
   OK   journal article tables
   OK   offtarget duplex energy
   OK   submission packet
   OK   vaccine-path manuscript tables
   OK   archive manifest
   OK   condensate CALVADOS findings
   OK   ATR HRD sarcoma series
   OK   single-slot artifact identity
   OK   instrument census
   OK   reopening-trigger registry join
   OK   literature citation debt
   OK   news-match queue
== cycle receipts record the fan-out width the cap is checked against ==
      pre-schema (< CYC-0023), width not readable by the cap check, grandfathered: CYC-0000-BOOTSTRAP ((no width recorded)), CYC-0001 ((no width recorded)), CYC-0002 ((no width recorded)), CYC-0003 ((no width recorded)), CYC-0005 ((no width recorded)), CYC-0007 ((no width recorded)), CYC-0009 ((no width recorded)), CYC-0011 (concurrent_max/dispatched), CYC-0012 (concurrent_max/dispatched), CYC-0013 (concurrent_max/dispatched), CYC-0014 (concurrent_max/dispatched), CYC-0015 ((no width recorded)), CYC-0016 (concurrent_max/dispatched), CYC-0018 (dispatched), CYC-0019 (concurrent_max/dispatched), CYC-0020 (launched), CYC-0021 (launched), CYC-0022 (launched)
      87 governed receipt(s), 0 failure(s), 0 unreadable
   OK
== pytest (modalities: FULL, PREFLIGHT_FULL=1) ==
8176 passed, 50 skipped, 25 warnings in 670.37s (0:11:10)
   OK (0 failure(s), every one named in the sandbox baseline as dep-related;
       0 module(s) could not be imported here and are counted separately)
== pytest (manuscripts: endpoints, systems map, pooling, submission citations) ==
1565 passed, 3 skipped, 2 xfailed, 15 warnings in 2825.33s (0:47:05)
   OK
== pytest (pure-logic suites nothing else runs: the selector's contract + the loop's instruments) ==
846 passed in 644.94s (0:10:44)
   OK
== unverified-output residue in the documents that go out (model meta-comments, placeholders) ==
   lint_submission_residue: 39 outgoing document(s), 15 finding(s), 15 baselined, 0 new, 0 stale baseline row(s)
   lint_submission_residue: hallucinated references are gate 6's trigger and remain PARTIAL — 5 named gaps in UNCOVERED_BY_LINT_CITATIONS.
   OK
== the cycle contract names every receipt field the receipt-schema gate requires ==
      required by the gate, and named by the contract: `route_advanced`, `subagents`, `subagents.max_concurrent`, `ccr_session_id`
      4 required field path(s), 5 key constant(s), 6093 chars of contract read, 0 disagreement(s)
   OK

PREFLIGHT OK (FULL: every gate, both suites unscoped)
EXIT=0
